#
# There is insufficient memory for the Java Runtime Environment to continue.
# Native memory allocation (mmap) failed to map 65536 bytes for Failed to commit metaspace.
# Possible reasons:
#   The system is out of physical RAM or swap space
#   The process is running with CompressedOops enabled, and the Java Heap may be blocking the growth of the native heap
# Possible solutions:
#   Reduce memory load on the system
#   Increase physical memory or swap space
#   Check if swap backing store is full
#   Decrease Java heap size (-Xmx/-Xms)
#   Decrease number of Java threads
#   Decrease Java thread stack sizes (-Xss)
#   Set larger code cache with -XX:ReservedCodeCacheSize=
#   JVM is running with Unscaled Compressed Oops mode in which the Java heap is
#     placed in the first 4GB address space. The Java Heap base address is the
#     maximum limit for the native heap growth. Please use -XX:HeapBaseMinAddress
#     to set the Java Heap base and to place the Java Heap above 4GB virtual address.
# This output file may be truncated or incomplete.
#
#  Out of Memory Error (virtualSpaceNode.cpp:112), pid=16648, tid=14560
#
# JRE version: Java(TM) SE Runtime Environment (21.0.7+8) (build 21.0.7+8-LTS-245)
# Java VM: Java HotSpot(TM) 64-Bit Server VM (21.0.7+8-LTS-245, mixed mode, sharing, tiered, compressed oops, compressed class ptrs, g1 gc, windows-amd64)
# No core dump will be written. Minidumps are not enabled by default on client versions of Windows
#

---------------  S U M M A R Y ------------

Command Line: -Dfile.encoding=UTF-8 -Ddb2.jcc.charsetDecoderEncoder=3 com.ibm.db2.server.DssLauncher 3000 off c:\Users\Isuru\AppData\Roaming\Code\logs\20250807T090056\window2\exthost\IBM.db2forzosdeveloperextension -Xmx256M

Host: 11th Gen Intel(R) Core(TM) i3-1115G4 @ 3.00GHz, 4 cores, 7G,  Windows 11 , 64 bit Build 26100 (10.0.26100.4484)
Time: Thu Aug  7 09:09:13 2025 Sri Lanka Standard Time elapsed time: 0.291223 seconds (0d 0h 0m 0s)

---------------  T H R E A D  ---------------

Current thread (0x00000237ef821510):  JavaThread "main"             [_thread_in_vm, id=14560, stack(0x0000008375b00000,0x0000008375c00000) (1024K)]

Stack: [0x0000008375b00000,0x0000008375c00000]
Native frames: (J=compiled Java code, j=interpreted, Vv=VM code, C=native code)
V  [jvm.dll+0x6cae19]
V  [jvm.dll+0x855741]
V  [jvm.dll+0x857c6e]
V  [jvm.dll+0x858343]
V  [jvm.dll+0x27e0b6]
V  [jvm.dll+0x85135e]
V  [jvm.dll+0x66ea55]
V  [jvm.dll+0x1e410c]
V  [jvm.dll+0x1e3ede]
V  [jvm.dll+0x671383]
V  [jvm.dll+0x6711a2]
V  [jvm.dll+0x66f42e]
V  [jvm.dll+0x26850f]
V  [jvm.dll+0x6797a5]
V  [jvm.dll+0x214ea1]
V  [jvm.dll+0x21532a]
V  [jvm.dll+0x215d51]
V  [jvm.dll+0x20b1ee]
V  [jvm.dll+0x5ad9cc]
V  [jvm.dll+0x7cf846]
V  [jvm.dll+0x471336]
V  [jvm.dll+0x4771b8]
C  [java.dll+0x17ec]

Java frames: (J=compiled Java code, j=interpreted, Vv=VM code)
j  java.lang.ClassLoader.defineClass1(Ljava/lang/ClassLoader;Ljava/lang/String;[BIILjava/security/ProtectionDomain;Ljava/lang/String;)Ljava/lang/Class;+0 java.base@21.0.7
j  java.lang.ClassLoader.defineClass(Ljava/lang/String;[BIILjava/security/ProtectionDomain;)Ljava/lang/Class;+27 java.base@21.0.7
j  java.security.SecureClassLoader.defineClass(Ljava/lang/String;[BIILjava/security/CodeSource;)Ljava/lang/Class;+12 java.base@21.0.7
j  jdk.internal.loader.BuiltinClassLoader.defineClass(Ljava/lang/String;Ljdk/internal/loader/Resource;)Ljava/lang/Class;+117 java.base@21.0.7
j  jdk.internal.loader.BuiltinClassLoader.findClassOnClassPathOrNull(Ljava/lang/String;)Ljava/lang/Class;+37 java.base@21.0.7
j  jdk.internal.loader.BuiltinClassLoader.loadClassOrNull(Ljava/lang/String;Z)Ljava/lang/Class;+111 java.base@21.0.7
j  jdk.internal.loader.BuiltinClassLoader.loadClass(Ljava/lang/String;Z)Ljava/lang/Class;+3 java.base@21.0.7
j  jdk.internal.loader.ClassLoaders$AppClassLoader.loadClass(Ljava/lang/String;Z)Ljava/lang/Class;+36 java.base@21.0.7
j  java.lang.ClassLoader.loadClass(Ljava/lang/String;)Ljava/lang/Class;+3 java.base@21.0.7
v  ~StubRoutines::call_stub 0x00000237875310e7
j  org.apache.logging.log4j.core.config.builder.api.ConfigurationBuilderFactory.newConfigurationBuilder()Lorg/apache/logging/log4j/core/config/builder/api/ConfigurationBuilder;+0
j  com.ibm.db2.util.Logger.initialize(Lorg/apache/logging/log4j/Level;Ljava/lang/String;)V+0
j  com.ibm.db2.server.DssLauncher.main([Ljava/lang/String;)V+28
v  ~StubRoutines::call_stub 0x00000237875310e7

---------------  P R O C E S S  ---------------

Threads class SMR info:
_java_thread_list=0x00000237fecd0520, length=11, elements={
0x00000237ef821510, 0x00000237fea01810, 0x00000237fea02610, 0x00000237fea07d60,
0x00000237fea0b0d0, 0x00000237fea08f50, 0x00000237fea099a0, 0x00000237fea0a720,
0x00000237fea3eed0, 0x00000237fec9f5b0, 0x00000237fecda370
}

Java Threads: ( => current thread )
=>0x00000237ef821510 JavaThread "main"                              [_thread_in_vm, id=14560, stack(0x0000008375b00000,0x0000008375c00000) (1024K)]
  0x00000237fea01810 JavaThread "Reference Handler"          daemon [_thread_blocked, id=20200, stack(0x0000008376300000,0x0000008376400000) (1024K)]
  0x00000237fea02610 JavaThread "Finalizer"                  daemon [_thread_blocked, id=20052, stack(0x0000008376400000,0x0000008376500000) (1024K)]
  0x00000237fea07d60 JavaThread "Signal Dispatcher"          daemon [_thread_blocked, id=14704, stack(0x0000008376500000,0x0000008376600000) (1024K)]
  0x00000237fea0b0d0 JavaThread "Attach Listener"            daemon [_thread_blocked, id=10284, stack(0x0000008376600000,0x0000008376700000) (1024K)]
  0x00000237fea08f50 JavaThread "Service Thread"             daemon [_thread_blocked, id=20240, stack(0x0000008376700000,0x0000008376800000) (1024K)]
  0x00000237fea099a0 JavaThread "Monitor Deflation Thread"   daemon [_thread_blocked, id=19540, stack(0x0000008376800000,0x0000008376900000) (1024K)]
  0x00000237fea0a720 JavaThread "C2 CompilerThread0"         daemon [_thread_blocked, id=19088, stack(0x0000008376900000,0x0000008376a00000) (1024K)]
  0x00000237fea3eed0 JavaThread "C1 CompilerThread0"         daemon [_thread_blocked, id=6088, stack(0x0000008376a00000,0x0000008376b00000) (1024K)]
  0x00000237fec9f5b0 JavaThread "Notification Thread"        daemon [_thread_blocked, id=18700, stack(0x0000008376b00000,0x0000008376c00000) (1024K)]
  0x00000237fecda370 JavaThread "Common-Cleaner"             daemon [_thread_blocked, id=9100, stack(0x0000008376c00000,0x0000008376d00000) (1024K)]
Total: 11

Other Threads:
  0x00000237fe9e3720 VMThread "VM Thread"                           [id=8832, stack(0x0000008376200000,0x0000008376300000) (1024K)]
  0x00000237fe9d1190 WatcherThread "VM Periodic Task Thread"        [id=9200, stack(0x0000008376100000,0x0000008376200000) (1024K)]
  0x00000237f19ed120 WorkerThread "GC Thread#0"                     [id=8156, stack(0x0000008375c00000,0x0000008375d00000) (1024K)]
  0x00000237f19fd950 ConcurrentGCThread "G1 Main Marker"            [id=6828, stack(0x0000008375d00000,0x0000008375e00000) (1024K)]
  0x00000237f19fe360 WorkerThread "G1 Conc#0"                       [id=5908, stack(0x0000008375e00000,0x0000008375f00000) (1024K)]
  0x00000237f1a5e990 ConcurrentGCThread "G1 Refine#0"               [id=19912, stack(0x0000008375f00000,0x0000008376000000) (1024K)]
  0x00000237fe89b410 ConcurrentGCThread "G1 Service"                [id=11540, stack(0x0000008376000000,0x0000008376100000) (1024K)]
Total: 7

Threads with active compile tasks:
Total: 0

VM state: not at safepoint (normal execution)

VM Mutex/Monitor currently owned by a thread:  ([mutex/lock_event])
[0x00007ffcae98be50] Metaspace_lock - owner thread: 0x00000237ef821510

Heap address: 0x0000000083600000, size: 1994 MB, Compressed Oops mode: 32-bit

CDS archive(s) mapped at: [0x000002378f000000-0x000002378fc90000-0x000002378fc90000), size 13172736, SharedBaseAddress: 0x000002378f000000, ArchiveRelocationMode: 1.
Compressed class space mapped at: 0x0000023790000000-0x00000237d0000000, reserved size: 1073741824
Narrow klass base: 0x000002378f000000, Narrow klass shift: 0, Narrow klass range: 0x100000000

GC Precious Log:
 CardTable entry size: 512
 Card Set container configuration: InlinePtr #cards 5 size 8 Array Of Cards #cards 12 size 40 Howl #buckets 4 coarsen threshold 1843 Howl Bitmap #cards 512 size 80 coarsen threshold 460 Card regions per heap region 1 cards per card region 2048
 CPUs: 4 total, 4 available
 Memory: 7971M
 Large Page Support: Disabled
 NUMA Support: Disabled
 Compressed Oops: Enabled (32-bit)
 Heap Region Size: 1M
 Heap Min Capacity: 8M
 Heap Initial Capacity: 126M
 Heap Max Capacity: 1994M
 Pre-touch: Disabled
 Parallel Workers: 4
 Concurrent Workers: 1
 Concurrent Refinement Workers: 4
 Periodic GC: Disabled

Heap:
 garbage-first heap   total 129024K, used 3072K [0x0000000083600000, 0x0000000100000000)
  region size 1024K, 3 young (3072K), 0 survivors (0K)
 Metaspace       used 708K, committed 832K, reserved 1114112K
  class space    used 54K, committed 128K, reserved 1048576K

Heap Regions: E=young(eden), S=young(survivor), O=old, HS=humongous(starts), HC=humongous(continues), CS=collection set, F=free, TAMS=top-at-mark-start, PB=parsable bottom
|   0|0x0000000083600000, 0x0000000083700000, 0x0000000083700000|100%|HS|  |TAMS 0x0000000083600000| PB 0x0000000083600000| Complete 
|   1|0x0000000083700000, 0x0000000083700000, 0x0000000083800000|  0%| F|  |TAMS 0x0000000083700000| PB 0x0000000083700000| Untracked 
|   2|0x0000000083800000, 0x0000000083800000, 0x0000000083900000|  0%| F|  |TAMS 0x0000000083800000| PB 0x0000000083800000| Untracked 
|   3|0x0000000083900000, 0x0000000083900000, 0x0000000083a00000|  0%| F|  |TAMS 0x0000000083900000| PB 0x0000000083900000| Untracked 
|   4|0x0000000083a00000, 0x0000000083a00000, 0x0000000083b00000|  0%| F|  |TAMS 0x0000000083a00000| PB 0x0000000083a00000| Untracked 
|   5|0x0000000083b00000, 0x0000000083b00000, 0x0000000083c00000|  0%| F|  |TAMS 0x0000000083b00000| PB 0x0000000083b00000| Untracked 
|   6|0x0000000083c00000, 0x0000000083c00000, 0x0000000083d00000|  0%| F|  |TAMS 0x0000000083c00000| PB 0x0000000083c00000| Untracked 
|   7|0x0000000083d00000, 0x0000000083d00000, 0x0000000083e00000|  0%| F|  |TAMS 0x0000000083d00000| PB 0x0000000083d00000| Untracked 
|   8|0x0000000083e00000, 0x0000000083e00000, 0x0000000083f00000|  0%| F|  |TAMS 0x0000000083e00000| PB 0x0000000083e00000| Untracked 
|   9|0x0000000083f00000, 0x0000000083f00000, 0x0000000084000000|  0%| F|  |TAMS 0x0000000083f00000| PB 0x0000000083f00000| Untracked 
|  10|0x0000000084000000, 0x0000000084000000, 0x0000000084100000|  0%| F|  |TAMS 0x0000000084000000| PB 0x0000000084000000| Untracked 
|  11|0x0000000084100000, 0x0000000084100000, 0x0000000084200000|  0%| F|  |TAMS 0x0000000084100000| PB 0x0000000084100000| Untracked 
|  12|0x0000000084200000, 0x0000000084200000, 0x0000000084300000|  0%| F|  |TAMS 0x0000000084200000| PB 0x0000000084200000| Untracked 
|  13|0x0000000084300000, 0x0000000084300000, 0x0000000084400000|  0%| F|  |TAMS 0x0000000084300000| PB 0x0000000084300000| Untracked 
|  14|0x0000000084400000, 0x0000000084400000, 0x0000000084500000|  0%| F|  |TAMS 0x0000000084400000| PB 0x0000000084400000| Untracked 
|  15|0x0000000084500000, 0x0000000084500000, 0x0000000084600000|  0%| F|  |TAMS 0x0000000084500000| PB 0x0000000084500000| Untracked 
|  16|0x0000000084600000, 0x0000000084600000, 0x0000000084700000|  0%| F|  |TAMS 0x0000000084600000| PB 0x0000000084600000| Untracked 
|  17|0x0000000084700000, 0x0000000084700000, 0x0000000084800000|  0%| F|  |TAMS 0x0000000084700000| PB 0x0000000084700000| Untracked 
|  18|0x0000000084800000, 0x0000000084800000, 0x0000000084900000|  0%| F|  |TAMS 0x0000000084800000| PB 0x0000000084800000| Untracked 
|  19|0x0000000084900000, 0x0000000084900000, 0x0000000084a00000|  0%| F|  |TAMS 0x0000000084900000| PB 0x0000000084900000| Untracked 
|  20|0x0000000084a00000, 0x0000000084a00000, 0x0000000084b00000|  0%| F|  |TAMS 0x0000000084a00000| PB 0x0000000084a00000| Untracked 
|  21|0x0000000084b00000, 0x0000000084b00000, 0x0000000084c00000|  0%| F|  |TAMS 0x0000000084b00000| PB 0x0000000084b00000| Untracked 
|  22|0x0000000084c00000, 0x0000000084c00000, 0x0000000084d00000|  0%| F|  |TAMS 0x0000000084c00000| PB 0x0000000084c00000| Untracked 
|  23|0x0000000084d00000, 0x0000000084d00000, 0x0000000084e00000|  0%| F|  |TAMS 0x0000000084d00000| PB 0x0000000084d00000| Untracked 
|  24|0x0000000084e00000, 0x0000000084e00000, 0x0000000084f00000|  0%| F|  |TAMS 0x0000000084e00000| PB 0x0000000084e00000| Untracked 
|  25|0x0000000084f00000, 0x0000000084f00000, 0x0000000085000000|  0%| F|  |TAMS 0x0000000084f00000| PB 0x0000000084f00000| Untracked 
|  26|0x0000000085000000, 0x0000000085000000, 0x0000000085100000|  0%| F|  |TAMS 0x0000000085000000| PB 0x0000000085000000| Untracked 
|  27|0x0000000085100000, 0x0000000085100000, 0x0000000085200000|  0%| F|  |TAMS 0x0000000085100000| PB 0x0000000085100000| Untracked 
|  28|0x0000000085200000, 0x0000000085200000, 0x0000000085300000|  0%| F|  |TAMS 0x0000000085200000| PB 0x0000000085200000| Untracked 
|  29|0x0000000085300000, 0x0000000085300000, 0x0000000085400000|  0%| F|  |TAMS 0x0000000085300000| PB 0x0000000085300000| Untracked 
|  30|0x0000000085400000, 0x0000000085400000, 0x0000000085500000|  0%| F|  |TAMS 0x0000000085400000| PB 0x0000000085400000| Untracked 
|  31|0x0000000085500000, 0x0000000085500000, 0x0000000085600000|  0%| F|  |TAMS 0x0000000085500000| PB 0x0000000085500000| Untracked 
|  32|0x0000000085600000, 0x0000000085600000, 0x0000000085700000|  0%| F|  |TAMS 0x0000000085600000| PB 0x0000000085600000| Untracked 
|  33|0x0000000085700000, 0x0000000085700000, 0x0000000085800000|  0%| F|  |TAMS 0x0000000085700000| PB 0x0000000085700000| Untracked 
|  34|0x0000000085800000, 0x0000000085800000, 0x0000000085900000|  0%| F|  |TAMS 0x0000000085800000| PB 0x0000000085800000| Untracked 
|  35|0x0000000085900000, 0x0000000085900000, 0x0000000085a00000|  0%| F|  |TAMS 0x0000000085900000| PB 0x0000000085900000| Untracked 
|  36|0x0000000085a00000, 0x0000000085a00000, 0x0000000085b00000|  0%| F|  |TAMS 0x0000000085a00000| PB 0x0000000085a00000| Untracked 
|  37|0x0000000085b00000, 0x0000000085b00000, 0x0000000085c00000|  0%| F|  |TAMS 0x0000000085b00000| PB 0x0000000085b00000| Untracked 
|  38|0x0000000085c00000, 0x0000000085c00000, 0x0000000085d00000|  0%| F|  |TAMS 0x0000000085c00000| PB 0x0000000085c00000| Untracked 
|  39|0x0000000085d00000, 0x0000000085d00000, 0x0000000085e00000|  0%| F|  |TAMS 0x0000000085d00000| PB 0x0000000085d00000| Untracked 
|  40|0x0000000085e00000, 0x0000000085e00000, 0x0000000085f00000|  0%| F|  |TAMS 0x0000000085e00000| PB 0x0000000085e00000| Untracked 
|  41|0x0000000085f00000, 0x0000000085f00000, 0x0000000086000000|  0%| F|  |TAMS 0x0000000085f00000| PB 0x0000000085f00000| Untracked 
|  42|0x0000000086000000, 0x0000000086000000, 0x0000000086100000|  0%| F|  |TAMS 0x0000000086000000| PB 0x0000000086000000| Untracked 
|  43|0x0000000086100000, 0x0000000086100000, 0x0000000086200000|  0%| F|  |TAMS 0x0000000086100000| PB 0x0000000086100000| Untracked 
|  44|0x0000000086200000, 0x0000000086200000, 0x0000000086300000|  0%| F|  |TAMS 0x0000000086200000| PB 0x0000000086200000| Untracked 
|  45|0x0000000086300000, 0x0000000086300000, 0x0000000086400000|  0%| F|  |TAMS 0x0000000086300000| PB 0x0000000086300000| Untracked 
|  46|0x0000000086400000, 0x0000000086400000, 0x0000000086500000|  0%| F|  |TAMS 0x0000000086400000| PB 0x0000000086400000| Untracked 
|  47|0x0000000086500000, 0x0000000086500000, 0x0000000086600000|  0%| F|  |TAMS 0x0000000086500000| PB 0x0000000086500000| Untracked 
|  48|0x0000000086600000, 0x0000000086600000, 0x0000000086700000|  0%| F|  |TAMS 0x0000000086600000| PB 0x0000000086600000| Untracked 
|  49|0x0000000086700000, 0x0000000086700000, 0x0000000086800000|  0%| F|  |TAMS 0x0000000086700000| PB 0x0000000086700000| Untracked 
|  50|0x0000000086800000, 0x0000000086800000, 0x0000000086900000|  0%| F|  |TAMS 0x0000000086800000| PB 0x0000000086800000| Untracked 
|  51|0x0000000086900000, 0x0000000086900000, 0x0000000086a00000|  0%| F|  |TAMS 0x0000000086900000| PB 0x0000000086900000| Untracked 
|  52|0x0000000086a00000, 0x0000000086a00000, 0x0000000086b00000|  0%| F|  |TAMS 0x0000000086a00000| PB 0x0000000086a00000| Untracked 
|  53|0x0000000086b00000, 0x0000000086b00000, 0x0000000086c00000|  0%| F|  |TAMS 0x0000000086b00000| PB 0x0000000086b00000| Untracked 
|  54|0x0000000086c00000, 0x0000000086c00000, 0x0000000086d00000|  0%| F|  |TAMS 0x0000000086c00000| PB 0x0000000086c00000| Untracked 
|  55|0x0000000086d00000, 0x0000000086d00000, 0x0000000086e00000|  0%| F|  |TAMS 0x0000000086d00000| PB 0x0000000086d00000| Untracked 
|  56|0x0000000086e00000, 0x0000000086e00000, 0x0000000086f00000|  0%| F|  |TAMS 0x0000000086e00000| PB 0x0000000086e00000| Untracked 
|  57|0x0000000086f00000, 0x0000000086f00000, 0x0000000087000000|  0%| F|  |TAMS 0x0000000086f00000| PB 0x0000000086f00000| Untracked 
|  58|0x0000000087000000, 0x0000000087000000, 0x0000000087100000|  0%| F|  |TAMS 0x0000000087000000| PB 0x0000000087000000| Untracked 
|  59|0x0000000087100000, 0x0000000087100000, 0x0000000087200000|  0%| F|  |TAMS 0x0000000087100000| PB 0x0000000087100000| Untracked 
|  60|0x0000000087200000, 0x0000000087200000, 0x0000000087300000|  0%| F|  |TAMS 0x0000000087200000| PB 0x0000000087200000| Untracked 
|  61|0x0000000087300000, 0x0000000087300000, 0x0000000087400000|  0%| F|  |TAMS 0x0000000087300000| PB 0x0000000087300000| Untracked 
|  62|0x0000000087400000, 0x0000000087400000, 0x0000000087500000|  0%| F|  |TAMS 0x0000000087400000| PB 0x0000000087400000| Untracked 
|  63|0x0000000087500000, 0x0000000087500000, 0x0000000087600000|  0%| F|  |TAMS 0x0000000087500000| PB 0x0000000087500000| Untracked 
|  64|0x0000000087600000, 0x0000000087600000, 0x0000000087700000|  0%| F|  |TAMS 0x0000000087600000| PB 0x0000000087600000| Untracked 
|  65|0x0000000087700000, 0x0000000087700000, 0x0000000087800000|  0%| F|  |TAMS 0x0000000087700000| PB 0x0000000087700000| Untracked 
|  66|0x0000000087800000, 0x0000000087800000, 0x0000000087900000|  0%| F|  |TAMS 0x0000000087800000| PB 0x0000000087800000| Untracked 
|  67|0x0000000087900000, 0x0000000087900000, 0x0000000087a00000|  0%| F|  |TAMS 0x0000000087900000| PB 0x0000000087900000| Untracked 
|  68|0x0000000087a00000, 0x0000000087a00000, 0x0000000087b00000|  0%| F|  |TAMS 0x0000000087a00000| PB 0x0000000087a00000| Untracked 
|  69|0x0000000087b00000, 0x0000000087b00000, 0x0000000087c00000|  0%| F|  |TAMS 0x0000000087b00000| PB 0x0000000087b00000| Untracked 
|  70|0x0000000087c00000, 0x0000000087c00000, 0x0000000087d00000|  0%| F|  |TAMS 0x0000000087c00000| PB 0x0000000087c00000| Untracked 
|  71|0x0000000087d00000, 0x0000000087d00000, 0x0000000087e00000|  0%| F|  |TAMS 0x0000000087d00000| PB 0x0000000087d00000| Untracked 
|  72|0x0000000087e00000, 0x0000000087e00000, 0x0000000087f00000|  0%| F|  |TAMS 0x0000000087e00000| PB 0x0000000087e00000| Untracked 
|  73|0x0000000087f00000, 0x0000000087f00000, 0x0000000088000000|  0%| F|  |TAMS 0x0000000087f00000| PB 0x0000000087f00000| Untracked 
|  74|0x0000000088000000, 0x0000000088000000, 0x0000000088100000|  0%| F|  |TAMS 0x0000000088000000| PB 0x0000000088000000| Untracked 
|  75|0x0000000088100000, 0x0000000088100000, 0x0000000088200000|  0%| F|  |TAMS 0x0000000088100000| PB 0x0000000088100000| Untracked 
|  76|0x0000000088200000, 0x0000000088200000, 0x0000000088300000|  0%| F|  |TAMS 0x0000000088200000| PB 0x0000000088200000| Untracked 
|  77|0x0000000088300000, 0x0000000088300000, 0x0000000088400000|  0%| F|  |TAMS 0x0000000088300000| PB 0x0000000088300000| Untracked 
|  78|0x0000000088400000, 0x0000000088400000, 0x0000000088500000|  0%| F|  |TAMS 0x0000000088400000| PB 0x0000000088400000| Untracked 
|  79|0x0000000088500000, 0x0000000088500000, 0x0000000088600000|  0%| F|  |TAMS 0x0000000088500000| PB 0x0000000088500000| Untracked 
|  80|0x0000000088600000, 0x0000000088600000, 0x0000000088700000|  0%| F|  |TAMS 0x0000000088600000| PB 0x0000000088600000| Untracked 
|  81|0x0000000088700000, 0x0000000088700000, 0x0000000088800000|  0%| F|  |TAMS 0x0000000088700000| PB 0x0000000088700000| Untracked 
|  82|0x0000000088800000, 0x0000000088800000, 0x0000000088900000|  0%| F|  |TAMS 0x0000000088800000| PB 0x0000000088800000| Untracked 
|  83|0x0000000088900000, 0x0000000088900000, 0x0000000088a00000|  0%| F|  |TAMS 0x0000000088900000| PB 0x0000000088900000| Untracked 
|  84|0x0000000088a00000, 0x0000000088a00000, 0x0000000088b00000|  0%| F|  |TAMS 0x0000000088a00000| PB 0x0000000088a00000| Untracked 
|  85|0x0000000088b00000, 0x0000000088b00000, 0x0000000088c00000|  0%| F|  |TAMS 0x0000000088b00000| PB 0x0000000088b00000| Untracked 
|  86|0x0000000088c00000, 0x0000000088c00000, 0x0000000088d00000|  0%| F|  |TAMS 0x0000000088c00000| PB 0x0000000088c00000| Untracked 
|  87|0x0000000088d00000, 0x0000000088d00000, 0x0000000088e00000|  0%| F|  |TAMS 0x0000000088d00000| PB 0x0000000088d00000| Untracked 
|  88|0x0000000088e00000, 0x0000000088e00000, 0x0000000088f00000|  0%| F|  |TAMS 0x0000000088e00000| PB 0x0000000088e00000| Untracked 
|  89|0x0000000088f00000, 0x0000000088f00000, 0x0000000089000000|  0%| F|  |TAMS 0x0000000088f00000| PB 0x0000000088f00000| Untracked 
|  90|0x0000000089000000, 0x0000000089000000, 0x0000000089100000|  0%| F|  |TAMS 0x0000000089000000| PB 0x0000000089000000| Untracked 
|  91|0x0000000089100000, 0x0000000089100000, 0x0000000089200000|  0%| F|  |TAMS 0x0000000089100000| PB 0x0000000089100000| Untracked 
|  92|0x0000000089200000, 0x0000000089200000, 0x0000000089300000|  0%| F|  |TAMS 0x0000000089200000| PB 0x0000000089200000| Untracked 
|  93|0x0000000089300000, 0x0000000089300000, 0x0000000089400000|  0%| F|  |TAMS 0x0000000089300000| PB 0x0000000089300000| Untracked 
|  94|0x0000000089400000, 0x0000000089400000, 0x0000000089500000|  0%| F|  |TAMS 0x0000000089400000| PB 0x0000000089400000| Untracked 
|  95|0x0000000089500000, 0x0000000089500000, 0x0000000089600000|  0%| F|  |TAMS 0x0000000089500000| PB 0x0000000089500000| Untracked 
|  96|0x0000000089600000, 0x0000000089600000, 0x0000000089700000|  0%| F|  |TAMS 0x0000000089600000| PB 0x0000000089600000| Untracked 
|  97|0x0000000089700000, 0x0000000089700000, 0x0000000089800000|  0%| F|  |TAMS 0x0000000089700000| PB 0x0000000089700000| Untracked 
|  98|0x0000000089800000, 0x0000000089800000, 0x0000000089900000|  0%| F|  |TAMS 0x0000000089800000| PB 0x0000000089800000| Untracked 
|  99|0x0000000089900000, 0x0000000089900000, 0x0000000089a00000|  0%| F|  |TAMS 0x0000000089900000| PB 0x0000000089900000| Untracked 
| 100|0x0000000089a00000, 0x0000000089a00000, 0x0000000089b00000|  0%| F|  |TAMS 0x0000000089a00000| PB 0x0000000089a00000| Untracked 
| 101|0x0000000089b00000, 0x0000000089b00000, 0x0000000089c00000|  0%| F|  |TAMS 0x0000000089b00000| PB 0x0000000089b00000| Untracked 
| 102|0x0000000089c00000, 0x0000000089c00000, 0x0000000089d00000|  0%| F|  |TAMS 0x0000000089c00000| PB 0x0000000089c00000| Untracked 
| 103|0x0000000089d00000, 0x0000000089d00000, 0x0000000089e00000|  0%| F|  |TAMS 0x0000000089d00000| PB 0x0000000089d00000| Untracked 
| 104|0x0000000089e00000, 0x0000000089e00000, 0x0000000089f00000|  0%| F|  |TAMS 0x0000000089e00000| PB 0x0000000089e00000| Untracked 
| 105|0x0000000089f00000, 0x0000000089f00000, 0x000000008a000000|  0%| F|  |TAMS 0x0000000089f00000| PB 0x0000000089f00000| Untracked 
| 106|0x000000008a000000, 0x000000008a000000, 0x000000008a100000|  0%| F|  |TAMS 0x000000008a000000| PB 0x000000008a000000| Untracked 
| 107|0x000000008a100000, 0x000000008a100000, 0x000000008a200000|  0%| F|  |TAMS 0x000000008a100000| PB 0x000000008a100000| Untracked 
| 108|0x000000008a200000, 0x000000008a200000, 0x000000008a300000|  0%| F|  |TAMS 0x000000008a200000| PB 0x000000008a200000| Untracked 
| 109|0x000000008a300000, 0x000000008a300000, 0x000000008a400000|  0%| F|  |TAMS 0x000000008a300000| PB 0x000000008a300000| Untracked 
| 110|0x000000008a400000, 0x000000008a400000, 0x000000008a500000|  0%| F|  |TAMS 0x000000008a400000| PB 0x000000008a400000| Untracked 
| 111|0x000000008a500000, 0x000000008a500000, 0x000000008a600000|  0%| F|  |TAMS 0x000000008a500000| PB 0x000000008a500000| Untracked 
| 112|0x000000008a600000, 0x000000008a600000, 0x000000008a700000|  0%| F|  |TAMS 0x000000008a600000| PB 0x000000008a600000| Untracked 
| 113|0x000000008a700000, 0x000000008a700000, 0x000000008a800000|  0%| F|  |TAMS 0x000000008a700000| PB 0x000000008a700000| Untracked 
| 114|0x000000008a800000, 0x000000008a800000, 0x000000008a900000|  0%| F|  |TAMS 0x000000008a800000| PB 0x000000008a800000| Untracked 
| 115|0x000000008a900000, 0x000000008a900000, 0x000000008aa00000|  0%| F|  |TAMS 0x000000008a900000| PB 0x000000008a900000| Untracked 
| 116|0x000000008aa00000, 0x000000008aa00000, 0x000000008ab00000|  0%| F|  |TAMS 0x000000008aa00000| PB 0x000000008aa00000| Untracked 
| 117|0x000000008ab00000, 0x000000008ab00000, 0x000000008ac00000|  0%| F|  |TAMS 0x000000008ab00000| PB 0x000000008ab00000| Untracked 
| 118|0x000000008ac00000, 0x000000008ac00000, 0x000000008ad00000|  0%| F|  |TAMS 0x000000008ac00000| PB 0x000000008ac00000| Untracked 
| 119|0x000000008ad00000, 0x000000008ad00000, 0x000000008ae00000|  0%| F|  |TAMS 0x000000008ad00000| PB 0x000000008ad00000| Untracked 
| 120|0x000000008ae00000, 0x000000008ae00000, 0x000000008af00000|  0%| F|  |TAMS 0x000000008ae00000| PB 0x000000008ae00000| Untracked 
| 121|0x000000008af00000, 0x000000008af00000, 0x000000008b000000|  0%| F|  |TAMS 0x000000008af00000| PB 0x000000008af00000| Untracked 
| 122|0x000000008b000000, 0x000000008b000000, 0x000000008b100000|  0%| F|  |TAMS 0x000000008b000000| PB 0x000000008b000000| Untracked 
| 123|0x000000008b100000, 0x000000008b200000, 0x000000008b200000|100%| E|  |TAMS 0x000000008b100000| PB 0x000000008b100000| Complete 
| 124|0x000000008b200000, 0x000000008b300000, 0x000000008b300000|100%| E|CS|TAMS 0x000000008b200000| PB 0x000000008b200000| Complete 
| 125|0x000000008b300000, 0x000000008b400000, 0x000000008b400000|100%| E|CS|TAMS 0x000000008b300000| PB 0x000000008b300000| Complete 

Card table byte_map: [0x00000237fa220000,0x00000237fa610000] _byte_map_base: 0x00000237f9e05000

Marking Bits: (CMBitMap*) 0x00000237f19ed730
 Bits: [0x00000237fa610000, 0x00000237fc538000)

Polling page: 0x00000237ef940000

Metaspace:

Usage:
  Non-class:    654.45 KB used.
      Class:     54.41 KB used.
       Both:    708.87 KB used.

Virtual space:
  Non-class space:       64.00 MB reserved,     704.00 KB (  1%) committed,  1 nodes.
      Class space:        1.00 GB reserved,     128.00 KB ( <1%) committed,  1 nodes.
             Both:        1.06 GB reserved,     832.00 KB ( <1%) committed. 

Chunk freelists:
   Non-Class:  11.86 MB
       Class:  15.72 MB
        Both:  27.58 MB

MaxMetaspaceSize: unlimited
CompressedClassSpaceSize: 1.00 GB
Initial GC threshold: 21.00 MB
Current GC threshold: 21.00 MB
CDS: on
 - commit_granule_bytes: 65536.
 - commit_granule_words: 8192.
 - virtual_space_node_default_size: 8388608.
 - enlarge_chunks_in_place: 1.
 - use_allocation_guard: 0.


Internal statistics:

num_allocs_failed_limit: 0.
num_arena_births: 12.
num_arena_deaths: 0.
num_vsnodes_births: 2.
num_vsnodes_deaths: 0.
num_space_committed: 13.
num_space_uncommitted: 0.
num_chunks_returned_to_freelist: 0.
num_chunks_taken_from_freelist: 25.
num_chunk_merges: 0.
num_chunk_splits: 15.
num_chunks_enlarged: 8.
num_inconsistent_stats: 0.

CodeHeap 'non-profiled nmethods': size=120000Kb used=83Kb max_used=83Kb free=119917Kb
 bounds [0x0000023787ad0000, 0x0000023787d40000, 0x000002378f000000]
CodeHeap 'profiled nmethods': size=120000Kb used=285Kb max_used=285Kb free=119714Kb
 bounds [0x0000023780000000, 0x0000023780270000, 0x0000023787530000]
CodeHeap 'non-nmethods': size=5760Kb used=1393Kb max_used=1407Kb free=4366Kb
 bounds [0x0000023787530000, 0x00000237877a0000, 0x0000023787ad0000]
 total_blobs=643 nmethods=245 adapters=303
 compilation: enabled
              stopped_count=0, restarted_count=0
 full_count=0

Compilation events (20 events):
Event: 0.164 Thread 0x00000237fea3eed0  237       3       java.util.regex.Pattern::lambda$Range$17 (7 bytes)
Event: 0.164 Thread 0x00000237fea3eed0 nmethod 237 0x0000023780041d90 code [0x0000023780041f40, 0x0000023780042118]
Event: 0.164 Thread 0x00000237fea3eed0  238       3       java.util.regex.Pattern::inRange (16 bytes)
Event: 0.164 Thread 0x00000237fea3eed0 nmethod 238 0x0000023780042210 code [0x00000237800423a0, 0x0000023780042518]
Event: 0.164 Thread 0x00000237fea3eed0  239       3       java.util.regex.Pattern$$Lambda/0x800000033::is (13 bytes)
Event: 0.164 Thread 0x00000237fea3eed0 nmethod 239 0x0000023780042590 code [0x0000023780042760, 0x0000023780042b08]
Event: 0.164 Thread 0x00000237fea3eed0  233       3       java.lang.String::toString (2 bytes)
Event: 0.164 Thread 0x00000237fea3eed0 nmethod 233 0x0000023780042c90 code [0x0000023780042e20, 0x0000023780042f30]
Event: 0.164 Thread 0x00000237fea3eed0  240       3       java.lang.String::<init> (99 bytes)
Event: 0.165 Thread 0x00000237fea3eed0 nmethod 240 0x0000023780042f90 code [0x0000023780043380, 0x0000023780044e18]
Event: 0.165 Thread 0x00000237fea3eed0  243       3       java.util.regex.Pattern$Branch::match (66 bytes)
Event: 0.166 Thread 0x00000237fea3eed0 nmethod 243 0x0000023780045690 code [0x0000023780045880, 0x0000023780045d58]
Event: 0.166 Thread 0x00000237fea3eed0  241       3       java.util.regex.Pattern::lambda$union$3 (26 bytes)
Event: 0.166 Thread 0x00000237fea3eed0 nmethod 241 0x0000023780045f10 code [0x00000237800460e0, 0x00000237800463f8]
Event: 0.166 Thread 0x00000237fea3eed0  242       3       java.util.regex.Pattern$Begin::match (62 bytes)
Event: 0.166 Thread 0x00000237fea3eed0 nmethod 242 0x0000023780046510 code [0x00000237800466e0, 0x0000023780046a20]
Event: 0.166 Thread 0x00000237fea3eed0  244       3       java.util.zip.ZipFile$Source::getEntryNext (9 bytes)
Event: 0.166 Thread 0x00000237fea3eed0 nmethod 244 0x0000023780046b90 code [0x0000023780046d40, 0x0000023780046e78]
Event: 0.166 Thread 0x00000237fea3eed0  245       3       java.lang.String::lastIndexOf (12 bytes)
Event: 0.166 Thread 0x00000237fea3eed0 nmethod 245 0x0000023780046f90 code [0x0000023780047180, 0x0000023780047580]

GC Heap History (0 events):
No events

Dll operation events (6 events):
Event: 0.010 Loaded shared library C:\Program Files\Java\jdk-21.0.7\bin\java.dll
Event: 0.052 Loaded shared library C:\Program Files\Java\jdk-21.0.7\bin\jsvml.dll
Event: 0.092 Loaded shared library C:\Program Files\Java\jdk-21.0.7\bin\net.dll
Event: 0.094 Loaded shared library C:\Program Files\Java\jdk-21.0.7\bin\nio.dll
Event: 0.108 Loaded shared library C:\Program Files\Java\jdk-21.0.7\bin\zip.dll
Event: 0.134 Loaded shared library C:\Program Files\Java\jdk-21.0.7\bin\jimage.dll

Deoptimization events (4 events):
Event: 0.140 Thread 0x00000237ef821510 Uncommon trap: trap_request=0xffffff45 fr.pc=0x0000023787ad5f3c relative=0x00000000000003dc
Event: 0.140 Thread 0x00000237ef821510 Uncommon trap: reason=unstable_if action=reinterpret pc=0x0000023787ad5f3c method=java.util.zip.ZipCoder$UTF8ZipCoder.checkedHash([BII)I @ 63 c2
Event: 0.140 Thread 0x00000237ef821510 DEOPT PACKING pc=0x0000023787ad5f3c sp=0x0000008375bfc0f0
Event: 0.140 Thread 0x00000237ef821510 DEOPT UNPACKING pc=0x0000023787587da2 sp=0x0000008375bfc060 mode 2

Classes loaded (20 events):
Event: 0.158 Loading class java/lang/ProcessEnvironment$NameComparator
Event: 0.158 Loading class java/lang/ProcessEnvironment$NameComparator done
Event: 0.158 Loading class java/lang/ProcessEnvironment$EntryComparator
Event: 0.158 Loading class java/lang/ProcessEnvironment$EntryComparator done
Event: 0.159 Loading class java/lang/ProcessEnvironment$CheckedEntrySet
Event: 0.159 Loading class java/lang/ProcessEnvironment$CheckedEntrySet done
Event: 0.159 Loading class java/lang/ProcessEnvironment$CheckedEntrySet$1
Event: 0.159 Loading class java/lang/ProcessEnvironment$CheckedEntrySet$1 done
Event: 0.159 Loading class java/lang/ProcessEnvironment$CheckedEntry
Event: 0.159 Loading class java/lang/ProcessEnvironment$CheckedEntry done
Event: 0.160 Loading class java/util/Collections$UnmodifiableMap$UnmodifiableEntrySet
Event: 0.160 Loading class java/util/Collections$UnmodifiableMap$UnmodifiableEntrySet done
Event: 0.160 Loading class java/util/Collections$UnmodifiableMap$UnmodifiableEntrySet$1
Event: 0.160 Loading class java/util/Collections$UnmodifiableMap$UnmodifiableEntrySet$1 done
Event: 0.160 Loading class java/util/Collections$UnmodifiableMap$UnmodifiableEntrySet$UnmodifiableEntry
Event: 0.160 Loading class java/util/Collections$UnmodifiableMap$UnmodifiableEntrySet$UnmodifiableEntry done
Event: 0.161 Loading class java/util/regex/Pattern$SliceI
Event: 0.161 Loading class java/util/regex/Pattern$SliceI done
Event: 0.165 Loading class java/util/RegularEnumSet$EnumSetIterator
Event: 0.165 Loading class java/util/RegularEnumSet$EnumSetIterator done

Classes unloaded (0 events):
No events

Classes redefined (0 events):
No events

Internal exceptions (2 events):
Event: 0.149 Thread 0x00000237ef821510 Exception <a 'java/lang/NoSuchMethodError'{0x000000008b180f90}: 'void java.lang.invoke.DirectMethodHandle$Holder.invokeStatic(java.lang.Object, java.lang.Object, java.lang.Object)'> (0x000000008b180f90) 
thrown [s\open\src\hotspot\share\interpreter\linkResolver.cpp, line 773]
Event: 0.157 Thread 0x00000237ef821510 Exception <a 'java/lang/NoSuchMethodError'{0x000000008b1a04d0}: 'void java.lang.invoke.DirectMethodHandle$Holder.invokeSpecial(java.lang.Object, java.lang.Object, java.lang.Object, java.lang.Object, java.lang.Object)'> (0x000000008b1a04d0) 
thrown [s\open\src\hotspot\share\interpreter\linkResolver.cpp, line 773]

ZGC Phase Switch (0 events):
No events

VM Operations (2 events):
Event: 0.108 Executing VM operation: HandshakeAllThreads (Deoptimize)
Event: 0.108 Executing VM operation: HandshakeAllThreads (Deoptimize) done

Events (11 events):
Event: 0.033 Thread 0x00000237ef821510 Thread added: 0x00000237ef821510
Event: 0.048 Thread 0x00000237fea01810 Thread added: 0x00000237fea01810
Event: 0.049 Thread 0x00000237fea02610 Thread added: 0x00000237fea02610
Event: 0.049 Thread 0x00000237fea07d60 Thread added: 0x00000237fea07d60
Event: 0.049 Thread 0x00000237fea0b0d0 Thread added: 0x00000237fea0b0d0
Event: 0.049 Thread 0x00000237fea08f50 Thread added: 0x00000237fea08f50
Event: 0.049 Thread 0x00000237fea099a0 Thread added: 0x00000237fea099a0
Event: 0.049 Thread 0x00000237fea0a720 Thread added: 0x00000237fea0a720
Event: 0.052 Thread 0x00000237fea3eed0 Thread added: 0x00000237fea3eed0
Event: 0.083 Thread 0x00000237fec9f5b0 Thread added: 0x00000237fec9f5b0
Event: 0.086 Thread 0x00000237fecda370 Thread added: 0x00000237fecda370


Dynamic libraries:
0x00007ff624a30000 - 0x00007ff624a40000 	C:\Program Files\Java\jdk-21.0.7\bin\java.exe
0x00007ffd02200000 - 0x00007ffd02468000 	C:\WINDOWS\SYSTEM32\ntdll.dll
0x00007ffd01180000 - 0x00007ffd01249000 	C:\WINDOWS\System32\KERNEL32.DLL
0x00007ffcff8b0000 - 0x00007ffcffc9d000 	C:\WINDOWS\System32\KERNELBASE.dll
0x00007ffcffe20000 - 0x00007ffcfff6b000 	C:\WINDOWS\System32\ucrtbase.dll
0x00007ffceb110000 - 0x00007ffceb129000 	C:\Program Files\Java\jdk-21.0.7\bin\jli.dll
0x00007ffd01950000 - 0x00007ffd01a04000 	C:\WINDOWS\System32\ADVAPI32.dll
0x00007ffce7ea0000 - 0x00007ffce7ebb000 	C:\Program Files\Java\jdk-21.0.7\bin\VCRUNTIME140.dll
0x00007ffd02050000 - 0x00007ffd020f9000 	C:\WINDOWS\System32\msvcrt.dll
0x00007ffd02100000 - 0x00007ffd021a6000 	C:\WINDOWS\System32\sechost.dll
0x00007ffd01a10000 - 0x00007ffd01b28000 	C:\WINDOWS\System32\RPCRT4.dll
0x00007ffd01e80000 - 0x00007ffd0204c000 	C:\WINDOWS\System32\USER32.dll
0x00007ffcfff70000 - 0x00007ffcfff97000 	C:\WINDOWS\System32\win32u.dll
0x00007ffd00470000 - 0x00007ffd0049b000 	C:\WINDOWS\System32\GDI32.dll
0x00007ffcec010000 - 0x00007ffcec2aa000 	C:\WINDOWS\WinSxS\amd64_microsoft.windows.common-controls_6595b64144ccf1df_6.0.26100.4484_none_3e0e6d4ce32ef3b3\COMCTL32.dll
0x00007ffcff6b0000 - 0x00007ffcff7e7000 	C:\WINDOWS\System32\gdi32full.dll
0x00007ffcff560000 - 0x00007ffcff603000 	C:\WINDOWS\System32\msvcp_win.dll
0x00007ffcea520000 - 0x00007ffcea52b000 	C:\WINDOWS\SYSTEM32\VERSION.dll
0x00007ffcfffa0000 - 0x00007ffcfffcf000 	C:\WINDOWS\System32\IMM32.DLL
0x00007ffcecf50000 - 0x00007ffcecf5c000 	C:\Program Files\Java\jdk-21.0.7\bin\vcruntime140_1.dll
0x00007ffcaf730000 - 0x00007ffcaf7be000 	C:\Program Files\Java\jdk-21.0.7\bin\msvcp140.dll
0x00007ffcadd50000 - 0x00007ffcaea6a000 	C:\Program Files\Java\jdk-21.0.7\bin\server\jvm.dll
0x00007ffd01100000 - 0x00007ffd01174000 	C:\WINDOWS\System32\WS2_32.dll
0x00007ffcfebb0000 - 0x00007ffcfec0e000 	C:\WINDOWS\SYSTEM32\POWRPROF.dll
0x00007ffce63e0000 - 0x00007ffce6415000 	C:\WINDOWS\SYSTEM32\WINMM.dll
0x00007ffcfea70000 - 0x00007ffcfea84000 	C:\WINDOWS\SYSTEM32\UMPDC.dll
0x00007ffcfd820000 - 0x00007ffcfd83b000 	C:\WINDOWS\SYSTEM32\kernel.appcore.dll
0x00007ffcece10000 - 0x00007ffcece1a000 	C:\Program Files\Java\jdk-21.0.7\bin\jimage.dll
0x00007ffcfec40000 - 0x00007ffcfee81000 	C:\WINDOWS\SYSTEM32\DBGHELP.DLL
0x00007ffd00d40000 - 0x00007ffd010c6000 	C:\WINDOWS\System32\combase.dll
0x00007ffd01b30000 - 0x00007ffd01c10000 	C:\WINDOWS\System32\OLEAUT32.dll
0x00007ffcfea90000 - 0x00007ffcfead3000 	C:\WINDOWS\SYSTEM32\dbgcore.DLL
0x00007ffcff610000 - 0x00007ffcff6a9000 	C:\WINDOWS\System32\bcryptPrimitives.dll
0x00007ffce6540000 - 0x00007ffce655f000 	C:\Program Files\Java\jdk-21.0.7\bin\java.dll
0x00007ffd005f0000 - 0x00007ffd00d3a000 	C:\WINDOWS\System32\SHELL32.dll
0x00007ffcffca0000 - 0x00007ffcffe14000 	C:\WINDOWS\System32\wintypes.dll
0x00007ffcfc690000 - 0x00007ffcfceeb000 	C:\WINDOWS\SYSTEM32\windows.storage.dll
0x00007ffd01540000 - 0x00007ffd01635000 	C:\WINDOWS\System32\SHCORE.dll
0x00007ffd00560000 - 0x00007ffd005ca000 	C:\WINDOWS\System32\shlwapi.dll
0x00007ffcff260000 - 0x00007ffcff28f000 	C:\WINDOWS\SYSTEM32\profapi.dll
0x00007ffcaec80000 - 0x00007ffcaed57000 	C:\Program Files\Java\jdk-21.0.7\bin\jsvml.dll
0x00007ffceca90000 - 0x00007ffcecaa0000 	C:\Program Files\Java\jdk-21.0.7\bin\net.dll
0x00007ffcf0070000 - 0x00007ffcf018e000 	C:\WINDOWS\SYSTEM32\WINHTTP.dll
0x00007ffcfdf70000 - 0x00007ffcfdfda000 	C:\WINDOWS\system32\mswsock.dll
0x00007ffcd3130000 - 0x00007ffcd3146000 	C:\Program Files\Java\jdk-21.0.7\bin\nio.dll
0x00007ffcca4f0000 - 0x00007ffcca508000 	C:\Program Files\Java\jdk-21.0.7\bin\zip.dll

dbghelp: loaded successfully - version: 4.0.5 - missing functions: none
symbol engine: initialized successfully - sym options: 0x614 - pdb path: .;C:\Program Files\Java\jdk-21.0.7\bin;C:\WINDOWS\SYSTEM32;C:\WINDOWS\WinSxS\amd64_microsoft.windows.common-controls_6595b64144ccf1df_6.0.26100.4484_none_3e0e6d4ce32ef3b3;C:\Program Files\Java\jdk-21.0.7\bin\server

VM Arguments:
jvm_args: -Dfile.encoding=UTF-8 -Ddb2.jcc.charsetDecoderEncoder=3 
java_command: com.ibm.db2.server.DssLauncher 3000 off c:\Users\Isuru\AppData\Roaming\Code\logs\20250807T090056\window2\exthost\IBM.db2forzosdeveloperextension -Xmx256M
java_class_path (initial): c:\Users\Isuru\.vscode\extensions\ibm.db2forzosdeveloperextension-2.2.3\dist\dss-dist-2.2.3.jar;;c:\Users\Isuru\.vscode\extensions\ibm.db2forzosdeveloperextension-2.2.3\lib\db2jcc4.jar;c:\Users\Isuru\.vscode\extensions\ibm.db2forzosdeveloperextension-2.2.3\lib\sqlj4.zip
Launcher Type: SUN_STANDARD

[Global flags]
     intx CICompilerCount                          = 3                                         {product} {ergonomic}
     uint ConcGCThreads                            = 1                                         {product} {ergonomic}
     uint G1ConcRefinementThreads                  = 4                                         {product} {ergonomic}
   size_t G1HeapRegionSize                         = 1048576                                   {product} {ergonomic}
    uintx GCDrainStackTargetSize                   = 64                                        {product} {ergonomic}
   size_t InitialHeapSize                          = 132120576                                 {product} {ergonomic}
   size_t MarkStackSize                            = 4194304                                   {product} {ergonomic}
   size_t MaxHeapSize                              = 2090860544                                {product} {ergonomic}
   size_t MaxNewSize                               = 1254096896                                {product} {ergonomic}
   size_t MinHeapDeltaBytes                        = 1048576                                   {product} {ergonomic}
   size_t MinHeapSize                              = 8388608                                   {product} {ergonomic}
    uintx NonNMethodCodeHeapSize                   = 5832780                                {pd product} {ergonomic}
    uintx NonProfiledCodeHeapSize                  = 122912730                              {pd product} {ergonomic}
    uintx ProfiledCodeHeapSize                     = 122912730                              {pd product} {ergonomic}
    uintx ReservedCodeCacheSize                    = 251658240                              {pd product} {ergonomic}
     bool SegmentedCodeCache                       = true                                      {product} {ergonomic}
   size_t SoftMaxHeapSize                          = 2090860544                             {manageable} {ergonomic}
     bool UseCompressedOops                        = true                           {product lp64_product} {ergonomic}
     bool UseG1GC                                  = true                                      {product} {ergonomic}
     bool UseLargePagesIndividualAllocation        = false                                  {pd product} {ergonomic}

Logging:
Log output configuration:
 #0: stdout all=warning uptime,level,tags foldmultilines=false
 #1: stderr all=off uptime,level,tags foldmultilines=false

Environment Variables:
JAVA_HOME=C:\Program Files\Java\jdk-21.0.7
PATH=C:\oraclexe\app\oracle\product\11.2.0\server\bin;C:\Program Files\Java\jdk-21.0.7\bin;C:\WINDOWS\system32;C:\WINDOWS;C:\WINDOWS\System32\Wbem;C:\WINDOWS\System32\WindowsPowerShell\v1.0\;C:\WINDOWS\System32\OpenSSH\;C:\xampp\php;C:\Program Files\MiKTeX\miktex\bin\x64\;C:\ProgramData\ComposerSetup\bin;C:\Program Files\nodejs\;C:\Program Files\dotnet\;C:\Program Files (x86)\Windows Kits\10\Windows Performance Toolkit\;C:\Program Files\Git\cmd;C:\Program Files\Docker\Docker\resources\bin;C:\apache-maven-3.6.3\bin;C:\Users\Isuru\AppData\Local\Programs\Microsoft VS Code\bin;C:\Program Files\nginx-1.28.0;C:\Users\Isuru\AppData\Local\Programs\Microsoft VS Code\bin;C:\Users\Isuru\AppData\Local\Microsoft\WindowsApps;;C:\Program Files\JetBrains\IntelliJ IDEA 2025.1.2\bin;;C:\Program Files\JetBrains\IntelliJ IDEA Community Edition 2025.1.4.1\bin;
USERNAME=Isuru
OS=Windows_NT
PROCESSOR_IDENTIFIER=Intel64 Family 6 Model 140 Stepping 1, GenuineIntel
TMP=C:\Users\Isuru\AppData\Local\Temp
TEMP=C:\Users\Isuru\AppData\Local\Temp




Periodic native trim disabled

---------------  S Y S T E M  ---------------

OS:
 Windows 11 , 64 bit Build 26100 (10.0.26100.4484)
OS uptime: 0 days 17:23 hours
Hyper-V role detected

CPU: total 4 (initial active 4) (2 cores per cpu, 2 threads per core) family 6 model 140 stepping 1 microcode 0x8a, cx8, cmov, fxsr, ht, mmx, 3dnowpref, sse, sse2, sse3, ssse3, sse4.1, sse4.2, popcnt, lzcnt, tsc, tscinvbit, avx, avx2, aes, erms, clmul, bmi1, bmi2, adx, avx512f, avx512dq, avx512cd, avx512bw, avx512vl, sha, fma, vzeroupper, avx512_vpopcntdq, avx512_vpclmulqdq, avx512_vaes, avx512_vnni, clflush, clflushopt, clwb, avx512_vbmi2, avx512_vbmi, hv, rdtscp, rdpid, fsrm, gfni, avx512_bitalg, f16c, cet_ibt, cet_ss, avx512_ifma
Processor Information for processor 0
  Max Mhz: 2995, Current Mhz: 2995, Mhz Limit: 2995
Processor Information for processor 1
  Max Mhz: 2995, Current Mhz: 2995, Mhz Limit: 2995
Processor Information for processor 2
  Max Mhz: 2995, Current Mhz: 1198, Mhz Limit: 2995
Processor Information for processor 3
  Max Mhz: 2995, Current Mhz: 2995, Mhz Limit: 2995

Memory: 4k page, system-wide physical 7971M (606M free)
TotalPageFile size 14649M (AvailPageFile size 6M)
current process WorkingSet (physical memory assigned to process): 42M, peak: 42M
current process commit charge ("private bytes"): 199M, peak: 200M

vm_info: Java HotSpot(TM) 64-Bit Server VM (21.0.7+8-LTS-245) for windows-amd64 JRE (21.0.7+8-LTS-245), built on 2025-02-21T05:11:27Z by "mach5one" with MS VC++ 17.6 (VS2022)

END.
