#
# There is insufficient memory for the Java Runtime Environment to continue.
# Native memory allocation (malloc) failed to allocate 286336 bytes for Chunk::new
# Possible reasons:
#   The system is out of physical RAM or swap space
#   The process is running with CompressedOops enabled, and the Java Heap may be blocking the growth of the native heap
# Possible solutions:
#   Reduce memory load on the system
#   Increase physical memory or swap space
#   Check if swap backing store is full
#   Decrease Java heap size (-Xmx/-Xms)
#   Decrease number of Java threads
#   Decrease Java thread stack sizes (-Xss)
#   Set larger code cache with -XX:ReservedCodeCacheSize=
#   JVM is running with Unscaled Compressed Oops mode in which the Java heap is
#     placed in the first 4GB address space. The Java Heap base address is the
#     maximum limit for the native heap growth. Please use -XX:HeapBaseMinAddress
#     to set the Java Heap base and to place the Java Heap above 4GB virtual address.
# This output file may be truncated or incomplete.
#
#  Out of Memory Error (arena.cpp:168), pid=5804, tid=19924
#
# JRE version: Java(TM) SE Runtime Environment (21.0.7+8) (build 21.0.7+8-LTS-245)
# Java VM: Java HotSpot(TM) 64-Bit Server VM (21.0.7+8-LTS-245, mixed mode, sharing, tiered, compressed oops, compressed class ptrs, g1 gc, windows-amd64)
# No core dump will be written. Minidumps are not enabled by default on client versions of Windows
#

---------------  S U M M A R Y ------------

Command Line: -Dfile.encoding=UTF-8 -Ddb2.jcc.charsetDecoderEncoder=3 com.ibm.db2.server.DssLauncher 3000 off c:\Users\Isuru\AppData\Roaming\Code\logs\20250807T090056\window2\exthost\IBM.db2forzosdeveloperextension -Xmx256M

Host: 11th Gen Intel(R) Core(TM) i3-1115G4 @ 3.00GHz, 4 cores, 7G,  Windows 11 , 64 bit Build 26100 (10.0.26100.4484)
Time: Thu Aug  7 09:09:12 2025 Sri Lanka Standard Time elapsed time: 4.808410 seconds (0d 0h 0m 4s)

---------------  T H R E A D  ---------------

Current thread (0x0000015cff465d60):  JavaThread "C2 CompilerThread0" daemon [_thread_in_native, id=19924, stack(0x0000003fd9300000,0x0000003fd9400000) (1024K)]


Current CompileTask:
C2:   4808 1510       4       jdk.internal.util.xml.impl.Parser::step (891 bytes)

Stack: [0x0000003fd9300000,0x0000003fd9400000]
Native frames: (J=compiled Java code, j=interpreted, Vv=VM code, C=native code)
V  [jvm.dll+0x6cae19]
V  [jvm.dll+0x855741]
V  [jvm.dll+0x857c6e]
V  [jvm.dll+0x858343]
V  [jvm.dll+0x27e0b6]
V  [jvm.dll+0xc4ecd]
V  [jvm.dll+0xc5403]
V  [jvm.dll+0x2f145d]
V  [jvm.dll+0x5f5a8a]
V  [jvm.dll+0x24fbc2]
V  [jvm.dll+0x248244]
V  [jvm.dll+0x246004]
V  [jvm.dll+0x1c6efe]
V  [jvm.dll+0x255819]
V  [jvm.dll+0x253daa]
V  [jvm.dll+0x3eebb6]
V  [jvm.dll+0x7ffa1b]
V  [jvm.dll+0x6c94fd]
C  [ucrtbase.dll+0x37b0]
C  [KERNEL32.DLL+0x2e8d7]
C  [ntdll.dll+0x3c34c]


---------------  P R O C E S S  ---------------

Threads class SMR info:
_java_thread_list=0x0000015cd89e0ac0, length=12, elements={
0x0000015cf43c9800, 0x0000015cff4567f0, 0x0000015cff45a0b0, 0x0000015cff4618a0,
0x0000015cff4604f0, 0x0000015cff4625c0, 0x0000015cff462c50, 0x0000015cff465d60,
0x0000015cd8110080, 0x0000015cff45f7d0, 0x0000015cff460b80, 0x0000015cd89bc0b0
}

Java Threads: ( => current thread )
  0x0000015cf43c9800 JavaThread "main"                              [_thread_in_vm, id=16016, stack(0x0000003fd8400000,0x0000003fd8500000) (1024K)]
  0x0000015cff4567f0 JavaThread "Reference Handler"          daemon [_thread_blocked, id=14116, stack(0x0000003fd8d00000,0x0000003fd8e00000) (1024K)]
  0x0000015cff45a0b0 JavaThread "Finalizer"                  daemon [_thread_blocked, id=9796, stack(0x0000003fd8e00000,0x0000003fd8f00000) (1024K)]
  0x0000015cff4618a0 JavaThread "Signal Dispatcher"          daemon [_thread_blocked, id=15632, stack(0x0000003fd8f00000,0x0000003fd9000000) (1024K)]
  0x0000015cff4604f0 JavaThread "Attach Listener"            daemon [_thread_blocked, id=13140, stack(0x0000003fd9000000,0x0000003fd9100000) (1024K)]
  0x0000015cff4625c0 JavaThread "Service Thread"             daemon [_thread_blocked, id=14648, stack(0x0000003fd9100000,0x0000003fd9200000) (1024K)]
  0x0000015cff462c50 JavaThread "Monitor Deflation Thread"   daemon [_thread_blocked, id=14876, stack(0x0000003fd9200000,0x0000003fd9300000) (1024K)]
=>0x0000015cff465d60 JavaThread "C2 CompilerThread0"         daemon [_thread_in_native, id=19924, stack(0x0000003fd9300000,0x0000003fd9400000) (1024K)]
  0x0000015cd8110080 JavaThread "C1 CompilerThread0"         daemon [_thread_blocked, id=620, stack(0x0000003fd9400000,0x0000003fd9500000) (1024K)]
  0x0000015cff45f7d0 JavaThread "Notification Thread"        daemon [_thread_blocked, id=9708, stack(0x0000003fd9500000,0x0000003fd9600000) (1024K)]
  0x0000015cff460b80 JavaThread "Common-Cleaner"             daemon [_thread_blocked, id=20476, stack(0x0000003fd9600000,0x0000003fd9700000) (1024K)]
  0x0000015cd89bc0b0 JavaThread "C2 CompilerThread1"         daemon [_thread_blocked, id=15964, stack(0x0000003fd9a00000,0x0000003fd9b00000) (1024K)]
Total: 12

Other Threads:
  0x0000015cff439fe0 VMThread "VM Thread"                           [id=12640, stack(0x0000003fd8c00000,0x0000003fd8d00000) (1024K)]
  0x0000015cff4294e0 WatcherThread "VM Periodic Task Thread"        [id=6208, stack(0x0000003fd8b00000,0x0000003fd8c00000) (1024K)]
  0x0000015cf441b410 WorkerThread "GC Thread#0"                     [id=8648, stack(0x0000003fd8600000,0x0000003fd8700000) (1024K)]
  0x0000015cd8608540 WorkerThread "GC Thread#1"                     [id=14160, stack(0x0000003fd9700000,0x0000003fd9800000) (1024K)]
  0x0000015cd86088e0 WorkerThread "GC Thread#2"                     [id=18852, stack(0x0000003fd9800000,0x0000003fd9900000) (1024K)]
  0x0000015cd85bb720 WorkerThread "GC Thread#3"                     [id=18080, stack(0x0000003fd9900000,0x0000003fd9a00000) (1024K)]
  0x0000015cf442c540 ConcurrentGCThread "G1 Main Marker"            [id=9420, stack(0x0000003fd8700000,0x0000003fd8800000) (1024K)]
  0x0000015cf442d040 WorkerThread "G1 Conc#0"                       [id=4660, stack(0x0000003fd8800000,0x0000003fd8900000) (1024K)]
  0x0000015cf448e3f0 ConcurrentGCThread "G1 Refine#0"               [id=15272, stack(0x0000003fd8900000,0x0000003fd8a00000) (1024K)]
  0x0000015cff2f60e0 ConcurrentGCThread "G1 Service"                [id=14960, stack(0x0000003fd8a00000,0x0000003fd8b00000) (1024K)]
Total: 10

Threads with active compile tasks:
C2 CompilerThread0     4839 1510       4       jdk.internal.util.xml.impl.Parser::step (891 bytes)
Total: 1

VM state: not at safepoint (normal execution)

VM Mutex/Monitor currently owned by a thread: None

Heap address: 0x0000000083600000, size: 1994 MB, Compressed Oops mode: 32-bit

CDS archive(s) mapped at: [0x0000015c93000000-0x0000015c93c90000-0x0000015c93c90000), size 13172736, SharedBaseAddress: 0x0000015c93000000, ArchiveRelocationMode: 1.
Compressed class space mapped at: 0x0000015c94000000-0x0000015cd4000000, reserved size: 1073741824
Narrow klass base: 0x0000015c93000000, Narrow klass shift: 0, Narrow klass range: 0x100000000

GC Precious Log:
 CardTable entry size: 512
 Card Set container configuration: InlinePtr #cards 5 size 8 Array Of Cards #cards 12 size 40 Howl #buckets 4 coarsen threshold 1843 Howl Bitmap #cards 512 size 80 coarsen threshold 460 Card regions per heap region 1 cards per card region 2048
 CPUs: 4 total, 4 available
 Memory: 7971M
 Large Page Support: Disabled
 NUMA Support: Disabled
 Compressed Oops: Enabled (32-bit)
 Heap Region Size: 1M
 Heap Min Capacity: 8M
 Heap Initial Capacity: 126M
 Heap Max Capacity: 1994M
 Pre-touch: Disabled
 Parallel Workers: 4
 Concurrent Workers: 1
 Concurrent Refinement Workers: 4
 Periodic GC: Disabled

Heap:
 garbage-first heap   total 129024K, used 15197K [0x0000000083600000, 0x0000000100000000)
  region size 1024K, 14 young (14336K), 2 survivors (2048K)
 Metaspace       used 8655K, committed 8960K, reserved 1114112K
  class space    used 998K, committed 1152K, reserved 1048576K

Heap Regions: E=young(eden), S=young(survivor), O=old, HS=humongous(starts), HC=humongous(continues), CS=collection set, F=free, TAMS=top-at-mark-start, PB=parsable bottom
|   0|0x0000000083600000, 0x0000000083700000, 0x0000000083700000|100%|HS|  |TAMS 0x0000000083600000| PB 0x0000000083600000| Complete 
|   1|0x0000000083700000, 0x00000000837d75c8, 0x0000000083800000| 84%| O|  |TAMS 0x0000000083700000| PB 0x0000000083700000| Untracked 
|   2|0x0000000083800000, 0x0000000083800000, 0x0000000083900000|  0%| F|  |TAMS 0x0000000083800000| PB 0x0000000083800000| Untracked 
|   3|0x0000000083900000, 0x0000000083900000, 0x0000000083a00000|  0%| F|  |TAMS 0x0000000083900000| PB 0x0000000083900000| Untracked 
|   4|0x0000000083a00000, 0x0000000083a00000, 0x0000000083b00000|  0%| F|  |TAMS 0x0000000083a00000| PB 0x0000000083a00000| Untracked 
|   5|0x0000000083b00000, 0x0000000083b00000, 0x0000000083c00000|  0%| F|  |TAMS 0x0000000083b00000| PB 0x0000000083b00000| Untracked 
|   6|0x0000000083c00000, 0x0000000083c00000, 0x0000000083d00000|  0%| F|  |TAMS 0x0000000083c00000| PB 0x0000000083c00000| Untracked 
|   7|0x0000000083d00000, 0x0000000083d00000, 0x0000000083e00000|  0%| F|  |TAMS 0x0000000083d00000| PB 0x0000000083d00000| Untracked 
|   8|0x0000000083e00000, 0x0000000083e00000, 0x0000000083f00000|  0%| F|  |TAMS 0x0000000083e00000| PB 0x0000000083e00000| Untracked 
|   9|0x0000000083f00000, 0x0000000083f00000, 0x0000000084000000|  0%| F|  |TAMS 0x0000000083f00000| PB 0x0000000083f00000| Untracked 
|  10|0x0000000084000000, 0x0000000084000000, 0x0000000084100000|  0%| F|  |TAMS 0x0000000084000000| PB 0x0000000084000000| Untracked 
|  11|0x0000000084100000, 0x0000000084100000, 0x0000000084200000|  0%| F|  |TAMS 0x0000000084100000| PB 0x0000000084100000| Untracked 
|  12|0x0000000084200000, 0x0000000084200000, 0x0000000084300000|  0%| F|  |TAMS 0x0000000084200000| PB 0x0000000084200000| Untracked 
|  13|0x0000000084300000, 0x0000000084300000, 0x0000000084400000|  0%| F|  |TAMS 0x0000000084300000| PB 0x0000000084300000| Untracked 
|  14|0x0000000084400000, 0x0000000084400000, 0x0000000084500000|  0%| F|  |TAMS 0x0000000084400000| PB 0x0000000084400000| Untracked 
|  15|0x0000000084500000, 0x0000000084500000, 0x0000000084600000|  0%| F|  |TAMS 0x0000000084500000| PB 0x0000000084500000| Untracked 
|  16|0x0000000084600000, 0x0000000084600000, 0x0000000084700000|  0%| F|  |TAMS 0x0000000084600000| PB 0x0000000084600000| Untracked 
|  17|0x0000000084700000, 0x0000000084700000, 0x0000000084800000|  0%| F|  |TAMS 0x0000000084700000| PB 0x0000000084700000| Untracked 
|  18|0x0000000084800000, 0x0000000084800000, 0x0000000084900000|  0%| F|  |TAMS 0x0000000084800000| PB 0x0000000084800000| Untracked 
|  19|0x0000000084900000, 0x0000000084900000, 0x0000000084a00000|  0%| F|  |TAMS 0x0000000084900000| PB 0x0000000084900000| Untracked 
|  20|0x0000000084a00000, 0x0000000084a00000, 0x0000000084b00000|  0%| F|  |TAMS 0x0000000084a00000| PB 0x0000000084a00000| Untracked 
|  21|0x0000000084b00000, 0x0000000084b00000, 0x0000000084c00000|  0%| F|  |TAMS 0x0000000084b00000| PB 0x0000000084b00000| Untracked 
|  22|0x0000000084c00000, 0x0000000084c00000, 0x0000000084d00000|  0%| F|  |TAMS 0x0000000084c00000| PB 0x0000000084c00000| Untracked 
|  23|0x0000000084d00000, 0x0000000084d00000, 0x0000000084e00000|  0%| F|  |TAMS 0x0000000084d00000| PB 0x0000000084d00000| Untracked 
|  24|0x0000000084e00000, 0x0000000084e00000, 0x0000000084f00000|  0%| F|  |TAMS 0x0000000084e00000| PB 0x0000000084e00000| Untracked 
|  25|0x0000000084f00000, 0x0000000084f00000, 0x0000000085000000|  0%| F|  |TAMS 0x0000000084f00000| PB 0x0000000084f00000| Untracked 
|  26|0x0000000085000000, 0x0000000085000000, 0x0000000085100000|  0%| F|  |TAMS 0x0000000085000000| PB 0x0000000085000000| Untracked 
|  27|0x0000000085100000, 0x0000000085100000, 0x0000000085200000|  0%| F|  |TAMS 0x0000000085100000| PB 0x0000000085100000| Untracked 
|  28|0x0000000085200000, 0x0000000085200000, 0x0000000085300000|  0%| F|  |TAMS 0x0000000085200000| PB 0x0000000085200000| Untracked 
|  29|0x0000000085300000, 0x0000000085300000, 0x0000000085400000|  0%| F|  |TAMS 0x0000000085300000| PB 0x0000000085300000| Untracked 
|  30|0x0000000085400000, 0x0000000085400000, 0x0000000085500000|  0%| F|  |TAMS 0x0000000085400000| PB 0x0000000085400000| Untracked 
|  31|0x0000000085500000, 0x0000000085500000, 0x0000000085600000|  0%| F|  |TAMS 0x0000000085500000| PB 0x0000000085500000| Untracked 
|  32|0x0000000085600000, 0x0000000085600000, 0x0000000085700000|  0%| F|  |TAMS 0x0000000085600000| PB 0x0000000085600000| Untracked 
|  33|0x0000000085700000, 0x0000000085700000, 0x0000000085800000|  0%| F|  |TAMS 0x0000000085700000| PB 0x0000000085700000| Untracked 
|  34|0x0000000085800000, 0x0000000085800000, 0x0000000085900000|  0%| F|  |TAMS 0x0000000085800000| PB 0x0000000085800000| Untracked 
|  35|0x0000000085900000, 0x0000000085900000, 0x0000000085a00000|  0%| F|  |TAMS 0x0000000085900000| PB 0x0000000085900000| Untracked 
|  36|0x0000000085a00000, 0x0000000085a00000, 0x0000000085b00000|  0%| F|  |TAMS 0x0000000085a00000| PB 0x0000000085a00000| Untracked 
|  37|0x0000000085b00000, 0x0000000085b00000, 0x0000000085c00000|  0%| F|  |TAMS 0x0000000085b00000| PB 0x0000000085b00000| Untracked 
|  38|0x0000000085c00000, 0x0000000085c00000, 0x0000000085d00000|  0%| F|  |TAMS 0x0000000085c00000| PB 0x0000000085c00000| Untracked 
|  39|0x0000000085d00000, 0x0000000085d00000, 0x0000000085e00000|  0%| F|  |TAMS 0x0000000085d00000| PB 0x0000000085d00000| Untracked 
|  40|0x0000000085e00000, 0x0000000085e00000, 0x0000000085f00000|  0%| F|  |TAMS 0x0000000085e00000| PB 0x0000000085e00000| Untracked 
|  41|0x0000000085f00000, 0x0000000085f00000, 0x0000000086000000|  0%| F|  |TAMS 0x0000000085f00000| PB 0x0000000085f00000| Untracked 
|  42|0x0000000086000000, 0x0000000086000000, 0x0000000086100000|  0%| F|  |TAMS 0x0000000086000000| PB 0x0000000086000000| Untracked 
|  43|0x0000000086100000, 0x0000000086100000, 0x0000000086200000|  0%| F|  |TAMS 0x0000000086100000| PB 0x0000000086100000| Untracked 
|  44|0x0000000086200000, 0x0000000086200000, 0x0000000086300000|  0%| F|  |TAMS 0x0000000086200000| PB 0x0000000086200000| Untracked 
|  45|0x0000000086300000, 0x0000000086300000, 0x0000000086400000|  0%| F|  |TAMS 0x0000000086300000| PB 0x0000000086300000| Untracked 
|  46|0x0000000086400000, 0x0000000086400000, 0x0000000086500000|  0%| F|  |TAMS 0x0000000086400000| PB 0x0000000086400000| Untracked 
|  47|0x0000000086500000, 0x0000000086500000, 0x0000000086600000|  0%| F|  |TAMS 0x0000000086500000| PB 0x0000000086500000| Untracked 
|  48|0x0000000086600000, 0x0000000086600000, 0x0000000086700000|  0%| F|  |TAMS 0x0000000086600000| PB 0x0000000086600000| Untracked 
|  49|0x0000000086700000, 0x0000000086700000, 0x0000000086800000|  0%| F|  |TAMS 0x0000000086700000| PB 0x0000000086700000| Untracked 
|  50|0x0000000086800000, 0x0000000086800000, 0x0000000086900000|  0%| F|  |TAMS 0x0000000086800000| PB 0x0000000086800000| Untracked 
|  51|0x0000000086900000, 0x0000000086900000, 0x0000000086a00000|  0%| F|  |TAMS 0x0000000086900000| PB 0x0000000086900000| Untracked 
|  52|0x0000000086a00000, 0x0000000086a00000, 0x0000000086b00000|  0%| F|  |TAMS 0x0000000086a00000| PB 0x0000000086a00000| Untracked 
|  53|0x0000000086b00000, 0x0000000086b00000, 0x0000000086c00000|  0%| F|  |TAMS 0x0000000086b00000| PB 0x0000000086b00000| Untracked 
|  54|0x0000000086c00000, 0x0000000086c00000, 0x0000000086d00000|  0%| F|  |TAMS 0x0000000086c00000| PB 0x0000000086c00000| Untracked 
|  55|0x0000000086d00000, 0x0000000086d00000, 0x0000000086e00000|  0%| F|  |TAMS 0x0000000086d00000| PB 0x0000000086d00000| Untracked 
|  56|0x0000000086e00000, 0x0000000086e00000, 0x0000000086f00000|  0%| F|  |TAMS 0x0000000086e00000| PB 0x0000000086e00000| Untracked 
|  57|0x0000000086f00000, 0x0000000086f00000, 0x0000000087000000|  0%| F|  |TAMS 0x0000000086f00000| PB 0x0000000086f00000| Untracked 
|  58|0x0000000087000000, 0x0000000087000000, 0x0000000087100000|  0%| F|  |TAMS 0x0000000087000000| PB 0x0000000087000000| Untracked 
|  59|0x0000000087100000, 0x0000000087100000, 0x0000000087200000|  0%| F|  |TAMS 0x0000000087100000| PB 0x0000000087100000| Untracked 
|  60|0x0000000087200000, 0x0000000087200000, 0x0000000087300000|  0%| F|  |TAMS 0x0000000087200000| PB 0x0000000087200000| Untracked 
|  61|0x0000000087300000, 0x0000000087300000, 0x0000000087400000|  0%| F|  |TAMS 0x0000000087300000| PB 0x0000000087300000| Untracked 
|  62|0x0000000087400000, 0x0000000087400000, 0x0000000087500000|  0%| F|  |TAMS 0x0000000087400000| PB 0x0000000087400000| Untracked 
|  63|0x0000000087500000, 0x0000000087500000, 0x0000000087600000|  0%| F|  |TAMS 0x0000000087500000| PB 0x0000000087500000| Untracked 
|  64|0x0000000087600000, 0x0000000087600000, 0x0000000087700000|  0%| F|  |TAMS 0x0000000087600000| PB 0x0000000087600000| Untracked 
|  65|0x0000000087700000, 0x0000000087700000, 0x0000000087800000|  0%| F|  |TAMS 0x0000000087700000| PB 0x0000000087700000| Untracked 
|  66|0x0000000087800000, 0x0000000087800000, 0x0000000087900000|  0%| F|  |TAMS 0x0000000087800000| PB 0x0000000087800000| Untracked 
|  67|0x0000000087900000, 0x0000000087900000, 0x0000000087a00000|  0%| F|  |TAMS 0x0000000087900000| PB 0x0000000087900000| Untracked 
|  68|0x0000000087a00000, 0x0000000087a00000, 0x0000000087b00000|  0%| F|  |TAMS 0x0000000087a00000| PB 0x0000000087a00000| Untracked 
|  69|0x0000000087b00000, 0x0000000087b00000, 0x0000000087c00000|  0%| F|  |TAMS 0x0000000087b00000| PB 0x0000000087b00000| Untracked 
|  70|0x0000000087c00000, 0x0000000087c00000, 0x0000000087d00000|  0%| F|  |TAMS 0x0000000087c00000| PB 0x0000000087c00000| Untracked 
|  71|0x0000000087d00000, 0x0000000087d00000, 0x0000000087e00000|  0%| F|  |TAMS 0x0000000087d00000| PB 0x0000000087d00000| Untracked 
|  72|0x0000000087e00000, 0x0000000087e00000, 0x0000000087f00000|  0%| F|  |TAMS 0x0000000087e00000| PB 0x0000000087e00000| Untracked 
|  73|0x0000000087f00000, 0x0000000087f00000, 0x0000000088000000|  0%| F|  |TAMS 0x0000000087f00000| PB 0x0000000087f00000| Untracked 
|  74|0x0000000088000000, 0x0000000088000000, 0x0000000088100000|  0%| F|  |TAMS 0x0000000088000000| PB 0x0000000088000000| Untracked 
|  75|0x0000000088100000, 0x0000000088100000, 0x0000000088200000|  0%| F|  |TAMS 0x0000000088100000| PB 0x0000000088100000| Untracked 
|  76|0x0000000088200000, 0x0000000088200000, 0x0000000088300000|  0%| F|  |TAMS 0x0000000088200000| PB 0x0000000088200000| Untracked 
|  77|0x0000000088300000, 0x0000000088300000, 0x0000000088400000|  0%| F|  |TAMS 0x0000000088300000| PB 0x0000000088300000| Untracked 
|  78|0x0000000088400000, 0x0000000088400000, 0x0000000088500000|  0%| F|  |TAMS 0x0000000088400000| PB 0x0000000088400000| Untracked 
|  79|0x0000000088500000, 0x0000000088500000, 0x0000000088600000|  0%| F|  |TAMS 0x0000000088500000| PB 0x0000000088500000| Untracked 
|  80|0x0000000088600000, 0x0000000088600000, 0x0000000088700000|  0%| F|  |TAMS 0x0000000088600000| PB 0x0000000088600000| Untracked 
|  81|0x0000000088700000, 0x0000000088700000, 0x0000000088800000|  0%| F|  |TAMS 0x0000000088700000| PB 0x0000000088700000| Untracked 
|  82|0x0000000088800000, 0x0000000088800000, 0x0000000088900000|  0%| F|  |TAMS 0x0000000088800000| PB 0x0000000088800000| Untracked 
|  83|0x0000000088900000, 0x0000000088900000, 0x0000000088a00000|  0%| F|  |TAMS 0x0000000088900000| PB 0x0000000088900000| Untracked 
|  84|0x0000000088a00000, 0x0000000088a00000, 0x0000000088b00000|  0%| F|  |TAMS 0x0000000088a00000| PB 0x0000000088a00000| Untracked 
|  85|0x0000000088b00000, 0x0000000088b00000, 0x0000000088c00000|  0%| F|  |TAMS 0x0000000088b00000| PB 0x0000000088b00000| Untracked 
|  86|0x0000000088c00000, 0x0000000088c00000, 0x0000000088d00000|  0%| F|  |TAMS 0x0000000088c00000| PB 0x0000000088c00000| Untracked 
|  87|0x0000000088d00000, 0x0000000088d00000, 0x0000000088e00000|  0%| F|  |TAMS 0x0000000088d00000| PB 0x0000000088d00000| Untracked 
|  88|0x0000000088e00000, 0x0000000088e00000, 0x0000000088f00000|  0%| F|  |TAMS 0x0000000088e00000| PB 0x0000000088e00000| Untracked 
|  89|0x0000000088f00000, 0x0000000088f00000, 0x0000000089000000|  0%| F|  |TAMS 0x0000000088f00000| PB 0x0000000088f00000| Untracked 
|  90|0x0000000089000000, 0x0000000089000000, 0x0000000089100000|  0%| F|  |TAMS 0x0000000089000000| PB 0x0000000089000000| Untracked 
|  91|0x0000000089100000, 0x0000000089100000, 0x0000000089200000|  0%| F|  |TAMS 0x0000000089100000| PB 0x0000000089100000| Untracked 
|  92|0x0000000089200000, 0x0000000089200000, 0x0000000089300000|  0%| F|  |TAMS 0x0000000089200000| PB 0x0000000089200000| Untracked 
|  93|0x0000000089300000, 0x0000000089300000, 0x0000000089400000|  0%| F|  |TAMS 0x0000000089300000| PB 0x0000000089300000| Untracked 
|  94|0x0000000089400000, 0x0000000089400000, 0x0000000089500000|  0%| F|  |TAMS 0x0000000089400000| PB 0x0000000089400000| Untracked 
|  95|0x0000000089500000, 0x0000000089500000, 0x0000000089600000|  0%| F|  |TAMS 0x0000000089500000| PB 0x0000000089500000| Untracked 
|  96|0x0000000089600000, 0x0000000089600000, 0x0000000089700000|  0%| F|  |TAMS 0x0000000089600000| PB 0x0000000089600000| Untracked 
|  97|0x0000000089700000, 0x0000000089700000, 0x0000000089800000|  0%| F|  |TAMS 0x0000000089700000| PB 0x0000000089700000| Untracked 
|  98|0x0000000089800000, 0x0000000089800000, 0x0000000089900000|  0%| F|  |TAMS 0x0000000089800000| PB 0x0000000089800000| Untracked 
|  99|0x0000000089900000, 0x0000000089900000, 0x0000000089a00000|  0%| F|  |TAMS 0x0000000089900000| PB 0x0000000089900000| Untracked 
| 100|0x0000000089a00000, 0x0000000089a00000, 0x0000000089b00000|  0%| F|  |TAMS 0x0000000089a00000| PB 0x0000000089a00000| Untracked 
| 101|0x0000000089b00000, 0x0000000089b00000, 0x0000000089c00000|  0%| F|  |TAMS 0x0000000089b00000| PB 0x0000000089b00000| Untracked 
| 102|0x0000000089c00000, 0x0000000089c00000, 0x0000000089d00000|  0%| F|  |TAMS 0x0000000089c00000| PB 0x0000000089c00000| Untracked 
| 103|0x0000000089d00000, 0x0000000089d00000, 0x0000000089e00000|  0%| F|  |TAMS 0x0000000089d00000| PB 0x0000000089d00000| Untracked 
| 104|0x0000000089e00000, 0x0000000089e00000, 0x0000000089f00000|  0%| F|  |TAMS 0x0000000089e00000| PB 0x0000000089e00000| Untracked 
| 105|0x0000000089f00000, 0x0000000089f00000, 0x000000008a000000|  0%| F|  |TAMS 0x0000000089f00000| PB 0x0000000089f00000| Untracked 
| 106|0x000000008a000000, 0x000000008a000000, 0x000000008a100000|  0%| F|  |TAMS 0x000000008a000000| PB 0x000000008a000000| Untracked 
| 107|0x000000008a100000, 0x000000008a100000, 0x000000008a200000|  0%| F|  |TAMS 0x000000008a100000| PB 0x000000008a100000| Untracked 
| 108|0x000000008a200000, 0x000000008a200000, 0x000000008a300000|  0%| F|  |TAMS 0x000000008a200000| PB 0x000000008a200000| Untracked 
| 109|0x000000008a300000, 0x000000008a300000, 0x000000008a400000|  0%| F|  |TAMS 0x000000008a300000| PB 0x000000008a300000| Untracked 
| 110|0x000000008a400000, 0x000000008a400000, 0x000000008a500000|  0%| F|  |TAMS 0x000000008a400000| PB 0x000000008a400000| Untracked 
| 111|0x000000008a500000, 0x000000008a600000, 0x000000008a600000|100%| S|CS|TAMS 0x000000008a500000| PB 0x000000008a500000| Complete 
| 112|0x000000008a600000, 0x000000008a700000, 0x000000008a700000|100%| S|CS|TAMS 0x000000008a600000| PB 0x000000008a600000| Complete 
| 113|0x000000008a700000, 0x000000008a700000, 0x000000008a800000|  0%| F|  |TAMS 0x000000008a700000| PB 0x000000008a700000| Untracked 
| 114|0x000000008a800000, 0x000000008a8373e0, 0x000000008a900000| 21%| E|  |TAMS 0x000000008a800000| PB 0x000000008a800000| Complete 
| 115|0x000000008a900000, 0x000000008aa00000, 0x000000008aa00000|100%| E|CS|TAMS 0x000000008a900000| PB 0x000000008a900000| Complete 
| 116|0x000000008aa00000, 0x000000008ab00000, 0x000000008ab00000|100%| E|CS|TAMS 0x000000008aa00000| PB 0x000000008aa00000| Complete 
| 117|0x000000008ab00000, 0x000000008ac00000, 0x000000008ac00000|100%| E|CS|TAMS 0x000000008ab00000| PB 0x000000008ab00000| Complete 
| 118|0x000000008ac00000, 0x000000008ad00000, 0x000000008ad00000|100%| E|CS|TAMS 0x000000008ac00000| PB 0x000000008ac00000| Complete 
| 119|0x000000008ad00000, 0x000000008ae00000, 0x000000008ae00000|100%| E|CS|TAMS 0x000000008ad00000| PB 0x000000008ad00000| Complete 
| 120|0x000000008ae00000, 0x000000008af00000, 0x000000008af00000|100%| E|CS|TAMS 0x000000008ae00000| PB 0x000000008ae00000| Complete 
| 121|0x000000008af00000, 0x000000008b000000, 0x000000008b000000|100%| E|CS|TAMS 0x000000008af00000| PB 0x000000008af00000| Complete 
| 122|0x000000008b000000, 0x000000008b100000, 0x000000008b100000|100%| E|CS|TAMS 0x000000008b000000| PB 0x000000008b000000| Complete 
| 123|0x000000008b100000, 0x000000008b200000, 0x000000008b200000|100%| E|CS|TAMS 0x000000008b100000| PB 0x000000008b100000| Complete 
| 124|0x000000008b200000, 0x000000008b300000, 0x000000008b300000|100%| E|CS|TAMS 0x000000008b200000| PB 0x000000008b200000| Complete 
| 125|0x000000008b300000, 0x000000008b400000, 0x000000008b400000|100%| E|CS|TAMS 0x000000008b300000| PB 0x000000008b300000| Complete 

Card table byte_map: [0x0000015cfea50000,0x0000015cfee40000] _byte_map_base: 0x0000015cfe635000

Marking Bits: (CMBitMap*) 0x0000015cf441c320
 Bits: [0x0000015c8f000000, 0x0000015c90f28000)

Polling page: 0x0000015cf4490000

Metaspace:

Usage:
  Non-class:      7.67 MB used.
      Class:   1018.45 KB used.
       Both:      8.67 MB used.

Virtual space:
  Non-class space:       64.00 MB reserved,       7.81 MB ( 12%) committed,  1 nodes.
      Class space:        1.00 GB reserved,       1.12 MB ( <1%) committed,  1 nodes.
             Both:        1.06 GB reserved,       8.94 MB ( <1%) committed. 

Chunk freelists:
   Non-Class:  7.83 MB
       Class:  14.73 MB
        Both:  22.56 MB

MaxMetaspaceSize: unlimited
CompressedClassSpaceSize: 1.00 GB
Initial GC threshold: 21.00 MB
Current GC threshold: 21.00 MB
CDS: on
 - commit_granule_bytes: 65536.
 - commit_granule_words: 8192.
 - virtual_space_node_default_size: 8388608.
 - enlarge_chunks_in_place: 1.
 - use_allocation_guard: 0.


Internal statistics:

num_allocs_failed_limit: 0.
num_arena_births: 224.
num_arena_deaths: 0.
num_vsnodes_births: 2.
num_vsnodes_deaths: 0.
num_space_committed: 143.
num_space_uncommitted: 0.
num_chunks_returned_to_freelist: 0.
num_chunks_taken_from_freelist: 416.
num_chunk_merges: 0.
num_chunk_splits: 277.
num_chunks_enlarged: 185.
num_inconsistent_stats: 0.

CodeHeap 'non-profiled nmethods': size=120000Kb used=485Kb max_used=485Kb free=119514Kb
 bounds [0x0000015c87ad0000, 0x0000015c87d40000, 0x0000015c8f000000]
CodeHeap 'profiled nmethods': size=120000Kb used=2798Kb max_used=2798Kb free=117201Kb
 bounds [0x0000015c80000000, 0x0000015c802c0000, 0x0000015c87530000]
CodeHeap 'non-nmethods': size=5760Kb used=1592Kb max_used=1592Kb free=4167Kb
 bounds [0x0000015c87530000, 0x0000015c877a0000, 0x0000015c87ad0000]
 total_blobs=2118 nmethods=1594 adapters=428
 compilation: enabled
              stopped_count=0, restarted_count=0
 full_count=0

Compilation events (20 events):
Event: 4.504 Thread 0x0000015cd8110080 1527       3       java.util.Optional::isPresent (13 bytes)
Event: 4.504 Thread 0x0000015cd8110080 nmethod 1527 0x0000015c80297c90 code [0x0000015c80297e20, 0x0000015c80297f88]
Event: 4.504 Thread 0x0000015cd8110080 1528       3       jdk.jfr.internal.jfc.model.XmlSetting::getControl (7 bytes)
Event: 4.505 Thread 0x0000015cd8110080 nmethod 1528 0x0000015c80298010 code [0x0000015c80298200, 0x0000015c80298760]
Event: 4.505 Thread 0x0000015cd8110080 1525       3       jdk.jfr.internal.jfc.model.XmlElement::addListener (17 bytes)
Event: 4.505 Thread 0x0000015cd8110080 nmethod 1525 0x0000015c80298910 code [0x0000015c80298ae0, 0x0000015c80298e08]
Event: 4.505 Thread 0x0000015cd8110080 1529       3       jdk.jfr.internal.jfc.model.XmlElement::attribute (14 bytes)
Event: 4.505 Thread 0x0000015cd8110080 nmethod 1529 0x0000015c80298f90 code [0x0000015c80299140, 0x0000015c80299408]
Event: 4.505 Thread 0x0000015cd89bc0b0 1513       4       jdk.internal.util.xml.impl.Parser::ensureCapacity (96 bytes)
Event: 4.507 Thread 0x0000015cd89bc0b0 nmethod 1513 0x0000015c87b43410 code [0x0000015c87b435c0, 0x0000015c87b437e8]
Event: 4.507 Thread 0x0000015cd89bc0b0 1512       4       java.lang.StringLatin1::inflate (34 bytes)
Event: 4.510 Thread 0x0000015cd8110080 1530       3       java.lang.invoke.AbstractValidatingLambdaMetafactory::isAdaptableTo (126 bytes)
Event: 4.511 Thread 0x0000015cd8110080 nmethod 1530 0x0000015c80299510 code [0x0000015c802997c0, 0x0000015c8029a160]
Event: 4.511 Thread 0x0000015cd8110080 1531       3       java.lang.invoke.LambdaFormEditor$TransformKey::packedBytes (30 bytes)
Event: 4.511 Thread 0x0000015cd8110080 nmethod 1531 0x0000015c8029a510 code [0x0000015c8029a6a0, 0x0000015c8029a7a8]
Event: 4.744 Thread 0x0000015cd8110080 1532       3       java.lang.StringLatin1$LinesSpliterator::indexOfLineSeparator (44 bytes)
Event: 4.744 Thread 0x0000015cd8110080 nmethod 1532 0x0000015c8029a810 code [0x0000015c8029a9e0, 0x0000015c8029acc0]
Event: 4.745 Thread 0x0000015cd8110080 1533       3       java.util.HashMap$EntrySet::iterator (12 bytes)
Event: 4.745 Thread 0x0000015cd8110080 nmethod 1533 0x0000015c8029ae10 code [0x0000015c8029afc0, 0x0000015c8029b1c8]
Event: 4.746 Thread 0x0000015cd8110080 1534       3       java.lang.invoke.MethodType::dropParameterTypes (162 bytes)

GC Heap History (2 events):
Event: 3.141 GC heap before
{Heap before GC invocations=0 (full 0):
 garbage-first heap   total 129024K, used 14336K [0x0000000083600000, 0x0000000100000000)
  region size 1024K, 13 young (13312K), 0 survivors (0K)
 Metaspace       used 4477K, committed 4608K, reserved 1114112K
  class space    used 521K, committed 576K, reserved 1048576K
}
Event: 3.159 GC heap after
{Heap after GC invocations=1 (full 0):
 garbage-first heap   total 129024K, used 3933K [0x0000000083600000, 0x0000000100000000)
  region size 1024K, 2 young (2048K), 2 survivors (2048K)
 Metaspace       used 4477K, committed 4608K, reserved 1114112K
  class space    used 521K, committed 576K, reserved 1048576K
}

Dll operation events (8 events):
Event: 0.051 Loaded shared library C:\Program Files\Java\jdk-21.0.7\bin\java.dll
Event: 0.115 Loaded shared library C:\Program Files\Java\jdk-21.0.7\bin\jsvml.dll
Event: 0.207 Loaded shared library C:\Program Files\Java\jdk-21.0.7\bin\net.dll
Event: 0.226 Loaded shared library C:\Program Files\Java\jdk-21.0.7\bin\nio.dll
Event: 0.279 Loaded shared library C:\Program Files\Java\jdk-21.0.7\bin\zip.dll
Event: 0.607 Loaded shared library C:\Program Files\Java\jdk-21.0.7\bin\jimage.dll
Event: 1.909 Loaded shared library C:\Program Files\Java\jdk-21.0.7\bin\management.dll
Event: 1.970 Loaded shared library C:\Program Files\Java\jdk-21.0.7\bin\management_ext.dll

Deoptimization events (20 events):
Event: 4.421 Thread 0x0000015cf43c9800 Uncommon trap: trap_request=0xffffff45 fr.pc=0x0000015c87b11888 relative=0x0000000000000168
Event: 4.421 Thread 0x0000015cf43c9800 Uncommon trap: reason=unstable_if action=reinterpret pc=0x0000015c87b11888 method=java.util.concurrent.locks.ReentrantLock$NonfairSync.initialTryLock()Z @ 10 c2
Event: 4.421 Thread 0x0000015cf43c9800 DEOPT PACKING pc=0x0000015c87b11888 sp=0x0000003fd84fccf0
Event: 4.421 Thread 0x0000015cf43c9800 DEOPT UNPACKING pc=0x0000015c87587da2 sp=0x0000003fd84fcbe0 mode 2
Event: 4.440 Thread 0x0000015cf43c9800 Uncommon trap: trap_request=0xffffff45 fr.pc=0x0000015c87b15a3c relative=0x000000000000009c
Event: 4.440 Thread 0x0000015cf43c9800 Uncommon trap: reason=unstable_if action=reinterpret pc=0x0000015c87b15a3c method=java.lang.CharacterDataLatin1.isWhitespace(I)Z @ 14 c2
Event: 4.440 Thread 0x0000015cf43c9800 DEOPT PACKING pc=0x0000015c87b15a3c sp=0x0000003fd84fd6e0
Event: 4.440 Thread 0x0000015cf43c9800 DEOPT UNPACKING pc=0x0000015c87587da2 sp=0x0000003fd84fd650 mode 2
Event: 4.496 Thread 0x0000015cf43c9800 Uncommon trap: trap_request=0xffffff45 fr.pc=0x0000015c87b41bd8 relative=0x00000000000000b8
Event: 4.496 Thread 0x0000015cf43c9800 Uncommon trap: reason=unstable_if action=reinterpret pc=0x0000015c87b41bd8 method=jdk.internal.util.xml.impl.Parser.bappend(CC)V @ 1 c2
Event: 4.496 Thread 0x0000015cf43c9800 DEOPT PACKING pc=0x0000015c87b41bd8 sp=0x0000003fd84fd570
Event: 4.496 Thread 0x0000015cf43c9800 DEOPT UNPACKING pc=0x0000015c87587da2 sp=0x0000003fd84fd4f8 mode 2
Event: 4.496 Thread 0x0000015cf43c9800 Uncommon trap: trap_request=0xffffff45 fr.pc=0x0000015c87b41814 relative=0x0000000000000074
Event: 4.496 Thread 0x0000015cf43c9800 Uncommon trap: reason=unstable_if action=reinterpret pc=0x0000015c87b41814 method=jdk.internal.util.xml.impl.Parser.ensureCapacity(I)V @ 40 c2
Event: 4.496 Thread 0x0000015cf43c9800 DEOPT PACKING pc=0x0000015c87b41814 sp=0x0000003fd84fd570
Event: 4.496 Thread 0x0000015cf43c9800 DEOPT UNPACKING pc=0x0000015c87587da2 sp=0x0000003fd84fd4e8 mode 2
Event: 4.501 Thread 0x0000015cf43c9800 DEOPT PACKING pc=0x0000015c800f1449 sp=0x0000003fd84fd1c0
Event: 4.501 Thread 0x0000015cf43c9800 DEOPT UNPACKING pc=0x0000015c875888e2 sp=0x0000003fd84fc660 mode 0
Event: 4.502 Thread 0x0000015cf43c9800 DEOPT PACKING pc=0x0000015c800f1449 sp=0x0000003fd84fd0b0
Event: 4.502 Thread 0x0000015cf43c9800 DEOPT UNPACKING pc=0x0000015c875888e2 sp=0x0000003fd84fc550 mode 0

Classes loaded (20 events):
Event: 4.490 Loading class jdk/jfr/internal/jfc/model/XmlExpression done
Event: 4.490 Loading class jdk/jfr/internal/jfc/model/XmlCondition done
Event: 4.490 Loading class jdk/jfr/internal/jfc/model/XmlText
Event: 4.490 Loading class jdk/jfr/internal/jfc/model/XmlInput
Event: 4.490 Loading class jdk/jfr/internal/jfc/model/XmlInput done
Event: 4.490 Loading class jdk/jfr/internal/jfc/model/XmlText done
Event: 4.490 Loading class jdk/jfr/internal/jfc/model/XmlSelection
Event: 4.491 Loading class jdk/jfr/internal/jfc/model/XmlSelection done
Event: 4.491 Loading class jdk/jfr/internal/jfc/model/XmlFlag
Event: 4.491 Loading class jdk/jfr/internal/jfc/model/XmlFlag done
Event: 4.491 Loading class jdk/jfr/internal/jfc/model/XmlOption
Event: 4.491 Loading class jdk/jfr/internal/jfc/model/XmlOption done
Event: 4.491 Loading class jdk/jfr/internal/jfc/model/XmlOr
Event: 4.491 Loading class jdk/jfr/internal/jfc/model/XmlOr done
Event: 4.491 Loading class jdk/jfr/internal/jfc/model/XmlAnd
Event: 4.491 Loading class jdk/jfr/internal/jfc/model/XmlAnd done
Event: 4.491 Loading class jdk/jfr/internal/jfc/model/XmlTest
Event: 4.491 Loading class jdk/jfr/internal/jfc/model/XmlTest done
Event: 4.491 Loading class jdk/jfr/internal/jfc/model/XmlNot
Event: 4.491 Loading class jdk/jfr/internal/jfc/model/XmlNot done

Classes unloaded (0 events):
No events

Classes redefined (0 events):
No events

Internal exceptions (20 events):
Event: 2.060 Thread 0x0000015cf43c9800 Exception <a 'java/lang/NoSuchMethodError'{0x000000008ad885a0}: 'int java.lang.invoke.DirectMethodHandle$Holder.invokeSpecial(java.lang.Object, java.lang.Object, java.lang.Object)'> (0x000000008ad885a0) 
thrown [s\open\src\hotspot\share\interpreter\linkResolver.cpp, line 773]
Event: 2.223 Thread 0x0000015cf43c9800 Exception <a 'java/lang/NoSuchMethodError'{0x000000008ac22738}: 'void java.lang.invoke.DirectMethodHandle$Holder.invokeStatic(java.lang.Object, java.lang.Object, java.lang.Object, java.lang.Object)'> (0x000000008ac22738) 
thrown [s\open\src\hotspot\share\interpreter\linkResolver.cpp, line 773]
Event: 2.224 Thread 0x0000015cf43c9800 Exception <a 'java/lang/NoSuchMethodError'{0x000000008ac26150}: 'void java.lang.invoke.DirectMethodHandle$Holder.invokeStaticInit(java.lang.Object, java.lang.Object, java.lang.Object, java.lang.Object)'> (0x000000008ac26150) 
thrown [s\open\src\hotspot\share\interpreter\linkResolver.cpp, line 773]
Event: 2.464 Thread 0x0000015cf43c9800 Exception <a 'java/lang/NoSuchMethodError'{0x000000008ab0bd00}: 'java.lang.Object java.lang.invoke.DirectMethodHandle$Holder.invokeInterface(java.lang.Object, java.lang.Object)'> (0x000000008ab0bd00) 
thrown [s\open\src\hotspot\share\interpreter\linkResolver.cpp, line 773]
Event: 2.470 Thread 0x0000015cf43c9800 Exception <a 'java/lang/NoSuchMethodError'{0x000000008ab15de8}: 'java.lang.Object java.lang.invoke.Invokers$Holder.invokeExact_MT(java.lang.Object, java.lang.Object, java.lang.Object, java.lang.Object, java.lang.Object, java.lang.Object)'> (0x000000008ab15de8) 
thrown [s\open\src\hotspot\share\interpreter\linkResolver.cpp, line 773]
Event: 3.091 Thread 0x0000015cf43c9800 Exception <a 'java/lang/NoSuchMethodError'{0x000000008a794bd8}: 'java.lang.Object java.lang.invoke.DirectMethodHandle$Holder.newInvokeSpecial(java.lang.Object, long, int, java.lang.Object)'> (0x000000008a794bd8) 
thrown [s\open\src\hotspot\share\interpreter\linkResolver.cpp, line 773]
Event: 3.170 Thread 0x0000015cf43c9800 Exception <a 'java/lang/NoSuchMethodError'{0x000000008b398e78}: 'java.lang.Object java.lang.invoke.DirectMethodHandle$Holder.newInvokeSpecial(java.lang.Object, java.lang.Object, java.lang.Object, java.lang.Object, java.lang.Object)'> (0x000000008b398e78) 
thrown [s\open\src\hotspot\share\interpreter\linkResolver.cpp, line 773]
Event: 3.201 Thread 0x0000015cf43c9800 Exception <a 'java/lang/NoSuchMethodError'{0x000000008b293810}: 'int java.lang.invoke.DirectMethodHandle$Holder.invokeSpecial(java.lang.Object, java.lang.Object, java.lang.Object, int)'> (0x000000008b293810) 
thrown [s\open\src\hotspot\share\interpreter\linkResolver.cpp, line 773]
Event: 3.202 Thread 0x0000015cf43c9800 Exception <a 'java/lang/NoSuchMethodError'{0x000000008b2a5920}: 'java.lang.Object java.lang.invoke.DirectMethodHandle$Holder.invokeStatic(java.lang.Object, java.lang.Object, java.lang.Object, java.lang.Object, int)'> (0x000000008b2a5920) 
thrown [s\open\src\hotspot\share\interpreter\linkResolver.cpp, line 773]
Event: 3.203 Thread 0x0000015cf43c9800 Exception <a 'java/lang/NoSuchMethodError'{0x000000008b2b15a8}: 'java.lang.Object java.lang.invoke.DelegatingMethodHandle$Holder.reinvoke_L(java.lang.Object, int, java.lang.Object, java.lang.Object, java.lang.Object, java.lang.Object, java.lang.Object, java.lang.Object, java.lang.Object)'> (0x000000008b2b15a8) 
thrown [s\open\src\hotspot\share\interpreter\linkResolver.cpp, line 773]
Event: 3.208 Thread 0x0000015cf43c9800 Exception <a 'java/lang/NoSuchMethodError'{0x000000008b2e1718}: 'java.lang.Object java.lang.invoke.DirectMethodHandle$Holder.invokeStatic(java.lang.Object, java.lang.Object, int)'> (0x000000008b2e1718) 
thrown [s\open\src\hotspot\share\interpreter\linkResolver.cpp, line 773]
Event: 3.209 Thread 0x0000015cf43c9800 Exception <a 'java/lang/NoSuchMethodError'{0x000000008b2ecaa0}: 'void java.lang.invoke.DelegatingMethodHandle$Holder.delegate(java.lang.Object, java.lang.Object, int, java.lang.Object)'> (0x000000008b2ecaa0) 
thrown [s\open\src\hotspot\share\interpreter\linkResolver.cpp, line 773]
Event: 3.235 Thread 0x0000015cf43c9800 Exception <a 'java/lang/NoSuchMethodError'{0x000000008b1ad1c0}: 'void java.lang.invoke.Invokers$Holder.invokeExact_MT(java.lang.Object, java.lang.Object, java.lang.Object, java.lang.Object)'> (0x000000008b1ad1c0) 
thrown [s\open\src\hotspot\share\interpreter\linkResolver.cpp, line 773]
Event: 3.238 Thread 0x0000015cf43c9800 Exception <a 'java/lang/NoSuchMethodError'{0x000000008b1c34a8}: 'void java.lang.invoke.DelegatingMethodHandle$Holder.reinvoke_L(java.lang.Object, java.lang.Object, int)'> (0x000000008b1c34a8) 
thrown [s\open\src\hotspot\share\interpreter\linkResolver.cpp, line 773]
Event: 3.238 Thread 0x0000015cf43c9800 Exception <a 'java/lang/NoSuchMethodError'{0x000000008b1c9c98}: 'int java.lang.invoke.Invokers$Holder.invokeExact_MT(java.lang.Object, java.lang.Object, java.lang.Object)'> (0x000000008b1c9c98) 
thrown [s\open\src\hotspot\share\interpreter\linkResolver.cpp, line 773]
Event: 3.259 Thread 0x0000015cf43c9800 Exception <a 'java/lang/NoSuchMethodError'{0x000000008b0978f8}: 'int java.lang.invoke.DirectMethodHandle$Holder.invokeStaticInit(java.lang.Object, java.lang.Object, java.lang.Object)'> (0x000000008b0978f8) 
thrown [s\open\src\hotspot\share\interpreter\linkResolver.cpp, line 773]
Event: 4.263 Thread 0x0000015cf43c9800 Exception <a 'java/lang/NoSuchMethodError'{0x000000008ae9a110}: 'int java.lang.invoke.DirectMethodHandle$Holder.invokeInterface(java.lang.Object, java.lang.Object)'> (0x000000008ae9a110) 
thrown [s\open\src\hotspot\share\interpreter\linkResolver.cpp, line 773]
Event: 4.263 Thread 0x0000015cf43c9800 Exception <a 'java/lang/IncompatibleClassChangeError'{0x000000008ae9d320}: Found class java.lang.Object, but interface was expected> (0x000000008ae9d320) 
thrown [s\open\src\hotspot\share\interpreter\linkResolver.cpp, line 840]
Event: 4.264 Thread 0x0000015cf43c9800 Exception <a 'java/lang/NoSuchMethodError'{0x000000008aea2340}: 'void java.lang.invoke.DirectMethodHandle$Holder.invokeStatic(java.lang.Object, java.lang.Object)'> (0x000000008aea2340) 
thrown [s\open\src\hotspot\share\interpreter\linkResolver.cpp, line 773]
Event: 4.448 Thread 0x0000015cf43c9800 Exception <a 'java/lang/NoSuchMethodError'{0x000000008ac6ad00}: 'java.lang.Object java.lang.invoke.DirectMethodHandle$Holder.invokeStaticInit(java.lang.Object, java.lang.Object, java.lang.Object)'> (0x000000008ac6ad00) 
thrown [s\open\src\hotspot\share\interpreter\linkResolver.cpp, line 773]

ZGC Phase Switch (0 events):
No events

VM Operations (18 events):
Event: 0.284 Executing VM operation: HandshakeAllThreads (Deoptimize)
Event: 0.292 Executing VM operation: HandshakeAllThreads (Deoptimize) done
Event: 1.293 Executing VM operation: Cleanup
Event: 1.293 Executing VM operation: Cleanup done
Event: 1.352 Executing VM operation: HandshakeAllThreads (Deoptimize)
Event: 1.352 Executing VM operation: HandshakeAllThreads (Deoptimize) done
Event: 1.751 Executing VM operation: HandshakeAllThreads (Deoptimize)
Event: 1.751 Executing VM operation: HandshakeAllThreads (Deoptimize) done
Event: 1.751 Executing VM operation: HandshakeAllThreads (Deoptimize)
Event: 1.751 Executing VM operation: HandshakeAllThreads (Deoptimize) done
Event: 2.762 Executing VM operation: Cleanup
Event: 2.762 Executing VM operation: Cleanup done
Event: 3.141 Executing VM operation: G1CollectForAllocation (G1 Evacuation Pause)
Event: 3.159 Executing VM operation: G1CollectForAllocation (G1 Evacuation Pause) done
Event: 3.208 Executing VM operation: HandshakeAllThreads (Deoptimize)
Event: 3.208 Executing VM operation: HandshakeAllThreads (Deoptimize) done
Event: 4.215 Executing VM operation: Cleanup
Event: 4.215 Executing VM operation: Cleanup done

Events (18 events):
Event: 0.075 Thread 0x0000015cf43c9800 Thread added: 0x0000015cf43c9800
Event: 0.102 Thread 0x0000015cff4567f0 Thread added: 0x0000015cff4567f0
Event: 0.102 Thread 0x0000015cff45a0b0 Thread added: 0x0000015cff45a0b0
Event: 0.102 Thread 0x0000015cff4618a0 Thread added: 0x0000015cff4618a0
Event: 0.102 Thread 0x0000015cff4604f0 Thread added: 0x0000015cff4604f0
Event: 0.102 Thread 0x0000015cff4625c0 Thread added: 0x0000015cff4625c0
Event: 0.103 Thread 0x0000015cff462c50 Thread added: 0x0000015cff462c50
Event: 0.103 Thread 0x0000015cff465d60 Thread added: 0x0000015cff465d60
Event: 0.116 Thread 0x0000015cd8110080 Thread added: 0x0000015cd8110080
Event: 0.181 Thread 0x0000015cff45f7d0 Thread added: 0x0000015cff45f7d0
Event: 0.185 Thread 0x0000015cff460b80 Thread added: 0x0000015cff460b80
Event: 1.322 Thread 0x0000015cd831add0 Thread added: 0x0000015cd831add0
Event: 1.597 Thread 0x0000015cd831add0 Thread exited: 0x0000015cd831add0
Event: 2.519 Thread 0x0000015cd84cd600 Thread added: 0x0000015cd84cd600
Event: 2.626 Thread 0x0000015cd84cd600 Thread exited: 0x0000015cd84cd600
Event: 4.226 Thread 0x0000015cff461210 Thread added: 0x0000015cff461210
Event: 4.227 Thread 0x0000015cff461210 Thread exited: 0x0000015cff461210
Event: 4.500 Thread 0x0000015cd89bc0b0 Thread added: 0x0000015cd89bc0b0


Dynamic libraries:
0x00007ff624a30000 - 0x00007ff624a40000 	C:\Program Files\Java\jdk-21.0.7\bin\java.exe
0x00007ffd02200000 - 0x00007ffd02468000 	C:\WINDOWS\SYSTEM32\ntdll.dll
0x00007ffd01180000 - 0x00007ffd01249000 	C:\WINDOWS\System32\KERNEL32.DLL
0x00007ffcff8b0000 - 0x00007ffcffc9d000 	C:\WINDOWS\System32\KERNELBASE.dll
0x00007ffcffe20000 - 0x00007ffcfff6b000 	C:\WINDOWS\System32\ucrtbase.dll
0x00007ffceb110000 - 0x00007ffceb129000 	C:\Program Files\Java\jdk-21.0.7\bin\jli.dll
0x00007ffd01950000 - 0x00007ffd01a04000 	C:\WINDOWS\System32\ADVAPI32.dll
0x00007ffd02050000 - 0x00007ffd020f9000 	C:\WINDOWS\System32\msvcrt.dll
0x00007ffd02100000 - 0x00007ffd021a6000 	C:\WINDOWS\System32\sechost.dll
0x00007ffd01a10000 - 0x00007ffd01b28000 	C:\WINDOWS\System32\RPCRT4.dll
0x00007ffd01e80000 - 0x00007ffd0204c000 	C:\WINDOWS\System32\USER32.dll
0x00007ffcfff70000 - 0x00007ffcfff97000 	C:\WINDOWS\System32\win32u.dll
0x00007ffd00470000 - 0x00007ffd0049b000 	C:\WINDOWS\System32\GDI32.dll
0x00007ffcff6b0000 - 0x00007ffcff7e7000 	C:\WINDOWS\System32\gdi32full.dll
0x00007ffcff560000 - 0x00007ffcff603000 	C:\WINDOWS\System32\msvcp_win.dll
0x00007ffce7ea0000 - 0x00007ffce7ebb000 	C:\Program Files\Java\jdk-21.0.7\bin\VCRUNTIME140.dll
0x00007ffcec010000 - 0x00007ffcec2aa000 	C:\WINDOWS\WinSxS\amd64_microsoft.windows.common-controls_6595b64144ccf1df_6.0.26100.4484_none_3e0e6d4ce32ef3b3\COMCTL32.dll
0x00007ffcea520000 - 0x00007ffcea52b000 	C:\WINDOWS\SYSTEM32\VERSION.dll
0x00007ffcfffa0000 - 0x00007ffcfffcf000 	C:\WINDOWS\System32\IMM32.DLL
0x00007ffcecf50000 - 0x00007ffcecf5c000 	C:\Program Files\Java\jdk-21.0.7\bin\vcruntime140_1.dll
0x00007ffcaf730000 - 0x00007ffcaf7be000 	C:\Program Files\Java\jdk-21.0.7\bin\msvcp140.dll
0x00007ffcadd50000 - 0x00007ffcaea6a000 	C:\Program Files\Java\jdk-21.0.7\bin\server\jvm.dll
0x00007ffd01100000 - 0x00007ffd01174000 	C:\WINDOWS\System32\WS2_32.dll
0x00007ffcfebb0000 - 0x00007ffcfec0e000 	C:\WINDOWS\SYSTEM32\POWRPROF.dll
0x00007ffce63e0000 - 0x00007ffce6415000 	C:\WINDOWS\SYSTEM32\WINMM.dll
0x00007ffcfea70000 - 0x00007ffcfea84000 	C:\WINDOWS\SYSTEM32\UMPDC.dll
0x00007ffcfd820000 - 0x00007ffcfd83b000 	C:\WINDOWS\SYSTEM32\kernel.appcore.dll
0x00007ffcece10000 - 0x00007ffcece1a000 	C:\Program Files\Java\jdk-21.0.7\bin\jimage.dll
0x00007ffcfec40000 - 0x00007ffcfee81000 	C:\WINDOWS\SYSTEM32\DBGHELP.DLL
0x00007ffd00d40000 - 0x00007ffd010c6000 	C:\WINDOWS\System32\combase.dll
0x00007ffd01b30000 - 0x00007ffd01c10000 	C:\WINDOWS\System32\OLEAUT32.dll
0x00007ffcfea90000 - 0x00007ffcfead3000 	C:\WINDOWS\SYSTEM32\dbgcore.DLL
0x00007ffcff610000 - 0x00007ffcff6a9000 	C:\WINDOWS\System32\bcryptPrimitives.dll
0x00007ffce6540000 - 0x00007ffce655f000 	C:\Program Files\Java\jdk-21.0.7\bin\java.dll
0x00007ffd005f0000 - 0x00007ffd00d3a000 	C:\WINDOWS\System32\SHELL32.dll
0x00007ffcffca0000 - 0x00007ffcffe14000 	C:\WINDOWS\System32\wintypes.dll
0x00007ffcfc690000 - 0x00007ffcfceeb000 	C:\WINDOWS\SYSTEM32\windows.storage.dll
0x00007ffd01540000 - 0x00007ffd01635000 	C:\WINDOWS\System32\SHCORE.dll
0x00007ffd00560000 - 0x00007ffd005ca000 	C:\WINDOWS\System32\shlwapi.dll
0x00007ffcff260000 - 0x00007ffcff28f000 	C:\WINDOWS\SYSTEM32\profapi.dll
0x00007ffcaec80000 - 0x00007ffcaed57000 	C:\Program Files\Java\jdk-21.0.7\bin\jsvml.dll
0x00007ffceca90000 - 0x00007ffcecaa0000 	C:\Program Files\Java\jdk-21.0.7\bin\net.dll
0x00007ffcf0070000 - 0x00007ffcf018e000 	C:\WINDOWS\SYSTEM32\WINHTTP.dll
0x00007ffcfdf70000 - 0x00007ffcfdfda000 	C:\WINDOWS\system32\mswsock.dll
0x00007ffcd3130000 - 0x00007ffcd3146000 	C:\Program Files\Java\jdk-21.0.7\bin\nio.dll
0x00007ffcca4f0000 - 0x00007ffcca508000 	C:\Program Files\Java\jdk-21.0.7\bin\zip.dll
0x00007ffcec630000 - 0x00007ffcec63a000 	C:\Program Files\Java\jdk-21.0.7\bin\management.dll
0x00007ffcebb40000 - 0x00007ffcebb4b000 	C:\Program Files\Java\jdk-21.0.7\bin\management_ext.dll
0x00007ffd01250000 - 0x00007ffd01258000 	C:\WINDOWS\System32\PSAPI.DLL
0x00007ffcdf120000 - 0x00007ffcdf138000 	C:\WINDOWS\system32\napinsp.dll
0x00007ffcfd370000 - 0x00007ffcfd496000 	C:\WINDOWS\SYSTEM32\DNSAPI.dll
0x00007ffcfd2a0000 - 0x00007ffcfd2d3000 	C:\WINDOWS\SYSTEM32\IPHLPAPI.DLL
0x00007ffd00550000 - 0x00007ffd0055a000 	C:\WINDOWS\System32\NSI.dll
0x00007ffcdd3d0000 - 0x00007ffcdd3e2000 	C:\WINDOWS\System32\winrnr.dll
0x00007ffcdd390000 - 0x00007ffcdd3c0000 	C:\WINDOWS\system32\nlansp_c.dll
0x00007ffced5f0000 - 0x00007ffced610000 	C:\WINDOWS\system32\wshbth.dll
0x00007ffceea10000 - 0x00007ffceea1b000 	C:\Windows\System32\rasadhlp.dll
0x00007ffcf1150000 - 0x00007ffcf11d6000 	C:\WINDOWS\System32\fwpuclnt.dll
0x00007ffceb7c0000 - 0x00007ffceb7c9000 	C:\Program Files\Java\jdk-21.0.7\bin\extnet.dll

dbghelp: loaded successfully - version: 4.0.5 - missing functions: none
symbol engine: initialized successfully - sym options: 0x614 - pdb path: .;C:\Program Files\Java\jdk-21.0.7\bin;C:\WINDOWS\SYSTEM32;C:\WINDOWS\WinSxS\amd64_microsoft.windows.common-controls_6595b64144ccf1df_6.0.26100.4484_none_3e0e6d4ce32ef3b3;C:\Program Files\Java\jdk-21.0.7\bin\server

VM Arguments:
jvm_args: -Dfile.encoding=UTF-8 -Ddb2.jcc.charsetDecoderEncoder=3 
java_command: com.ibm.db2.server.DssLauncher 3000 off c:\Users\Isuru\AppData\Roaming\Code\logs\20250807T090056\window2\exthost\IBM.db2forzosdeveloperextension -Xmx256M
java_class_path (initial): c:\Users\Isuru\.vscode\extensions\ibm.db2forzosdeveloperextension-2.2.3\dist\dss-dist-2.2.3.jar;;c:\Users\Isuru\.vscode\extensions\ibm.db2forzosdeveloperextension-2.2.3\lib\db2jcc4.jar;c:\Users\Isuru\.vscode\extensions\ibm.db2forzosdeveloperextension-2.2.3\lib\sqlj4.zip
Launcher Type: SUN_STANDARD

[Global flags]
     intx CICompilerCount                          = 3                                         {product} {ergonomic}
     uint ConcGCThreads                            = 1                                         {product} {ergonomic}
     uint G1ConcRefinementThreads                  = 4                                         {product} {ergonomic}
   size_t G1HeapRegionSize                         = 1048576                                   {product} {ergonomic}
    uintx GCDrainStackTargetSize                   = 64                                        {product} {ergonomic}
   size_t InitialHeapSize                          = 132120576                                 {product} {ergonomic}
   size_t MarkStackSize                            = 4194304                                   {product} {ergonomic}
   size_t MaxHeapSize                              = 2090860544                                {product} {ergonomic}
   size_t MaxNewSize                               = 1254096896                                {product} {ergonomic}
   size_t MinHeapDeltaBytes                        = 1048576                                   {product} {ergonomic}
   size_t MinHeapSize                              = 8388608                                   {product} {ergonomic}
    uintx NonNMethodCodeHeapSize                   = 5832780                                {pd product} {ergonomic}
    uintx NonProfiledCodeHeapSize                  = 122912730                              {pd product} {ergonomic}
    uintx ProfiledCodeHeapSize                     = 122912730                              {pd product} {ergonomic}
    uintx ReservedCodeCacheSize                    = 251658240                              {pd product} {ergonomic}
     bool SegmentedCodeCache                       = true                                      {product} {ergonomic}
   size_t SoftMaxHeapSize                          = 2090860544                             {manageable} {ergonomic}
     bool UseCompressedOops                        = true                           {product lp64_product} {ergonomic}
     bool UseG1GC                                  = true                                      {product} {ergonomic}
     bool UseLargePagesIndividualAllocation        = false                                  {pd product} {ergonomic}

Logging:
Log output configuration:
 #0: stdout all=warning uptime,level,tags foldmultilines=false
 #1: stderr all=off uptime,level,tags foldmultilines=false

Environment Variables:
JAVA_HOME=C:\Program Files\Java\jdk-21.0.7
PATH=C:\oraclexe\app\oracle\product\11.2.0\server\bin;C:\Program Files\Java\jdk-21.0.7\bin;C:\WINDOWS\system32;C:\WINDOWS;C:\WINDOWS\System32\Wbem;C:\WINDOWS\System32\WindowsPowerShell\v1.0\;C:\WINDOWS\System32\OpenSSH\;C:\xampp\php;C:\Program Files\MiKTeX\miktex\bin\x64\;C:\ProgramData\ComposerSetup\bin;C:\Program Files\nodejs\;C:\Program Files\dotnet\;C:\Program Files (x86)\Windows Kits\10\Windows Performance Toolkit\;C:\Program Files\Git\cmd;C:\Program Files\Docker\Docker\resources\bin;C:\apache-maven-3.6.3\bin;C:\Users\Isuru\AppData\Local\Programs\Microsoft VS Code\bin;C:\Program Files\nginx-1.28.0;C:\Users\Isuru\AppData\Local\Programs\Microsoft VS Code\bin;C:\Users\Isuru\AppData\Local\Microsoft\WindowsApps;;C:\Program Files\JetBrains\IntelliJ IDEA 2025.1.2\bin;;C:\Program Files\JetBrains\IntelliJ IDEA Community Edition 2025.1.4.1\bin;
USERNAME=Isuru
OS=Windows_NT
PROCESSOR_IDENTIFIER=Intel64 Family 6 Model 140 Stepping 1, GenuineIntel
TMP=C:\Users\Isuru\AppData\Local\Temp
TEMP=C:\Users\Isuru\AppData\Local\Temp




Periodic native trim disabled

---------------  S Y S T E M  ---------------

OS:
 Windows 11 , 64 bit Build 26100 (10.0.26100.4484)
OS uptime: 0 days 17:23 hours
Hyper-V role detected

CPU: total 4 (initial active 4) (2 cores per cpu, 2 threads per core) family 6 model 140 stepping 1 microcode 0x8a, cx8, cmov, fxsr, ht, mmx, 3dnowpref, sse, sse2, sse3, ssse3, sse4.1, sse4.2, popcnt, lzcnt, tsc, tscinvbit, avx, avx2, aes, erms, clmul, bmi1, bmi2, adx, avx512f, avx512dq, avx512cd, avx512bw, avx512vl, sha, fma, vzeroupper, avx512_vpopcntdq, avx512_vpclmulqdq, avx512_vaes, avx512_vnni, clflush, clflushopt, clwb, avx512_vbmi2, avx512_vbmi, hv, rdtscp, rdpid, fsrm, gfni, avx512_bitalg, f16c, cet_ibt, cet_ss, avx512_ifma
Processor Information for processor 0
  Max Mhz: 2995, Current Mhz: 2995, Mhz Limit: 2995
Processor Information for processor 1
  Max Mhz: 2995, Current Mhz: 1198, Mhz Limit: 2995
Processor Information for processor 2
  Max Mhz: 2995, Current Mhz: 2995, Mhz Limit: 2995
Processor Information for processor 3
  Max Mhz: 2995, Current Mhz: 2995, Mhz Limit: 2995

Memory: 4k page, system-wide physical 7971M (616M free)
TotalPageFile size 14649M (AvailPageFile size 0M)
current process WorkingSet (physical memory assigned to process): 75M, peak: 75M
current process commit charge ("private bytes"): 215M, peak: 215M

vm_info: Java HotSpot(TM) 64-Bit Server VM (21.0.7+8-LTS-245) for windows-amd64 JRE (21.0.7+8-LTS-245), built on 2025-02-21T05:11:27Z by "mach5one" with MS VC++ 17.6 (VS2022)

END.
