#
# There is insufficient memory for the Java Runtime Environment to continue.
# Native memory allocation (mmap) failed to map 132120576 bytes for G1 virtual space
# Possible reasons:
#   The system is out of physical RAM or swap space
#   The process is running with CompressedOops enabled, and the Java Heap may be blocking the growth of the native heap
# Possible solutions:
#   Reduce memory load on the system
#   Increase physical memory or swap space
#   Check if swap backing store is full
#   Decrease Java heap size (-Xmx/-Xms)
#   Decrease number of Java threads
#   Decrease Java thread stack sizes (-Xss)
#   Set larger code cache with -XX:ReservedCodeCacheSize=
#   JVM is running with Unscaled Compressed Oops mode in which the Java heap is
#     placed in the first 4GB address space. The Java Heap base address is the
#     maximum limit for the native heap growth. Please use -XX:HeapBaseMinAddress
#     to set the Java Heap base and to place the Java Heap above 4GB virtual address.
# This output file may be truncated or incomplete.
#
#  Out of Memory Error (os_windows.cpp:3603), pid=18752, tid=5000
#
# JRE version:  (21.0.7+8) (build )
# Java VM: Java HotSpot(TM) 64-Bit Server VM (21.0.7+8-LTS-245, mixed mode, sharing, tiered, compressed oops, compressed class ptrs, g1 gc, windows-amd64)
# No core dump will be written. Minidumps are not enabled by default on client versions of Windows
#

---------------  S U M M A R Y ------------

Command Line: 

Host: 11th Gen Intel(R) Core(TM) i3-1115G4 @ 3.00GHz, 4 cores, 7G,  Windows 11 , 64 bit Build 26100 (10.0.26100.4484)
Time: Tue Aug 12 14:00:52 2025 Sri Lanka Standard Time elapsed time: 2.181848 seconds (0d 0h 0m 2s)

---------------  T H R E A D  ---------------

Current thread (0x00000218ddd419a0):  JavaThread "Unknown thread" [_thread_in_vm, id=5000, stack(0x0000003441700000,0x0000003441800000) (1024K)]

Stack: [0x0000003441700000,0x0000003441800000]
Native frames: (J=compiled Java code, j=interpreted, Vv=VM code, C=native code)
V  [jvm.dll+0x6cae19]
V  [jvm.dll+0x855741]
V  [jvm.dll+0x857c6e]
V  [jvm.dll+0x858343]
V  [jvm.dll+0x27e0b6]
V  [jvm.dll+0x6c7595]
V  [jvm.dll+0x6bc0fa]
V  [jvm.dll+0x353eaa]
V  [jvm.dll+0x35bb26]
V  [jvm.dll+0x3ae52e]
V  [jvm.dll+0x3ae7d8]
V  [jvm.dll+0x3281bc]
V  [jvm.dll+0x328d1b]
V  [jvm.dll+0x81eaf9]
V  [jvm.dll+0x3bb211]
V  [jvm.dll+0x807d78]
V  [jvm.dll+0x4503ee]
V  [jvm.dll+0x451fe1]
C  [jli.dll+0x52a3]
C  [ucrtbase.dll+0x37b0]
C  [KERNEL32.DLL+0x2e8d7]
C  [ntdll.dll+0x3c34c]


---------------  P R O C E S S  ---------------

Threads class SMR info:
_java_thread_list=0x00007ffb5492cc48, length=0, elements={
}

Java Threads: ( => current thread )
Total: 0

Other Threads:
  0x00000218dfe9c950 WorkerThread "GC Thread#0"                     [id=6988, stack(0x0000003441800000,0x0000003441900000) (1024K)]
  0x00000218dfeada80 ConcurrentGCThread "G1 Main Marker"            [id=18624, stack(0x0000003441900000,0x0000003441a00000) (1024K)]
  0x00000218dfeae580 WorkerThread "G1 Conc#0"                       [id=9968, stack(0x0000003441a00000,0x0000003441b00000) (1024K)]

[error occurred during error reporting (printing all threads), id 0xc0000005, EXCEPTION_ACCESS_VIOLATION (0xc0000005) at pc=0x00007ffb5409a947]
VM state: not at safepoint (not fully initialized)

VM Mutex/Monitor currently owned by a thread:  ([mutex/lock_event])
[0x00007ffb5499df50] Heap_lock - owner thread: 0x00000218ddd419a0

Heap address: 0x0000000083600000, size: 1994 MB, Compressed Oops mode: 32-bit

CDS archive(s) mapped at: [0x0000000000000000-0x0000000000000000-0x0000000000000000), size 0, SharedBaseAddress: 0x0000000800000000, ArchiveRelocationMode: 1.
Narrow klass base: 0x0000000000000000, Narrow klass shift: 0, Narrow klass range: 0x0

GC Precious Log:
 CardTable entry size: 512
 Card Set container configuration: InlinePtr #cards 5 size 8 Array Of Cards #cards 12 size 40 Howl #buckets 4 coarsen threshold 1843 Howl Bitmap #cards 512 size 80 coarsen threshold 460 Card regions per heap region 1 cards per card region 2048

Heap:
 garbage-first heap   total 0K, used 0K [0x0000000083600000, 0x0000000100000000)
  region size 1024K, 0 young (0K), 0 survivors (0K)

[error occurred during error reporting (printing heap information), id 0xc0000005, EXCEPTION_ACCESS_VIOLATION (0xc0000005) at pc=0x00007ffb54483e79]
GC Heap History (0 events):
No events

Dll operation events (1 events):
Event: 0.024 Loaded shared library C:\Program Files\Java\jdk-21.0.7\bin\java.dll

Deoptimization events (0 events):
No events

Classes loaded (0 events):
No events

Classes unloaded (0 events):
No events

Classes redefined (0 events):
No events

Internal exceptions (0 events):
No events

ZGC Phase Switch (0 events):
No events

VM Operations (0 events):
No events

Events (0 events):
No events


Dynamic libraries:
0x00007ff621c60000 - 0x00007ff621c70000 	C:\Program Files\Java\jdk-21.0.7\bin\java.exe
0x00007ffbcb760000 - 0x00007ffbcb9c8000 	C:\WINDOWS\SYSTEM32\ntdll.dll
0x00007ffbcab80000 - 0x00007ffbcac49000 	C:\WINDOWS\System32\KERNEL32.DLL
0x00007ffbc8e40000 - 0x00007ffbc922d000 	C:\WINDOWS\System32\KERNELBASE.dll
0x00007ffbc9230000 - 0x00007ffbc937b000 	C:\WINDOWS\System32\ucrtbase.dll
0x00007ffbba300000 - 0x00007ffbba319000 	C:\Program Files\Java\jdk-21.0.7\bin\jli.dll
0x00007ffbca070000 - 0x00007ffbca124000 	C:\WINDOWS\System32\ADVAPI32.dll
0x00007ffbb6400000 - 0x00007ffbb641b000 	C:\Program Files\Java\jdk-21.0.7\bin\VCRUNTIME140.dll
0x00007ffbc9d20000 - 0x00007ffbc9dc9000 	C:\WINDOWS\System32\msvcrt.dll
0x00007ffbcb0f0000 - 0x00007ffbcb196000 	C:\WINDOWS\System32\sechost.dll
0x00007ffbcafd0000 - 0x00007ffbcb0e8000 	C:\WINDOWS\System32\RPCRT4.dll
0x00007ffbc9b50000 - 0x00007ffbc9d1c000 	C:\WINDOWS\System32\USER32.dll
0x00007ffbc8e10000 - 0x00007ffbc8e37000 	C:\WINDOWS\System32\win32u.dll
0x00007ffbcb630000 - 0x00007ffbcb65b000 	C:\WINDOWS\System32\GDI32.dll
0x00007ffbc88b0000 - 0x00007ffbc89e7000 	C:\WINDOWS\System32\gdi32full.dll
0x00007ffbc8d60000 - 0x00007ffbc8e03000 	C:\WINDOWS\System32\msvcp_win.dll
0x00007ffbb0dc0000 - 0x00007ffbb105a000 	C:\WINDOWS\WinSxS\amd64_microsoft.windows.common-controls_6595b64144ccf1df_6.0.26100.4484_none_3e0e6d4ce32ef3b3\COMCTL32.dll
0x00007ffbb64f0000 - 0x00007ffbb64fb000 	C:\WINDOWS\SYSTEM32\VERSION.dll
0x00007ffbcb660000 - 0x00007ffbcb68f000 	C:\WINDOWS\System32\IMM32.DLL
0x00007ffbc2a70000 - 0x00007ffbc2a7c000 	C:\Program Files\Java\jdk-21.0.7\bin\vcruntime140_1.dll
0x00007ffbb4dc0000 - 0x00007ffbb4e4e000 	C:\Program Files\Java\jdk-21.0.7\bin\msvcp140.dll
0x00007ffb53d60000 - 0x00007ffb54a7a000 	C:\Program Files\Java\jdk-21.0.7\bin\server\jvm.dll
0x00007ffbc9500000 - 0x00007ffbc9574000 	C:\WINDOWS\System32\WS2_32.dll
0x00007ffbc7da0000 - 0x00007ffbc7dfe000 	C:\WINDOWS\SYSTEM32\POWRPROF.dll
0x00007ffbaf760000 - 0x00007ffbaf795000 	C:\WINDOWS\SYSTEM32\WINMM.dll
0x00007ffbc7d80000 - 0x00007ffbc7d94000 	C:\WINDOWS\SYSTEM32\UMPDC.dll
0x00007ffbc7650000 - 0x00007ffbc766b000 	C:\WINDOWS\SYSTEM32\kernel.appcore.dll
0x00007ffbba2f0000 - 0x00007ffbba2fa000 	C:\Program Files\Java\jdk-21.0.7\bin\jimage.dll
0x00007ffbc5ff0000 - 0x00007ffbc6231000 	C:\WINDOWS\SYSTEM32\DBGHELP.DLL
0x00007ffbc9580000 - 0x00007ffbc9906000 	C:\WINDOWS\System32\combase.dll
0x00007ffbcac50000 - 0x00007ffbcad30000 	C:\WINDOWS\System32\OLEAUT32.dll
0x00007ffbb6070000 - 0x00007ffbb60b3000 	C:\WINDOWS\SYSTEM32\dbgcore.DLL
0x00007ffbc8c30000 - 0x00007ffbc8cc9000 	C:\WINDOWS\System32\bcryptPrimitives.dll
0x00007ffbb6350000 - 0x00007ffbb636f000 	C:\Program Files\Java\jdk-21.0.7\bin\java.dll

dbghelp: loaded successfully - version: 4.0.5 - missing functions: none
symbol engine: initialized successfully - sym options: 0x614 - pdb path: .;C:\Program Files\Java\jdk-21.0.7\bin;C:\WINDOWS\SYSTEM32;C:\WINDOWS\WinSxS\amd64_microsoft.windows.common-controls_6595b64144ccf1df_6.0.26100.4484_none_3e0e6d4ce32ef3b3;C:\Program Files\Java\jdk-21.0.7\bin\server

VM Arguments:
java_command: <unknown>
java_class_path (initial): <not set>
Launcher Type: SUN_STANDARD

[Global flags]
     intx CICompilerCount                          = 3                                         {product} {ergonomic}
     uint ConcGCThreads                            = 1                                         {product} {ergonomic}
     uint G1ConcRefinementThreads                  = 4                                         {product} {ergonomic}
   size_t G1HeapRegionSize                         = 1048576                                   {product} {ergonomic}
    uintx GCDrainStackTargetSize                   = 64                                        {product} {ergonomic}
   size_t InitialHeapSize                          = 132120576                                 {product} {ergonomic}
   size_t MarkStackSize                            = 4194304                                   {product} {ergonomic}
   size_t MaxHeapSize                              = 2090860544                                {product} {ergonomic}
   size_t MinHeapDeltaBytes                        = 1048576                                   {product} {ergonomic}
   size_t MinHeapSize                              = 8388608                                   {product} {ergonomic}
    uintx NonNMethodCodeHeapSize                   = 5832780                                {pd product} {ergonomic}
    uintx NonProfiledCodeHeapSize                  = 122912730                              {pd product} {ergonomic}
    uintx ProfiledCodeHeapSize                     = 122912730                              {pd product} {ergonomic}
    uintx ReservedCodeCacheSize                    = 251658240                              {pd product} {ergonomic}
     bool SegmentedCodeCache                       = true                                      {product} {ergonomic}
   size_t SoftMaxHeapSize                          = 2090860544                             {manageable} {ergonomic}
     bool UseCompressedOops                        = true                           {product lp64_product} {ergonomic}
     bool UseG1GC                                  = true                                      {product} {ergonomic}
     bool UseLargePagesIndividualAllocation        = false                                  {pd product} {ergonomic}

Logging:
Log output configuration:
 #0: stdout all=warning uptime,level,tags foldmultilines=false
 #1: stderr all=off uptime,level,tags foldmultilines=false

Environment Variables:
JAVA_HOME=C:\Program Files\Java\jdk-21.0.7
PATH=C:\oraclexe\app\oracle\product\11.2.0\server\bin;C:\Program Files\Java\jdk-21.0.7\bin;C:\WINDOWS\system32;C:\WINDOWS;C:\WINDOWS\System32\Wbem;C:\WINDOWS\System32\WindowsPowerShell\v1.0\;C:\WINDOWS\System32\OpenSSH\;C:\xampp\php;C:\Program Files\MiKTeX\miktex\bin\x64\;C:\ProgramData\ComposerSetup\bin;C:\Program Files\nodejs\;C:\Program Files\dotnet\;C:\Program Files (x86)\Windows Kits\10\Windows Performance Toolkit\;C:\Program Files\Git\cmd;C:\Program Files\Docker\Docker\resources\bin;C:\apache-maven-3.6.3\bin;C:\Users\Isuru\AppData\Local\Programs\Microsoft VS Code\bin;C:\Program Files\nginx-1.28.0;C:\Users\Isuru\AppData\Local\Programs\Microsoft VS Code\bin;C:\Users\Isuru\AppData\Local\Microsoft\WindowsApps;;C:\Program Files\JetBrains\IntelliJ IDEA 2025.1.2\bin;;C:\Program Files\JetBrains\IntelliJ IDEA Community Edition 2025.1.4.1\bin;
USERNAME=Isuru
OS=Windows_NT
PROCESSOR_IDENTIFIER=Intel64 Family 6 Model 140 Stepping 1, GenuineIntel
TMP=C:\Users\Isuru\AppData\Local\Temp
TEMP=C:\Users\Isuru\AppData\Local\Temp




Periodic native trim disabled

---------------  S Y S T E M  ---------------

OS:
 Windows 11 , 64 bit Build 26100 (10.0.26100.4484)
OS uptime: 0 days 18:59 hours
Hyper-V role detected

CPU: total 4 (initial active 4) (2 cores per cpu, 2 threads per core) family 6 model 140 stepping 1 microcode 0x8a, cx8, cmov, fxsr, ht, mmx, 3dnowpref, sse, sse2, sse3, ssse3, sse4.1, sse4.2, popcnt, lzcnt, tsc, tscinvbit, avx, avx2, aes, erms, clmul, bmi1, bmi2, adx, avx512f, avx512dq, avx512cd, avx512bw, avx512vl, sha, fma, vzeroupper, avx512_vpopcntdq, avx512_vpclmulqdq, avx512_vaes, avx512_vnni, clflush, clflushopt, clwb, avx512_vbmi2, avx512_vbmi, hv, rdtscp, rdpid, fsrm, gfni, avx512_bitalg, f16c, cet_ibt, cet_ss, avx512_ifma
Processor Information for processor 0
  Max Mhz: 2995, Current Mhz: 1198, Mhz Limit: 2995
Processor Information for processor 1
  Max Mhz: 2995, Current Mhz: 1198, Mhz Limit: 2995
Processor Information for processor 2
  Max Mhz: 2995, Current Mhz: 1198, Mhz Limit: 2995
Processor Information for processor 3
  Max Mhz: 2995, Current Mhz: 2995, Mhz Limit: 2995

Memory: 4k page, system-wide physical 7971M (595M free)
TotalPageFile size 14649M (AvailPageFile size 0M)
current process WorkingSet (physical memory assigned to process): 12M, peak: 12M
current process commit charge ("private bytes"): 52M, peak: 178M

vm_info: Java HotSpot(TM) 64-Bit Server VM (21.0.7+8-LTS-245) for windows-amd64 JRE (21.0.7+8-LTS-245), built on 2025-02-21T05:11:27Z by "mach5one" with MS VC++ 17.6 (VS2022)

END.
