#
# There is insufficient memory for the Java Runtime Environment to continue.
# Native memory allocation (malloc) failed to allocate 109328 bytes for Chunk::new
# Possible reasons:
#   The system is out of physical RAM or swap space
#   The process is running with CompressedOops enabled, and the Java Heap may be blocking the growth of the native heap
# Possible solutions:
#   Reduce memory load on the system
#   Increase physical memory or swap space
#   Check if swap backing store is full
#   Decrease Java heap size (-Xmx/-Xms)
#   Decrease number of Java threads
#   Decrease Java thread stack sizes (-Xss)
#   Set larger code cache with -XX:ReservedCodeCacheSize=
#   JVM is running with Unscaled Compressed Oops mode in which the Java heap is
#     placed in the first 4GB address space. The Java Heap base address is the
#     maximum limit for the native heap growth. Please use -XX:HeapBaseMinAddress
#     to set the Java Heap base and to place the Java Heap above 4GB virtual address.
# This output file may be truncated or incomplete.
#
#  Out of Memory Error (arena.cpp:168), pid=2556, tid=7596
#
# JRE version: Java(TM) SE Runtime Environment (21.0.7+8) (build 21.0.7+8-LTS-245)
# Java VM: Java HotSpot(TM) 64-Bit Server VM (21.0.7+8-LTS-245, mixed mode, sharing, tiered, compressed oops, compressed class ptrs, g1 gc, windows-amd64)
# No core dump will be written. Minidumps are not enabled by default on client versions of Windows
#

---------------  S U M M A R Y ------------

Command Line: -Dfile.encoding=UTF-8 -Ddb2.jcc.charsetDecoderEncoder=3 com.ibm.db2.server.DssLauncher 3000 off c:\Users\Isuru\AppData\Roaming\Code\logs\20250828T091419\window1\exthost\IBM.db2forzosdeveloperextension -Xmx256M

Host: 11th Gen Intel(R) Core(TM) i3-1115G4 @ 3.00GHz, 4 cores, 7G,  Windows 11 , 64 bit Build 26100 (10.0.26100.4768)
Time: Thu Aug 28 09:14:51 2025 Sri Lanka Standard Time elapsed time: 4.764934 seconds (0d 0h 0m 4s)

---------------  T H R E A D  ---------------

Current thread (0x000001cfc9e246a0):  JavaThread "C2 CompilerThread0" daemon [_thread_in_native, id=7596, stack(0x0000000d9e100000,0x0000000d9e200000) (1024K)]


Current CompileTask:
C2:   4765 1338 % !   4       java.util.concurrent.ConcurrentHashMap::transfer @ 96 (849 bytes)

Stack: [0x0000000d9e100000,0x0000000d9e200000]
Native frames: (J=compiled Java code, j=interpreted, Vv=VM code, C=native code)
V  [jvm.dll+0x6cae19]
V  [jvm.dll+0x855741]
V  [jvm.dll+0x857c6e]
V  [jvm.dll+0x858343]
V  [jvm.dll+0x27e0b6]
V  [jvm.dll+0xc4ecd]
V  [jvm.dll+0xc5403]
V  [jvm.dll+0x13ee0f]
V  [jvm.dll+0x65bec5]
V  [jvm.dll+0x65a3dd]
V  [jvm.dll+0x2469b5]
V  [jvm.dll+0x24610f]
V  [jvm.dll+0x1c6efe]
V  [jvm.dll+0x255819]
V  [jvm.dll+0x253daa]
V  [jvm.dll+0x3eebb6]
V  [jvm.dll+0x7ffa1b]
V  [jvm.dll+0x6c94fd]
C  [ucrtbase.dll+0x37b0]
C  [KERNEL32.DLL+0x2e8d7]
C  [ntdll.dll+0x3c34c]


---------------  P R O C E S S  ---------------

Threads class SMR info:
_java_thread_list=0x000001d00f22f480, length=11, elements={
0x000001cfabc7f5b0, 0x000001cfc9e1a630, 0x000001cfc9e1bfa0, 0x000001cfc9e1f920,
0x000001cfc9e22480, 0x000001cfc9e22ed0, 0x000001cfc9e23920, 0x000001cfc9e246a0,
0x000001cfc9e29e00, 0x000001d00f133f00, 0x000001d00f1379a0
}

Java Threads: ( => current thread )
  0x000001cfabc7f5b0 JavaThread "main"                              [_thread_in_Java, id=6308, stack(0x0000000d9d200000,0x0000000d9d300000) (1024K)]
  0x000001cfc9e1a630 JavaThread "Reference Handler"          daemon [_thread_blocked, id=20140, stack(0x0000000d9db00000,0x0000000d9dc00000) (1024K)]
  0x000001cfc9e1bfa0 JavaThread "Finalizer"                  daemon [_thread_blocked, id=13028, stack(0x0000000d9dc00000,0x0000000d9dd00000) (1024K)]
  0x000001cfc9e1f920 JavaThread "Signal Dispatcher"          daemon [_thread_blocked, id=7900, stack(0x0000000d9dd00000,0x0000000d9de00000) (1024K)]
  0x000001cfc9e22480 JavaThread "Attach Listener"            daemon [_thread_blocked, id=12336, stack(0x0000000d9de00000,0x0000000d9df00000) (1024K)]
  0x000001cfc9e22ed0 JavaThread "Service Thread"             daemon [_thread_blocked, id=19224, stack(0x0000000d9df00000,0x0000000d9e000000) (1024K)]
  0x000001cfc9e23920 JavaThread "Monitor Deflation Thread"   daemon [_thread_blocked, id=11304, stack(0x0000000d9e000000,0x0000000d9e100000) (1024K)]
=>0x000001cfc9e246a0 JavaThread "C2 CompilerThread0"         daemon [_thread_in_native, id=7596, stack(0x0000000d9e100000,0x0000000d9e200000) (1024K)]
  0x000001cfc9e29e00 JavaThread "C1 CompilerThread0"         daemon [_thread_blocked, id=2464, stack(0x0000000d9e200000,0x0000000d9e300000) (1024K)]
  0x000001d00f133f00 JavaThread "Notification Thread"        daemon [_thread_blocked, id=20084, stack(0x0000000d9e300000,0x0000000d9e400000) (1024K)]
  0x000001d00f1379a0 JavaThread "Common-Cleaner"             daemon [_thread_blocked, id=22196, stack(0x0000000d9e400000,0x0000000d9e500000) (1024K)]
Total: 11

Other Threads:
  0x000001cfc9dfaf40 VMThread "VM Thread"                           [id=9380, stack(0x0000000d9da00000,0x0000000d9db00000) (1024K)]
  0x000001cfc9de9420 WatcherThread "VM Periodic Task Thread"        [id=12120, stack(0x0000000d9d900000,0x0000000d9da00000) (1024K)]
  0x000001cfac0cc320 WorkerThread "GC Thread#0"                     [id=5208, stack(0x0000000d9d400000,0x0000000d9d500000) (1024K)]
  0x000001d00f426470 WorkerThread "GC Thread#1"                     [id=18136, stack(0x0000000d9e500000,0x0000000d9e600000) (1024K)]
  0x000001d00f41a830 WorkerThread "GC Thread#2"                     [id=7996, stack(0x0000000d9e600000,0x0000000d9e700000) (1024K)]
  0x000001d00f45d7a0 WorkerThread "GC Thread#3"                     [id=4028, stack(0x0000000d9e700000,0x0000000d9e800000) (1024K)]
  0x000001cfac0dd850 ConcurrentGCThread "G1 Main Marker"            [id=17228, stack(0x0000000d9d500000,0x0000000d9d600000) (1024K)]
  0x000001cfac0df1d0 WorkerThread "G1 Conc#0"                       [id=6636, stack(0x0000000d9d600000,0x0000000d9d700000) (1024K)]
  0x000001cfac13e5c0 ConcurrentGCThread "G1 Refine#0"               [id=2196, stack(0x0000000d9d700000,0x0000000d9d800000) (1024K)]
  0x000001cfc9cb80d0 ConcurrentGCThread "G1 Service"                [id=18556, stack(0x0000000d9d800000,0x0000000d9d900000) (1024K)]
Total: 10

Threads with active compile tasks:
C2 CompilerThread0     4807 1338 % !   4       java.util.concurrent.ConcurrentHashMap::transfer @ 96 (849 bytes)
Total: 1

VM state: not at safepoint (normal execution)

VM Mutex/Monitor currently owned by a thread: None

Heap address: 0x0000000083600000, size: 1994 MB, Compressed Oops mode: 32-bit

CDS archive(s) mapped at: [0x000001cfca000000-0x000001cfcac90000-0x000001cfcac90000), size 13172736, SharedBaseAddress: 0x000001cfca000000, ArchiveRelocationMode: 1.
Compressed class space mapped at: 0x000001cfcb000000-0x000001d00b000000, reserved size: 1073741824
Narrow klass base: 0x000001cfca000000, Narrow klass shift: 0, Narrow klass range: 0x100000000

GC Precious Log:
 CardTable entry size: 512
 Card Set container configuration: InlinePtr #cards 5 size 8 Array Of Cards #cards 12 size 40 Howl #buckets 4 coarsen threshold 1843 Howl Bitmap #cards 512 size 80 coarsen threshold 460 Card regions per heap region 1 cards per card region 2048
 CPUs: 4 total, 4 available
 Memory: 7971M
 Large Page Support: Disabled
 NUMA Support: Disabled
 Compressed Oops: Enabled (32-bit)
 Heap Region Size: 1M
 Heap Min Capacity: 8M
 Heap Initial Capacity: 126M
 Heap Max Capacity: 1994M
 Pre-touch: Disabled
 Parallel Workers: 4
 Concurrent Workers: 1
 Concurrent Refinement Workers: 4
 Periodic GC: Disabled

Heap:
 garbage-first heap   total 129024K, used 9906K [0x0000000083600000, 0x0000000100000000)
  region size 1024K, 9 young (9216K), 2 survivors (2048K)
 Metaspace       used 7524K, committed 7808K, reserved 1114112K
  class space    used 889K, committed 1024K, reserved 1048576K

Heap Regions: E=young(eden), S=young(survivor), O=old, HS=humongous(starts), HC=humongous(continues), CS=collection set, F=free, TAMS=top-at-mark-start, PB=parsable bottom
|   0|0x0000000083600000, 0x0000000083700000, 0x0000000083700000|100%|HS|  |TAMS 0x0000000083600000| PB 0x0000000083600000| Complete 
|   1|0x0000000083700000, 0x00000000837acb48, 0x0000000083800000| 67%| O|  |TAMS 0x0000000083700000| PB 0x0000000083700000| Untracked 
|   2|0x0000000083800000, 0x0000000083800000, 0x0000000083900000|  0%| F|  |TAMS 0x0000000083800000| PB 0x0000000083800000| Untracked 
|   3|0x0000000083900000, 0x0000000083900000, 0x0000000083a00000|  0%| F|  |TAMS 0x0000000083900000| PB 0x0000000083900000| Untracked 
|   4|0x0000000083a00000, 0x0000000083a00000, 0x0000000083b00000|  0%| F|  |TAMS 0x0000000083a00000| PB 0x0000000083a00000| Untracked 
|   5|0x0000000083b00000, 0x0000000083b00000, 0x0000000083c00000|  0%| F|  |TAMS 0x0000000083b00000| PB 0x0000000083b00000| Untracked 
|   6|0x0000000083c00000, 0x0000000083c00000, 0x0000000083d00000|  0%| F|  |TAMS 0x0000000083c00000| PB 0x0000000083c00000| Untracked 
|   7|0x0000000083d00000, 0x0000000083d00000, 0x0000000083e00000|  0%| F|  |TAMS 0x0000000083d00000| PB 0x0000000083d00000| Untracked 
|   8|0x0000000083e00000, 0x0000000083e00000, 0x0000000083f00000|  0%| F|  |TAMS 0x0000000083e00000| PB 0x0000000083e00000| Untracked 
|   9|0x0000000083f00000, 0x0000000083f00000, 0x0000000084000000|  0%| F|  |TAMS 0x0000000083f00000| PB 0x0000000083f00000| Untracked 
|  10|0x0000000084000000, 0x0000000084000000, 0x0000000084100000|  0%| F|  |TAMS 0x0000000084000000| PB 0x0000000084000000| Untracked 
|  11|0x0000000084100000, 0x0000000084100000, 0x0000000084200000|  0%| F|  |TAMS 0x0000000084100000| PB 0x0000000084100000| Untracked 
|  12|0x0000000084200000, 0x0000000084200000, 0x0000000084300000|  0%| F|  |TAMS 0x0000000084200000| PB 0x0000000084200000| Untracked 
|  13|0x0000000084300000, 0x0000000084300000, 0x0000000084400000|  0%| F|  |TAMS 0x0000000084300000| PB 0x0000000084300000| Untracked 
|  14|0x0000000084400000, 0x0000000084400000, 0x0000000084500000|  0%| F|  |TAMS 0x0000000084400000| PB 0x0000000084400000| Untracked 
|  15|0x0000000084500000, 0x0000000084500000, 0x0000000084600000|  0%| F|  |TAMS 0x0000000084500000| PB 0x0000000084500000| Untracked 
|  16|0x0000000084600000, 0x0000000084600000, 0x0000000084700000|  0%| F|  |TAMS 0x0000000084600000| PB 0x0000000084600000| Untracked 
|  17|0x0000000084700000, 0x0000000084700000, 0x0000000084800000|  0%| F|  |TAMS 0x0000000084700000| PB 0x0000000084700000| Untracked 
|  18|0x0000000084800000, 0x0000000084800000, 0x0000000084900000|  0%| F|  |TAMS 0x0000000084800000| PB 0x0000000084800000| Untracked 
|  19|0x0000000084900000, 0x0000000084900000, 0x0000000084a00000|  0%| F|  |TAMS 0x0000000084900000| PB 0x0000000084900000| Untracked 
|  20|0x0000000084a00000, 0x0000000084a00000, 0x0000000084b00000|  0%| F|  |TAMS 0x0000000084a00000| PB 0x0000000084a00000| Untracked 
|  21|0x0000000084b00000, 0x0000000084b00000, 0x0000000084c00000|  0%| F|  |TAMS 0x0000000084b00000| PB 0x0000000084b00000| Untracked 
|  22|0x0000000084c00000, 0x0000000084c00000, 0x0000000084d00000|  0%| F|  |TAMS 0x0000000084c00000| PB 0x0000000084c00000| Untracked 
|  23|0x0000000084d00000, 0x0000000084d00000, 0x0000000084e00000|  0%| F|  |TAMS 0x0000000084d00000| PB 0x0000000084d00000| Untracked 
|  24|0x0000000084e00000, 0x0000000084e00000, 0x0000000084f00000|  0%| F|  |TAMS 0x0000000084e00000| PB 0x0000000084e00000| Untracked 
|  25|0x0000000084f00000, 0x0000000084f00000, 0x0000000085000000|  0%| F|  |TAMS 0x0000000084f00000| PB 0x0000000084f00000| Untracked 
|  26|0x0000000085000000, 0x0000000085000000, 0x0000000085100000|  0%| F|  |TAMS 0x0000000085000000| PB 0x0000000085000000| Untracked 
|  27|0x0000000085100000, 0x0000000085100000, 0x0000000085200000|  0%| F|  |TAMS 0x0000000085100000| PB 0x0000000085100000| Untracked 
|  28|0x0000000085200000, 0x0000000085200000, 0x0000000085300000|  0%| F|  |TAMS 0x0000000085200000| PB 0x0000000085200000| Untracked 
|  29|0x0000000085300000, 0x0000000085300000, 0x0000000085400000|  0%| F|  |TAMS 0x0000000085300000| PB 0x0000000085300000| Untracked 
|  30|0x0000000085400000, 0x0000000085400000, 0x0000000085500000|  0%| F|  |TAMS 0x0000000085400000| PB 0x0000000085400000| Untracked 
|  31|0x0000000085500000, 0x0000000085500000, 0x0000000085600000|  0%| F|  |TAMS 0x0000000085500000| PB 0x0000000085500000| Untracked 
|  32|0x0000000085600000, 0x0000000085600000, 0x0000000085700000|  0%| F|  |TAMS 0x0000000085600000| PB 0x0000000085600000| Untracked 
|  33|0x0000000085700000, 0x0000000085700000, 0x0000000085800000|  0%| F|  |TAMS 0x0000000085700000| PB 0x0000000085700000| Untracked 
|  34|0x0000000085800000, 0x0000000085800000, 0x0000000085900000|  0%| F|  |TAMS 0x0000000085800000| PB 0x0000000085800000| Untracked 
|  35|0x0000000085900000, 0x0000000085900000, 0x0000000085a00000|  0%| F|  |TAMS 0x0000000085900000| PB 0x0000000085900000| Untracked 
|  36|0x0000000085a00000, 0x0000000085a00000, 0x0000000085b00000|  0%| F|  |TAMS 0x0000000085a00000| PB 0x0000000085a00000| Untracked 
|  37|0x0000000085b00000, 0x0000000085b00000, 0x0000000085c00000|  0%| F|  |TAMS 0x0000000085b00000| PB 0x0000000085b00000| Untracked 
|  38|0x0000000085c00000, 0x0000000085c00000, 0x0000000085d00000|  0%| F|  |TAMS 0x0000000085c00000| PB 0x0000000085c00000| Untracked 
|  39|0x0000000085d00000, 0x0000000085d00000, 0x0000000085e00000|  0%| F|  |TAMS 0x0000000085d00000| PB 0x0000000085d00000| Untracked 
|  40|0x0000000085e00000, 0x0000000085e00000, 0x0000000085f00000|  0%| F|  |TAMS 0x0000000085e00000| PB 0x0000000085e00000| Untracked 
|  41|0x0000000085f00000, 0x0000000085f00000, 0x0000000086000000|  0%| F|  |TAMS 0x0000000085f00000| PB 0x0000000085f00000| Untracked 
|  42|0x0000000086000000, 0x0000000086000000, 0x0000000086100000|  0%| F|  |TAMS 0x0000000086000000| PB 0x0000000086000000| Untracked 
|  43|0x0000000086100000, 0x0000000086100000, 0x0000000086200000|  0%| F|  |TAMS 0x0000000086100000| PB 0x0000000086100000| Untracked 
|  44|0x0000000086200000, 0x0000000086200000, 0x0000000086300000|  0%| F|  |TAMS 0x0000000086200000| PB 0x0000000086200000| Untracked 
|  45|0x0000000086300000, 0x0000000086300000, 0x0000000086400000|  0%| F|  |TAMS 0x0000000086300000| PB 0x0000000086300000| Untracked 
|  46|0x0000000086400000, 0x0000000086400000, 0x0000000086500000|  0%| F|  |TAMS 0x0000000086400000| PB 0x0000000086400000| Untracked 
|  47|0x0000000086500000, 0x0000000086500000, 0x0000000086600000|  0%| F|  |TAMS 0x0000000086500000| PB 0x0000000086500000| Untracked 
|  48|0x0000000086600000, 0x0000000086600000, 0x0000000086700000|  0%| F|  |TAMS 0x0000000086600000| PB 0x0000000086600000| Untracked 
|  49|0x0000000086700000, 0x0000000086700000, 0x0000000086800000|  0%| F|  |TAMS 0x0000000086700000| PB 0x0000000086700000| Untracked 
|  50|0x0000000086800000, 0x0000000086800000, 0x0000000086900000|  0%| F|  |TAMS 0x0000000086800000| PB 0x0000000086800000| Untracked 
|  51|0x0000000086900000, 0x0000000086900000, 0x0000000086a00000|  0%| F|  |TAMS 0x0000000086900000| PB 0x0000000086900000| Untracked 
|  52|0x0000000086a00000, 0x0000000086a00000, 0x0000000086b00000|  0%| F|  |TAMS 0x0000000086a00000| PB 0x0000000086a00000| Untracked 
|  53|0x0000000086b00000, 0x0000000086b00000, 0x0000000086c00000|  0%| F|  |TAMS 0x0000000086b00000| PB 0x0000000086b00000| Untracked 
|  54|0x0000000086c00000, 0x0000000086c00000, 0x0000000086d00000|  0%| F|  |TAMS 0x0000000086c00000| PB 0x0000000086c00000| Untracked 
|  55|0x0000000086d00000, 0x0000000086d00000, 0x0000000086e00000|  0%| F|  |TAMS 0x0000000086d00000| PB 0x0000000086d00000| Untracked 
|  56|0x0000000086e00000, 0x0000000086e00000, 0x0000000086f00000|  0%| F|  |TAMS 0x0000000086e00000| PB 0x0000000086e00000| Untracked 
|  57|0x0000000086f00000, 0x0000000086f00000, 0x0000000087000000|  0%| F|  |TAMS 0x0000000086f00000| PB 0x0000000086f00000| Untracked 
|  58|0x0000000087000000, 0x0000000087000000, 0x0000000087100000|  0%| F|  |TAMS 0x0000000087000000| PB 0x0000000087000000| Untracked 
|  59|0x0000000087100000, 0x0000000087100000, 0x0000000087200000|  0%| F|  |TAMS 0x0000000087100000| PB 0x0000000087100000| Untracked 
|  60|0x0000000087200000, 0x0000000087200000, 0x0000000087300000|  0%| F|  |TAMS 0x0000000087200000| PB 0x0000000087200000| Untracked 
|  61|0x0000000087300000, 0x0000000087300000, 0x0000000087400000|  0%| F|  |TAMS 0x0000000087300000| PB 0x0000000087300000| Untracked 
|  62|0x0000000087400000, 0x0000000087400000, 0x0000000087500000|  0%| F|  |TAMS 0x0000000087400000| PB 0x0000000087400000| Untracked 
|  63|0x0000000087500000, 0x0000000087500000, 0x0000000087600000|  0%| F|  |TAMS 0x0000000087500000| PB 0x0000000087500000| Untracked 
|  64|0x0000000087600000, 0x0000000087600000, 0x0000000087700000|  0%| F|  |TAMS 0x0000000087600000| PB 0x0000000087600000| Untracked 
|  65|0x0000000087700000, 0x0000000087700000, 0x0000000087800000|  0%| F|  |TAMS 0x0000000087700000| PB 0x0000000087700000| Untracked 
|  66|0x0000000087800000, 0x0000000087800000, 0x0000000087900000|  0%| F|  |TAMS 0x0000000087800000| PB 0x0000000087800000| Untracked 
|  67|0x0000000087900000, 0x0000000087900000, 0x0000000087a00000|  0%| F|  |TAMS 0x0000000087900000| PB 0x0000000087900000| Untracked 
|  68|0x0000000087a00000, 0x0000000087a00000, 0x0000000087b00000|  0%| F|  |TAMS 0x0000000087a00000| PB 0x0000000087a00000| Untracked 
|  69|0x0000000087b00000, 0x0000000087b00000, 0x0000000087c00000|  0%| F|  |TAMS 0x0000000087b00000| PB 0x0000000087b00000| Untracked 
|  70|0x0000000087c00000, 0x0000000087c00000, 0x0000000087d00000|  0%| F|  |TAMS 0x0000000087c00000| PB 0x0000000087c00000| Untracked 
|  71|0x0000000087d00000, 0x0000000087d00000, 0x0000000087e00000|  0%| F|  |TAMS 0x0000000087d00000| PB 0x0000000087d00000| Untracked 
|  72|0x0000000087e00000, 0x0000000087e00000, 0x0000000087f00000|  0%| F|  |TAMS 0x0000000087e00000| PB 0x0000000087e00000| Untracked 
|  73|0x0000000087f00000, 0x0000000087f00000, 0x0000000088000000|  0%| F|  |TAMS 0x0000000087f00000| PB 0x0000000087f00000| Untracked 
|  74|0x0000000088000000, 0x0000000088000000, 0x0000000088100000|  0%| F|  |TAMS 0x0000000088000000| PB 0x0000000088000000| Untracked 
|  75|0x0000000088100000, 0x0000000088100000, 0x0000000088200000|  0%| F|  |TAMS 0x0000000088100000| PB 0x0000000088100000| Untracked 
|  76|0x0000000088200000, 0x0000000088200000, 0x0000000088300000|  0%| F|  |TAMS 0x0000000088200000| PB 0x0000000088200000| Untracked 
|  77|0x0000000088300000, 0x0000000088300000, 0x0000000088400000|  0%| F|  |TAMS 0x0000000088300000| PB 0x0000000088300000| Untracked 
|  78|0x0000000088400000, 0x0000000088400000, 0x0000000088500000|  0%| F|  |TAMS 0x0000000088400000| PB 0x0000000088400000| Untracked 
|  79|0x0000000088500000, 0x0000000088500000, 0x0000000088600000|  0%| F|  |TAMS 0x0000000088500000| PB 0x0000000088500000| Untracked 
|  80|0x0000000088600000, 0x0000000088600000, 0x0000000088700000|  0%| F|  |TAMS 0x0000000088600000| PB 0x0000000088600000| Untracked 
|  81|0x0000000088700000, 0x0000000088700000, 0x0000000088800000|  0%| F|  |TAMS 0x0000000088700000| PB 0x0000000088700000| Untracked 
|  82|0x0000000088800000, 0x0000000088800000, 0x0000000088900000|  0%| F|  |TAMS 0x0000000088800000| PB 0x0000000088800000| Untracked 
|  83|0x0000000088900000, 0x0000000088900000, 0x0000000088a00000|  0%| F|  |TAMS 0x0000000088900000| PB 0x0000000088900000| Untracked 
|  84|0x0000000088a00000, 0x0000000088a00000, 0x0000000088b00000|  0%| F|  |TAMS 0x0000000088a00000| PB 0x0000000088a00000| Untracked 
|  85|0x0000000088b00000, 0x0000000088b00000, 0x0000000088c00000|  0%| F|  |TAMS 0x0000000088b00000| PB 0x0000000088b00000| Untracked 
|  86|0x0000000088c00000, 0x0000000088c00000, 0x0000000088d00000|  0%| F|  |TAMS 0x0000000088c00000| PB 0x0000000088c00000| Untracked 
|  87|0x0000000088d00000, 0x0000000088d00000, 0x0000000088e00000|  0%| F|  |TAMS 0x0000000088d00000| PB 0x0000000088d00000| Untracked 
|  88|0x0000000088e00000, 0x0000000088e00000, 0x0000000088f00000|  0%| F|  |TAMS 0x0000000088e00000| PB 0x0000000088e00000| Untracked 
|  89|0x0000000088f00000, 0x0000000088f00000, 0x0000000089000000|  0%| F|  |TAMS 0x0000000088f00000| PB 0x0000000088f00000| Untracked 
|  90|0x0000000089000000, 0x0000000089000000, 0x0000000089100000|  0%| F|  |TAMS 0x0000000089000000| PB 0x0000000089000000| Untracked 
|  91|0x0000000089100000, 0x0000000089100000, 0x0000000089200000|  0%| F|  |TAMS 0x0000000089100000| PB 0x0000000089100000| Untracked 
|  92|0x0000000089200000, 0x0000000089200000, 0x0000000089300000|  0%| F|  |TAMS 0x0000000089200000| PB 0x0000000089200000| Untracked 
|  93|0x0000000089300000, 0x0000000089300000, 0x0000000089400000|  0%| F|  |TAMS 0x0000000089300000| PB 0x0000000089300000| Untracked 
|  94|0x0000000089400000, 0x0000000089400000, 0x0000000089500000|  0%| F|  |TAMS 0x0000000089400000| PB 0x0000000089400000| Untracked 
|  95|0x0000000089500000, 0x0000000089500000, 0x0000000089600000|  0%| F|  |TAMS 0x0000000089500000| PB 0x0000000089500000| Untracked 
|  96|0x0000000089600000, 0x0000000089600000, 0x0000000089700000|  0%| F|  |TAMS 0x0000000089600000| PB 0x0000000089600000| Untracked 
|  97|0x0000000089700000, 0x0000000089700000, 0x0000000089800000|  0%| F|  |TAMS 0x0000000089700000| PB 0x0000000089700000| Untracked 
|  98|0x0000000089800000, 0x0000000089800000, 0x0000000089900000|  0%| F|  |TAMS 0x0000000089800000| PB 0x0000000089800000| Untracked 
|  99|0x0000000089900000, 0x0000000089900000, 0x0000000089a00000|  0%| F|  |TAMS 0x0000000089900000| PB 0x0000000089900000| Untracked 
| 100|0x0000000089a00000, 0x0000000089a00000, 0x0000000089b00000|  0%| F|  |TAMS 0x0000000089a00000| PB 0x0000000089a00000| Untracked 
| 101|0x0000000089b00000, 0x0000000089b00000, 0x0000000089c00000|  0%| F|  |TAMS 0x0000000089b00000| PB 0x0000000089b00000| Untracked 
| 102|0x0000000089c00000, 0x0000000089c00000, 0x0000000089d00000|  0%| F|  |TAMS 0x0000000089c00000| PB 0x0000000089c00000| Untracked 
| 103|0x0000000089d00000, 0x0000000089d00000, 0x0000000089e00000|  0%| F|  |TAMS 0x0000000089d00000| PB 0x0000000089d00000| Untracked 
| 104|0x0000000089e00000, 0x0000000089e00000, 0x0000000089f00000|  0%| F|  |TAMS 0x0000000089e00000| PB 0x0000000089e00000| Untracked 
| 105|0x0000000089f00000, 0x0000000089f00000, 0x000000008a000000|  0%| F|  |TAMS 0x0000000089f00000| PB 0x0000000089f00000| Untracked 
| 106|0x000000008a000000, 0x000000008a000000, 0x000000008a100000|  0%| F|  |TAMS 0x000000008a000000| PB 0x000000008a000000| Untracked 
| 107|0x000000008a100000, 0x000000008a100000, 0x000000008a200000|  0%| F|  |TAMS 0x000000008a100000| PB 0x000000008a100000| Untracked 
| 108|0x000000008a200000, 0x000000008a200000, 0x000000008a300000|  0%| F|  |TAMS 0x000000008a200000| PB 0x000000008a200000| Untracked 
| 109|0x000000008a300000, 0x000000008a300000, 0x000000008a400000|  0%| F|  |TAMS 0x000000008a300000| PB 0x000000008a300000| Untracked 
| 110|0x000000008a400000, 0x000000008a400000, 0x000000008a500000|  0%| F|  |TAMS 0x000000008a400000| PB 0x000000008a400000| Untracked 
| 111|0x000000008a500000, 0x000000008a600000, 0x000000008a600000|100%| S|CS|TAMS 0x000000008a500000| PB 0x000000008a500000| Complete 
| 112|0x000000008a600000, 0x000000008a700000, 0x000000008a700000|100%| S|CS|TAMS 0x000000008a600000| PB 0x000000008a600000| Complete 
| 113|0x000000008a700000, 0x000000008a700000, 0x000000008a800000|  0%| F|  |TAMS 0x000000008a700000| PB 0x000000008a700000| Untracked 
| 114|0x000000008a800000, 0x000000008a800000, 0x000000008a900000|  0%| F|  |TAMS 0x000000008a800000| PB 0x000000008a800000| Untracked 
| 115|0x000000008a900000, 0x000000008a900000, 0x000000008aa00000|  0%| F|  |TAMS 0x000000008a900000| PB 0x000000008a900000| Untracked 
| 116|0x000000008aa00000, 0x000000008aa00000, 0x000000008ab00000|  0%| F|  |TAMS 0x000000008aa00000| PB 0x000000008aa00000| Untracked 
| 117|0x000000008ab00000, 0x000000008ab00000, 0x000000008ac00000|  0%| F|  |TAMS 0x000000008ab00000| PB 0x000000008ab00000| Untracked 
| 118|0x000000008ac00000, 0x000000008ac6e6a8, 0x000000008ad00000| 43%| E|  |TAMS 0x000000008ac00000| PB 0x000000008ac00000| Complete 
| 119|0x000000008ad00000, 0x000000008ae00000, 0x000000008ae00000|100%| E|CS|TAMS 0x000000008ad00000| PB 0x000000008ad00000| Complete 
| 120|0x000000008ae00000, 0x000000008af00000, 0x000000008af00000|100%| E|CS|TAMS 0x000000008ae00000| PB 0x000000008ae00000| Complete 
| 121|0x000000008af00000, 0x000000008b000000, 0x000000008b000000|100%| E|CS|TAMS 0x000000008af00000| PB 0x000000008af00000| Complete 
| 122|0x000000008b000000, 0x000000008b100000, 0x000000008b100000|100%| E|CS|TAMS 0x000000008b000000| PB 0x000000008b000000| Complete 
| 123|0x000000008b100000, 0x000000008b200000, 0x000000008b200000|100%| E|CS|TAMS 0x000000008b100000| PB 0x000000008b100000| Complete 
| 124|0x000000008b200000, 0x000000008b300000, 0x000000008b300000|100%| E|CS|TAMS 0x000000008b200000| PB 0x000000008b200000| Complete 
| 125|0x000000008b300000, 0x000000008b400000, 0x000000008b400000|100%| E|CS|TAMS 0x000000008b300000| PB 0x000000008b300000| Complete 

Card table byte_map: [0x000001cfc5530000,0x000001cfc5920000] _byte_map_base: 0x000001cfc5115000

Marking Bits: (CMBitMap*) 0x000001cfac0cd630
 Bits: [0x000001cfc5920000, 0x000001cfc7848000)

Polling page: 0x000001cfabd90000

Metaspace:

Usage:
  Non-class:      6.52 MB used.
      Class:    893.09 KB used.
       Both:      7.39 MB used.

Virtual space:
  Non-class space:       64.00 MB reserved,       6.62 MB ( 10%) committed,  1 nodes.
      Class space:        1.00 GB reserved,       1.00 MB ( <1%) committed,  1 nodes.
             Both:        1.06 GB reserved,       7.62 MB ( <1%) committed. 

Chunk freelists:
   Non-Class:  9.02 MB
       Class:  15.05 MB
        Both:  24.07 MB

MaxMetaspaceSize: unlimited
CompressedClassSpaceSize: 1.00 GB
Initial GC threshold: 21.00 MB
Current GC threshold: 21.00 MB
CDS: on
 - commit_granule_bytes: 65536.
 - commit_granule_words: 8192.
 - virtual_space_node_default_size: 8388608.
 - enlarge_chunks_in_place: 1.
 - use_allocation_guard: 0.


Internal statistics:

num_allocs_failed_limit: 0.
num_arena_births: 216.
num_arena_deaths: 0.
num_vsnodes_births: 2.
num_vsnodes_deaths: 0.
num_space_committed: 122.
num_space_uncommitted: 0.
num_chunks_returned_to_freelist: 0.
num_chunks_taken_from_freelist: 391.
num_chunk_merges: 0.
num_chunk_splits: 264.
num_chunks_enlarged: 178.
num_inconsistent_stats: 0.

CodeHeap 'non-profiled nmethods': size=120000Kb used=438Kb max_used=438Kb free=119561Kb
 bounds [0x000001cfbd5f0000, 0x000001cfbd860000, 0x000001cfc4b20000]
CodeHeap 'profiled nmethods': size=120000Kb used=2460Kb max_used=2460Kb free=117539Kb
 bounds [0x000001cfb5b20000, 0x000001cfb5d90000, 0x000001cfbd050000]
CodeHeap 'non-nmethods': size=5760Kb used=1560Kb max_used=1574Kb free=4199Kb
 bounds [0x000001cfbd050000, 0x000001cfbd2c0000, 0x000001cfbd5f0000]
 total_blobs=1914 nmethods=1408 adapters=411
 compilation: enabled
              stopped_count=0, restarted_count=0
 full_count=0

Compilation events (20 events):
Event: 2.667 Thread 0x000001cfc9e29e00 1345       3       java.util.Arrays::equals (43 bytes)
Event: 2.667 Thread 0x000001cfc9e29e00 nmethod 1345 0x000001cfb5d61810 code [0x000001cfb5d619e0, 0x000001cfb5d61cc0]
Event: 2.667 Thread 0x000001cfc9e29e00 1346       1       javax.management.MBeanFeatureInfo::getDescription (5 bytes)
Event: 2.667 Thread 0x000001cfc9e29e00 nmethod 1346 0x000001cfbd65b210 code [0x000001cfbd65b3a0, 0x000001cfbd65b468]
Event: 2.670 Thread 0x000001cfc9e29e00 1347       3       java.util.TreeMap::navigableKeySet (27 bytes)
Event: 2.670 Thread 0x000001cfc9e29e00 nmethod 1347 0x000001cfb5d61d90 code [0x000001cfb5d61f60, 0x000001cfb5d62348]
Event: 2.670 Thread 0x000001cfc9e29e00 1348       3       java.util.TreeMap$KeySet::iterator (32 bytes)
Event: 2.670 Thread 0x000001cfc9e29e00 nmethod 1348 0x000001cfb5d62490 code [0x000001cfb5d626a0, 0x000001cfb5d62e18]
Event: 2.670 Thread 0x000001cfc9e29e00 1351       1       com.sun.jmx.mbeanserver.MXBeanMapping::getOpenType (5 bytes)
Event: 2.670 Thread 0x000001cfc9e29e00 nmethod 1351 0x000001cfbd65b510 code [0x000001cfbd65b6a0, 0x000001cfbd65b768]
Event: 2.670 Thread 0x000001cfc9e29e00 1352       3       java.util.TreeMap::getEntry (77 bytes)
Event: 2.671 Thread 0x000001cfc9e29e00 nmethod 1352 0x000001cfb5d63010 code [0x000001cfb5d63220, 0x000001cfb5d638a0]
Event: 2.671 Thread 0x000001cfc9e29e00 1350       3       java.nio.Buffer::limit (65 bytes)
Event: 2.671 Thread 0x000001cfc9e29e00 nmethod 1350 0x000001cfb5d63a90 code [0x000001cfb5d63c40, 0x000001cfb5d63ee8]
Event: 3.705 Thread 0x000001cfc9e29e00 1353       3       java.lang.invoke.TypeConvertingMethodAdapter::descriptorToName (36 bytes)
Event: 3.707 Thread 0x000001cfc9e29e00 nmethod 1353 0x000001cfb5d63f90 code [0x000001cfb5d64220, 0x000001cfb5d64de0]
Event: 3.707 Thread 0x000001cfc9e29e00 1354       3       java.lang.Byte::<init> (10 bytes)
Event: 3.707 Thread 0x000001cfc9e29e00 nmethod 1354 0x000001cfb5d65290 code [0x000001cfb5d65440, 0x000001cfb5d65608]
Event: 3.707 Thread 0x000001cfc9e29e00 1355       3       java.lang.invoke.MethodHandles$Lookup::isClassAccessible (53 bytes)
Event: 3.708 Thread 0x000001cfc9e29e00 nmethod 1355 0x000001cfb5d65710 code [0x000001cfb5d65920, 0x000001cfb5d65ee8]

GC Heap History (2 events):
Event: 1.193 GC heap before
{Heap before GC invocations=0 (full 0):
 garbage-first heap   total 129024K, used 14336K [0x0000000083600000, 0x0000000100000000)
  region size 1024K, 13 young (13312K), 0 survivors (0K)
 Metaspace       used 4486K, committed 4608K, reserved 1114112K
  class space    used 521K, committed 576K, reserved 1048576K
}
Event: 1.211 GC heap after
{Heap after GC invocations=1 (full 0):
 garbage-first heap   total 129024K, used 3762K [0x0000000083600000, 0x0000000100000000)
  region size 1024K, 2 young (2048K), 2 survivors (2048K)
 Metaspace       used 4486K, committed 4608K, reserved 1114112K
  class space    used 521K, committed 576K, reserved 1048576K
}

Dll operation events (8 events):
Event: 0.104 Loaded shared library C:\Program Files\Java\jdk-21.0.7\bin\java.dll
Event: 0.217 Loaded shared library C:\Program Files\Java\jdk-21.0.7\bin\jsvml.dll
Event: 0.258 Loaded shared library C:\Program Files\Java\jdk-21.0.7\bin\net.dll
Event: 0.283 Loaded shared library C:\Program Files\Java\jdk-21.0.7\bin\nio.dll
Event: 0.299 Loaded shared library C:\Program Files\Java\jdk-21.0.7\bin\zip.dll
Event: 0.357 Loaded shared library C:\Program Files\Java\jdk-21.0.7\bin\jimage.dll
Event: 0.797 Loaded shared library C:\Program Files\Java\jdk-21.0.7\bin\management.dll
Event: 0.808 Loaded shared library C:\Program Files\Java\jdk-21.0.7\bin\management_ext.dll

Deoptimization events (20 events):
Event: 0.598 Thread 0x000001cfabc7f5b0 DEOPT PACKING pc=0x000001cfbd60ffe4 sp=0x0000000d9d2fcdb0
Event: 0.598 Thread 0x000001cfabc7f5b0 DEOPT UNPACKING pc=0x000001cfbd0a7da2 sp=0x0000000d9d2fcd48 mode 2
Event: 0.598 Thread 0x000001cfabc7f5b0 Uncommon trap: trap_request=0xffffffde fr.pc=0x000001cfbd60ffe4 relative=0x0000000000000304
Event: 0.598 Thread 0x000001cfabc7f5b0 Uncommon trap: reason=class_check action=maybe_recompile pc=0x000001cfbd60ffe4 method=java.util.regex.Pattern$BmpCharPropertyGreedy.match(Ljava/util/regex/Matcher;ILjava/lang/CharSequence;)Z @ 26 c2
Event: 0.598 Thread 0x000001cfabc7f5b0 DEOPT PACKING pc=0x000001cfbd60ffe4 sp=0x0000000d9d2fcd00
Event: 0.598 Thread 0x000001cfabc7f5b0 DEOPT UNPACKING pc=0x000001cfbd0a7da2 sp=0x0000000d9d2fccb8 mode 2
Event: 0.598 Thread 0x000001cfabc7f5b0 Uncommon trap: trap_request=0xffffffde fr.pc=0x000001cfbd60ffe4 relative=0x0000000000000304
Event: 0.598 Thread 0x000001cfabc7f5b0 Uncommon trap: reason=class_check action=maybe_recompile pc=0x000001cfbd60ffe4 method=java.util.regex.Pattern$BmpCharPropertyGreedy.match(Ljava/util/regex/Matcher;ILjava/lang/CharSequence;)Z @ 26 c2
Event: 0.598 Thread 0x000001cfabc7f5b0 DEOPT PACKING pc=0x000001cfbd60ffe4 sp=0x0000000d9d2fd240
Event: 0.598 Thread 0x000001cfabc7f5b0 DEOPT UNPACKING pc=0x000001cfbd0a7da2 sp=0x0000000d9d2fd1d8 mode 2
Event: 0.598 Thread 0x000001cfabc7f5b0 Uncommon trap: trap_request=0xffffff45 fr.pc=0x000001cfbd610034 relative=0x0000000000000354
Event: 0.598 Thread 0x000001cfabc7f5b0 Uncommon trap: reason=unstable_if action=reinterpret pc=0x000001cfbd610034 method=java.util.regex.Pattern$BmpCharPropertyGreedy.match(Ljava/util/regex/Matcher;ILjava/lang/CharSequence;)Z @ 12 c2
Event: 0.598 Thread 0x000001cfabc7f5b0 DEOPT PACKING pc=0x000001cfbd610034 sp=0x0000000d9d2fd190
Event: 0.598 Thread 0x000001cfabc7f5b0 DEOPT UNPACKING pc=0x000001cfbd0a7da2 sp=0x0000000d9d2fd148 mode 2
Event: 0.728 Thread 0x000001cfabc7f5b0 DEOPT PACKING pc=0x000001cfb5b395f8 sp=0x0000000d9d2fb5d0
Event: 0.728 Thread 0x000001cfabc7f5b0 DEOPT UNPACKING pc=0x000001cfbd0a88e2 sp=0x0000000d9d2fa9f0 mode 0
Event: 1.483 Thread 0x000001cfabc7f5b0 Uncommon trap: trap_request=0xffffff45 fr.pc=0x000001cfbd631568 relative=0x0000000000000ce8
Event: 1.483 Thread 0x000001cfabc7f5b0 Uncommon trap: reason=unstable_if action=reinterpret pc=0x000001cfbd631568 method=java.util.concurrent.ConcurrentHashMap.putVal(Ljava/lang/Object;Ljava/lang/Object;Z)Ljava/lang/Object; @ 148 c2
Event: 1.483 Thread 0x000001cfabc7f5b0 DEOPT PACKING pc=0x000001cfbd631568 sp=0x0000000d9d2fe1a0
Event: 1.483 Thread 0x000001cfabc7f5b0 DEOPT UNPACKING pc=0x000001cfbd0a7da2 sp=0x0000000d9d2fe110 mode 2

Classes loaded (20 events):
Event: 2.669 Loading class sun/management/BaseOperatingSystemImpl done
Event: 2.669 Loading class com/sun/management/internal/OperatingSystemImpl done
Event: 2.670 Loading class javax/management/DescriptorKey
Event: 2.670 Loading class javax/management/DescriptorKey done
Event: 2.670 Loading class sun/management/MemoryImpl
Event: 3.685 Loading class java/lang/management/MemoryMXBean
Event: 3.685 Loading class java/lang/management/MemoryMXBean done
Event: 3.685 Loading class sun/management/MemoryImpl done
Event: 3.701 Loading class java/lang/management/MemoryManagerMXBean
Event: 3.701 Loading class java/lang/management/MemoryManagerMXBean done
Event: 3.701 Loading class sun/management/MemoryManagerImpl
Event: 3.703 Loading class sun/management/MemoryManagerImpl done
Event: 3.704 Loading class com/sun/management/internal/GarbageCollectorExtImpl
Event: 3.704 Loading class com/sun/management/GarbageCollectorMXBean
Event: 3.704 Loading class java/lang/management/GarbageCollectorMXBean
Event: 3.704 Loading class java/lang/management/GarbageCollectorMXBean done
Event: 3.704 Loading class com/sun/management/GarbageCollectorMXBean done
Event: 3.704 Loading class sun/management/GarbageCollectorImpl
Event: 3.704 Loading class sun/management/GarbageCollectorImpl done
Event: 3.705 Loading class com/sun/management/internal/GarbageCollectorExtImpl done

Classes unloaded (0 events):
No events

Classes redefined (0 events):
No events

Internal exceptions (20 events):
Event: 0.770 Thread 0x000001cfabc7f5b0 Exception <a 'java/lang/NoSuchMethodError'{0x000000008ad22430}: 'java.lang.Object java.lang.invoke.Invokers$Holder.invokeExact_MT(java.lang.Object, java.lang.Object, java.lang.Object, java.lang.Object, java.lang.Object)'> (0x000000008ad22430) 
thrown [s\open\src\hotspot\share\interpreter\linkResolver.cpp, line 773]
Event: 0.827 Thread 0x000001cfabc7f5b0 Exception <a 'java/lang/NoSuchMethodError'{0x000000008ad8bf58}: 'int java.lang.invoke.DirectMethodHandle$Holder.invokeSpecial(java.lang.Object, java.lang.Object, java.lang.Object)'> (0x000000008ad8bf58) 
thrown [s\open\src\hotspot\share\interpreter\linkResolver.cpp, line 773]
Event: 0.881 Thread 0x000001cfabc7f5b0 Exception <a 'java/lang/NoSuchMethodError'{0x000000008ac26620}: 'void java.lang.invoke.DirectMethodHandle$Holder.invokeStatic(java.lang.Object, java.lang.Object, java.lang.Object, java.lang.Object)'> (0x000000008ac26620) 
thrown [s\open\src\hotspot\share\interpreter\linkResolver.cpp, line 773]
Event: 0.881 Thread 0x000001cfabc7f5b0 Exception <a 'java/lang/NoSuchMethodError'{0x000000008ac2a038}: 'void java.lang.invoke.DirectMethodHandle$Holder.invokeStaticInit(java.lang.Object, java.lang.Object, java.lang.Object, java.lang.Object)'> (0x000000008ac2a038) 
thrown [s\open\src\hotspot\share\interpreter\linkResolver.cpp, line 773]
Event: 0.965 Thread 0x000001cfabc7f5b0 Exception <a 'java/lang/NoSuchMethodError'{0x000000008ab113d0}: 'java.lang.Object java.lang.invoke.DirectMethodHandle$Holder.invokeInterface(java.lang.Object, java.lang.Object)'> (0x000000008ab113d0) 
thrown [s\open\src\hotspot\share\interpreter\linkResolver.cpp, line 773]
Event: 0.967 Thread 0x000001cfabc7f5b0 Exception <a 'java/lang/NoSuchMethodError'{0x000000008ab1b520}: 'java.lang.Object java.lang.invoke.Invokers$Holder.invokeExact_MT(java.lang.Object, java.lang.Object, java.lang.Object, java.lang.Object, java.lang.Object, java.lang.Object)'> (0x000000008ab1b520) 
thrown [s\open\src\hotspot\share\interpreter\linkResolver.cpp, line 773]
Event: 1.161 Thread 0x000001cfabc7f5b0 Exception <a 'java/lang/NoSuchMethodError'{0x000000008a799848}: 'java.lang.Object java.lang.invoke.DirectMethodHandle$Holder.newInvokeSpecial(java.lang.Object, long, int, java.lang.Object)'> (0x000000008a799848) 
thrown [s\open\src\hotspot\share\interpreter\linkResolver.cpp, line 773]
Event: 1.226 Thread 0x000001cfabc7f5b0 Exception <a 'java/lang/NoSuchMethodError'{0x000000008b380770}: 'java.lang.Object java.lang.invoke.DirectMethodHandle$Holder.newInvokeSpecial(java.lang.Object, java.lang.Object, java.lang.Object, java.lang.Object, java.lang.Object)'> (0x000000008b380770) 
thrown [s\open\src\hotspot\share\interpreter\linkResolver.cpp, line 773]
Event: 1.269 Thread 0x000001cfabc7f5b0 Exception <a 'java/lang/NoSuchMethodError'{0x000000008b27b780}: 'int java.lang.invoke.DirectMethodHandle$Holder.invokeSpecial(java.lang.Object, java.lang.Object, java.lang.Object, int)'> (0x000000008b27b780) 
thrown [s\open\src\hotspot\share\interpreter\linkResolver.cpp, line 773]
Event: 1.271 Thread 0x000001cfabc7f5b0 Exception <a 'java/lang/NoSuchMethodError'{0x000000008b28d890}: 'java.lang.Object java.lang.invoke.DirectMethodHandle$Holder.invokeStatic(java.lang.Object, java.lang.Object, java.lang.Object, java.lang.Object, int)'> (0x000000008b28d890) 
thrown [s\open\src\hotspot\share\interpreter\linkResolver.cpp, line 773]
Event: 1.275 Thread 0x000001cfabc7f5b0 Exception <a 'java/lang/NoSuchMethodError'{0x000000008b2992d0}: 'java.lang.Object java.lang.invoke.DelegatingMethodHandle$Holder.reinvoke_L(java.lang.Object, int, java.lang.Object, java.lang.Object, java.lang.Object, java.lang.Object, java.lang.Object, java.lang.Object, java.lang.Object)'> (0x000000008b2992d0) 
thrown [s\open\src\hotspot\share\interpreter\linkResolver.cpp, line 773]
Event: 1.282 Thread 0x000001cfabc7f5b0 Exception <a 'java/lang/NoSuchMethodError'{0x000000008b2c9418}: 'java.lang.Object java.lang.invoke.DirectMethodHandle$Holder.invokeStatic(java.lang.Object, java.lang.Object, int)'> (0x000000008b2c9418) 
thrown [s\open\src\hotspot\share\interpreter\linkResolver.cpp, line 773]
Event: 1.283 Thread 0x000001cfabc7f5b0 Exception <a 'java/lang/NoSuchMethodError'{0x000000008b2d47a0}: 'void java.lang.invoke.DelegatingMethodHandle$Holder.delegate(java.lang.Object, java.lang.Object, int, java.lang.Object)'> (0x000000008b2d47a0) 
thrown [s\open\src\hotspot\share\interpreter\linkResolver.cpp, line 773]
Event: 1.342 Thread 0x000001cfabc7f5b0 Exception <a 'java/lang/NoSuchMethodError'{0x000000008b1958c8}: 'void java.lang.invoke.Invokers$Holder.invokeExact_MT(java.lang.Object, java.lang.Object, java.lang.Object, java.lang.Object)'> (0x000000008b1958c8) 
thrown [s\open\src\hotspot\share\interpreter\linkResolver.cpp, line 773]
Event: 1.357 Thread 0x000001cfabc7f5b0 Exception <a 'java/lang/NoSuchMethodError'{0x000000008b1ac1e0}: 'void java.lang.invoke.DelegatingMethodHandle$Holder.reinvoke_L(java.lang.Object, java.lang.Object, int)'> (0x000000008b1ac1e0) 
thrown [s\open\src\hotspot\share\interpreter\linkResolver.cpp, line 773]
Event: 1.361 Thread 0x000001cfabc7f5b0 Exception <a 'java/lang/NoSuchMethodError'{0x000000008b1b29d0}: 'int java.lang.invoke.Invokers$Holder.invokeExact_MT(java.lang.Object, java.lang.Object, java.lang.Object)'> (0x000000008b1b29d0) 
thrown [s\open\src\hotspot\share\interpreter\linkResolver.cpp, line 773]
Event: 1.412 Thread 0x000001cfabc7f5b0 Exception <a 'java/lang/NoSuchMethodError'{0x000000008b07fd98}: 'int java.lang.invoke.DirectMethodHandle$Holder.invokeStaticInit(java.lang.Object, java.lang.Object, java.lang.Object)'> (0x000000008b07fd98) 
thrown [s\open\src\hotspot\share\interpreter\linkResolver.cpp, line 773]
Event: 2.617 Thread 0x000001cfabc7f5b0 Exception <a 'java/lang/NoSuchMethodError'{0x000000008ae66858}: 'int java.lang.invoke.DirectMethodHandle$Holder.invokeInterface(java.lang.Object, java.lang.Object)'> (0x000000008ae66858) 
thrown [s\open\src\hotspot\share\interpreter\linkResolver.cpp, line 773]
Event: 2.618 Thread 0x000001cfabc7f5b0 Exception <a 'java/lang/IncompatibleClassChangeError'{0x000000008ae69a68}: Found class java.lang.Object, but interface was expected> (0x000000008ae69a68) 
thrown [s\open\src\hotspot\share\interpreter\linkResolver.cpp, line 840]
Event: 2.619 Thread 0x000001cfabc7f5b0 Exception <a 'java/lang/NoSuchMethodError'{0x000000008ae8a1c8}: 'void java.lang.invoke.DirectMethodHandle$Holder.invokeStatic(java.lang.Object, java.lang.Object)'> (0x000000008ae8a1c8) 
thrown [s\open\src\hotspot\share\interpreter\linkResolver.cpp, line 773]

ZGC Phase Switch (0 events):
No events

VM Operations (16 events):
Event: 0.300 Executing VM operation: HandshakeAllThreads (Deoptimize)
Event: 0.300 Executing VM operation: HandshakeAllThreads (Deoptimize) done
Event: 0.594 Executing VM operation: HandshakeAllThreads (Deoptimize)
Event: 0.594 Executing VM operation: HandshakeAllThreads (Deoptimize) done
Event: 0.758 Executing VM operation: HandshakeAllThreads (Deoptimize)
Event: 0.758 Executing VM operation: HandshakeAllThreads (Deoptimize) done
Event: 0.758 Executing VM operation: HandshakeAllThreads (Deoptimize)
Event: 0.758 Executing VM operation: HandshakeAllThreads (Deoptimize) done
Event: 1.192 Executing VM operation: G1CollectForAllocation (G1 Evacuation Pause)
Event: 1.211 Executing VM operation: G1CollectForAllocation (G1 Evacuation Pause) done
Event: 1.282 Executing VM operation: HandshakeAllThreads (Deoptimize)
Event: 1.282 Executing VM operation: HandshakeAllThreads (Deoptimize) done
Event: 2.282 Executing VM operation: Cleanup
Event: 2.282 Executing VM operation: Cleanup done
Event: 3.296 Executing VM operation: Cleanup
Event: 3.700 Executing VM operation: Cleanup done

Events (13 events):
Event: 0.158 Thread 0x000001cfabc7f5b0 Thread added: 0x000001cfabc7f5b0
Event: 0.193 Thread 0x000001cfc9e1a630 Thread added: 0x000001cfc9e1a630
Event: 0.193 Thread 0x000001cfc9e1bfa0 Thread added: 0x000001cfc9e1bfa0
Event: 0.193 Thread 0x000001cfc9e1f920 Thread added: 0x000001cfc9e1f920
Event: 0.193 Thread 0x000001cfc9e22480 Thread added: 0x000001cfc9e22480
Event: 0.193 Thread 0x000001cfc9e22ed0 Thread added: 0x000001cfc9e22ed0
Event: 0.193 Thread 0x000001cfc9e23920 Thread added: 0x000001cfc9e23920
Event: 0.193 Thread 0x000001cfc9e246a0 Thread added: 0x000001cfc9e246a0
Event: 0.200 Thread 0x000001cfc9e29e00 Thread added: 0x000001cfc9e29e00
Event: 0.242 Thread 0x000001d00f133f00 Thread added: 0x000001d00f133f00
Event: 0.246 Thread 0x000001d00f1379a0 Thread added: 0x000001d00f1379a0
Event: 1.508 Thread 0x000001d00f4d6420 Thread added: 0x000001d00f4d6420
Event: 1.508 Thread 0x000001d00f4d6420 Thread exited: 0x000001d00f4d6420


Dynamic libraries:
0x00007ff75bf20000 - 0x00007ff75bf30000 	C:\Program Files\Java\jdk-21.0.7\bin\java.exe
0x00007fff858a0000 - 0x00007fff85b07000 	C:\WINDOWS\SYSTEM32\ntdll.dll
0x00007fff84600000 - 0x00007fff846c9000 	C:\WINDOWS\System32\KERNEL32.DLL
0x00007fff830e0000 - 0x00007fff834d0000 	C:\WINDOWS\System32\KERNELBASE.dll
0x00007fff82f90000 - 0x00007fff830db000 	C:\WINDOWS\System32\ucrtbase.dll
0x00007fff339f0000 - 0x00007fff33a09000 	C:\Program Files\Java\jdk-21.0.7\bin\jli.dll
0x00007fff83930000 - 0x00007fff839e4000 	C:\WINDOWS\System32\ADVAPI32.dll
0x00007fff84bd0000 - 0x00007fff84c79000 	C:\WINDOWS\System32\msvcrt.dll
0x00007fff83d10000 - 0x00007fff83db6000 	C:\WINDOWS\System32\sechost.dll
0x00007fff83810000 - 0x00007fff83928000 	C:\WINDOWS\System32\RPCRT4.dll
0x00007fff83a40000 - 0x00007fff83c05000 	C:\WINDOWS\System32\USER32.dll
0x00007fff82f60000 - 0x00007fff82f87000 	C:\WINDOWS\System32\win32u.dll
0x00007fff845b0000 - 0x00007fff845db000 	C:\WINDOWS\System32\GDI32.dll
0x00007fff82a90000 - 0x00007fff82bc8000 	C:\WINDOWS\System32\gdi32full.dll
0x00007fff834e0000 - 0x00007fff83583000 	C:\WINDOWS\System32\msvcp_win.dll
0x00007fff7c5b0000 - 0x00007fff7c5cb000 	C:\Program Files\Java\jdk-21.0.7\bin\VCRUNTIME140.dll
0x00007fff702d0000 - 0x00007fff7056a000 	C:\WINDOWS\WinSxS\amd64_microsoft.windows.common-controls_6595b64144ccf1df_6.0.26100.4768_none_3e0c112ce331287c\COMCTL32.dll
0x00007fff70920000 - 0x00007fff7092b000 	C:\WINDOWS\SYSTEM32\VERSION.dll
0x00007fff83a00000 - 0x00007fff83a2f000 	C:\WINDOWS\System32\IMM32.DLL
0x00007fff5cec0000 - 0x00007fff5cecc000 	C:\Program Files\Java\jdk-21.0.7\bin\vcruntime140_1.dll
0x00007fff14820000 - 0x00007fff148ae000 	C:\Program Files\Java\jdk-21.0.7\bin\msvcp140.dll
0x00007fff12e70000 - 0x00007fff13b8a000 	C:\Program Files\Java\jdk-21.0.7\bin\server\jvm.dll
0x00007fff84cb0000 - 0x00007fff84d24000 	C:\WINDOWS\System32\WS2_32.dll
0x00007fff82830000 - 0x00007fff8288e000 	C:\WINDOWS\SYSTEM32\POWRPROF.dll
0x00007fff696e0000 - 0x00007fff69715000 	C:\WINDOWS\SYSTEM32\WINMM.dll
0x00007fff82810000 - 0x00007fff82824000 	C:\WINDOWS\SYSTEM32\UMPDC.dll
0x00007fff81750000 - 0x00007fff8176b000 	C:\WINDOWS\SYSTEM32\kernel.appcore.dll
0x00007fff5bc80000 - 0x00007fff5bc8a000 	C:\Program Files\Java\jdk-21.0.7\bin\jimage.dll
0x00007fff800b0000 - 0x00007fff802f1000 	C:\WINDOWS\SYSTEM32\DBGHELP.DLL
0x00007fff852b0000 - 0x00007fff85635000 	C:\WINDOWS\System32\combase.dll
0x00007fff84d30000 - 0x00007fff84e10000 	C:\WINDOWS\System32\OLEAUT32.dll
0x00007fff70850000 - 0x00007fff70893000 	C:\WINDOWS\SYSTEM32\dbgcore.DLL
0x00007fff83590000 - 0x00007fff83629000 	C:\WINDOWS\System32\bcryptPrimitives.dll
0x00007fff338c0000 - 0x00007fff338df000 	C:\Program Files\Java\jdk-21.0.7\bin\java.dll
0x00007fff83e40000 - 0x00007fff8458d000 	C:\WINDOWS\System32\SHELL32.dll
0x00007fff82de0000 - 0x00007fff82f53000 	C:\WINDOWS\System32\wintypes.dll
0x00007fff805b0000 - 0x00007fff80e10000 	C:\WINDOWS\SYSTEM32\windows.storage.dll
0x00007fff83c10000 - 0x00007fff83d05000 	C:\WINDOWS\System32\SHCORE.dll
0x00007fff84b60000 - 0x00007fff84bca000 	C:\WINDOWS\System32\shlwapi.dll
0x00007fff828f0000 - 0x00007fff82919000 	C:\WINDOWS\SYSTEM32\profapi.dll
0x00007fff12d90000 - 0x00007fff12e67000 	C:\Program Files\Java\jdk-21.0.7\bin\jsvml.dll
0x00007fff55130000 - 0x00007fff55140000 	C:\Program Files\Java\jdk-21.0.7\bin\net.dll
0x00007fff73190000 - 0x00007fff732ae000 	C:\WINDOWS\SYSTEM32\WINHTTP.dll
0x00007fff81ce0000 - 0x00007fff81d4b000 	C:\WINDOWS\system32\mswsock.dll
0x00007fff33660000 - 0x00007fff33676000 	C:\Program Files\Java\jdk-21.0.7\bin\nio.dll
0x00007fff2ca60000 - 0x00007fff2ca78000 	C:\Program Files\Java\jdk-21.0.7\bin\zip.dll
0x00007fff54dc0000 - 0x00007fff54dca000 	C:\Program Files\Java\jdk-21.0.7\bin\management.dll
0x00007fff51c10000 - 0x00007fff51c1b000 	C:\Program Files\Java\jdk-21.0.7\bin\management_ext.dll
0x00007fff83680000 - 0x00007fff83688000 	C:\WINDOWS\System32\PSAPI.DLL
0x00007fff812e0000 - 0x00007fff81406000 	C:\WINDOWS\SYSTEM32\DNSAPI.dll
0x00007fff811f0000 - 0x00007fff81223000 	C:\WINDOWS\SYSTEM32\IPHLPAPI.DLL
0x00007fff845a0000 - 0x00007fff845aa000 	C:\WINDOWS\System32\NSI.dll
0x00007fff604f0000 - 0x00007fff60502000 	C:\WINDOWS\System32\winrnr.dll
0x00007fff604b0000 - 0x00007fff604e0000 	C:\WINDOWS\system32\nlansp_c.dll
0x00007fff708f0000 - 0x00007fff70910000 	C:\WINDOWS\system32\wshbth.dll
0x00007fff72420000 - 0x00007fff7242b000 	C:\Windows\System32\rasadhlp.dll
0x00007fff75100000 - 0x00007fff75186000 	C:\WINDOWS\System32\fwpuclnt.dll

dbghelp: loaded successfully - version: 4.0.5 - missing functions: none
symbol engine: initialized successfully - sym options: 0x614 - pdb path: .;C:\Program Files\Java\jdk-21.0.7\bin;C:\WINDOWS\SYSTEM32;C:\WINDOWS\WinSxS\amd64_microsoft.windows.common-controls_6595b64144ccf1df_6.0.26100.4768_none_3e0c112ce331287c;C:\Program Files\Java\jdk-21.0.7\bin\server

VM Arguments:
jvm_args: -Dfile.encoding=UTF-8 -Ddb2.jcc.charsetDecoderEncoder=3 
java_command: com.ibm.db2.server.DssLauncher 3000 off c:\Users\Isuru\AppData\Roaming\Code\logs\20250828T091419\window1\exthost\IBM.db2forzosdeveloperextension -Xmx256M
java_class_path (initial): c:\Users\Isuru\.vscode\extensions\ibm.db2forzosdeveloperextension-2.2.3\dist\dss-dist-2.2.3.jar;;c:\Users\Isuru\.vscode\extensions\ibm.db2forzosdeveloperextension-2.2.3\lib\db2jcc4.jar;c:\Users\Isuru\.vscode\extensions\ibm.db2forzosdeveloperextension-2.2.3\lib\sqlj4.zip
Launcher Type: SUN_STANDARD

[Global flags]
     intx CICompilerCount                          = 3                                         {product} {ergonomic}
     uint ConcGCThreads                            = 1                                         {product} {ergonomic}
     uint G1ConcRefinementThreads                  = 4                                         {product} {ergonomic}
   size_t G1HeapRegionSize                         = 1048576                                   {product} {ergonomic}
    uintx GCDrainStackTargetSize                   = 64                                        {product} {ergonomic}
   size_t InitialHeapSize                          = 132120576                                 {product} {ergonomic}
   size_t MarkStackSize                            = 4194304                                   {product} {ergonomic}
   size_t MaxHeapSize                              = 2090860544                                {product} {ergonomic}
   size_t MaxNewSize                               = 1254096896                                {product} {ergonomic}
   size_t MinHeapDeltaBytes                        = 1048576                                   {product} {ergonomic}
   size_t MinHeapSize                              = 8388608                                   {product} {ergonomic}
    uintx NonNMethodCodeHeapSize                   = 5832780                                {pd product} {ergonomic}
    uintx NonProfiledCodeHeapSize                  = 122912730                              {pd product} {ergonomic}
    uintx ProfiledCodeHeapSize                     = 122912730                              {pd product} {ergonomic}
    uintx ReservedCodeCacheSize                    = 251658240                              {pd product} {ergonomic}
     bool SegmentedCodeCache                       = true                                      {product} {ergonomic}
   size_t SoftMaxHeapSize                          = 2090860544                             {manageable} {ergonomic}
     bool UseCompressedOops                        = true                           {product lp64_product} {ergonomic}
     bool UseG1GC                                  = true                                      {product} {ergonomic}
     bool UseLargePagesIndividualAllocation        = false                                  {pd product} {ergonomic}

Logging:
Log output configuration:
 #0: stdout all=warning uptime,level,tags foldmultilines=false
 #1: stderr all=off uptime,level,tags foldmultilines=false

Environment Variables:
JAVA_HOME=C:\Program Files\Java\jdk-21.0.7
PATH=C:\oraclexe\app\oracle\product\11.2.0\server\bin;C:\Program Files\Java\jdk-21.0.7\bin;C:\WINDOWS\system32;C:\WINDOWS;C:\WINDOWS\System32\Wbem;C:\WINDOWS\System32\WindowsPowerShell\v1.0\;C:\WINDOWS\System32\OpenSSH\;C:\xampp\php;C:\Program Files\MiKTeX\miktex\bin\x64\;C:\ProgramData\ComposerSetup\bin;C:\Program Files\nodejs\;C:\Program Files\dotnet\;C:\Program Files (x86)\Windows Kits\10\Windows Performance Toolkit\;C:\Program Files\Git\cmd;C:\Program Files\Docker\Docker\resources\bin;C:\apache-maven-3.6.3\bin;C:\Users\Isuru\AppData\Local\Programs\Microsoft VS Code\bin;C:\Program Files\nginx-1.28.0;C:\Users\Isuru\AppData\Local\Programs\Microsoft VS Code\bin;C:\Users\Isuru\AppData\Local\Microsoft\WindowsApps;;C:\Program Files\JetBrains\IntelliJ IDEA 2025.1.2\bin;;C:\Program Files\JetBrains\IntelliJ IDEA Community Edition 2025.1.4.1\bin;
USERNAME=Isuru
OS=Windows_NT
PROCESSOR_IDENTIFIER=Intel64 Family 6 Model 140 Stepping 1, GenuineIntel
TMP=C:\Users\Isuru\AppData\Local\Temp
TEMP=C:\Users\Isuru\AppData\Local\Temp




Periodic native trim disabled

---------------  S Y S T E M  ---------------

OS:
 Windows 11 , 64 bit Build 26100 (10.0.26100.4768)
OS uptime: 8 days 1:18 hours
Hyper-V role detected

CPU: total 4 (initial active 4) (2 cores per cpu, 2 threads per core) family 6 model 140 stepping 1 microcode 0x8a, cx8, cmov, fxsr, ht, mmx, 3dnowpref, sse, sse2, sse3, ssse3, sse4.1, sse4.2, popcnt, lzcnt, tsc, tscinvbit, avx, avx2, aes, erms, clmul, bmi1, bmi2, adx, avx512f, avx512dq, avx512cd, avx512bw, avx512vl, sha, fma, vzeroupper, avx512_vpopcntdq, avx512_vpclmulqdq, avx512_vaes, avx512_vnni, clflush, clflushopt, clwb, avx512_vbmi2, avx512_vbmi, hv, rdtscp, rdpid, fsrm, gfni, avx512_bitalg, f16c, cet_ibt, cet_ss, avx512_ifma
Processor Information for all 4 processors :
  Max Mhz: 2995, Current Mhz: 2995, Mhz Limit: 2995

Memory: 4k page, system-wide physical 7971M (841M free)
TotalPageFile size 14649M (AvailPageFile size 0M)
current process WorkingSet (physical memory assigned to process): 73M, peak: 73M
current process commit charge ("private bytes"): 213M, peak: 213M

vm_info: Java HotSpot(TM) 64-Bit Server VM (21.0.7+8-LTS-245) for windows-amd64 JRE (21.0.7+8-LTS-245), built on 2025-02-21T05:11:27Z by "mach5one" with MS VC++ 17.6 (VS2022)

END.
